Archive member included because of file (symbol)

c:/users/james/mhv_avr/bin/../lib/gcc/avr/4.8.2/../../../../avr/lib/avr5\libm.a(fixsfsi.o)
                              .build/obj_apgmkv37_windows/common/mousekey.o (__fixsfsi)
c:/users/james/mhv_avr/bin/../lib/gcc/avr/4.8.2/../../../../avr/lib/avr5\libm.a(fixunssfsi.o)
                              c:/users/james/mhv_avr/bin/../lib/gcc/avr/4.8.2/../../../../avr/lib/avr5\libm.a(fixsfsi.o) (__fixunssfsi)
c:/users/james/mhv_avr/bin/../lib/gcc/avr/4.8.2/../../../../avr/lib/avr5\libm.a(floatsisf.o)
                              .build/obj_apgmkv37_windows/common/mousekey.o (__floatsisf)
c:/users/james/mhv_avr/bin/../lib/gcc/avr/4.8.2/../../../../avr/lib/avr5\libm.a(fp_split3.o)
                              c:/users/james/mhv_avr/bin/../lib/gcc/avr/4.8.2/../../../../avr/lib/avr5\libm.a(fixunssfsi.o) (__fp_splitA)
c:/users/james/mhv_avr/bin/../lib/gcc/avr/4.8.2/../../../../avr/lib/avr5\libm.a(fp_zero.o)
                              c:/users/james/mhv_avr/bin/../lib/gcc/avr/4.8.2/../../../../avr/lib/avr5\libm.a(fixunssfsi.o) (__fp_zero)
c:/users/james/mhv_avr/bin/../lib/gcc/avr/4.8.2/../../../../avr/lib/avr5\libm.a(mulsf3.o)
                              .build/obj_apgmkv37_windows/common/mousekey.o (__mulsf3)
c:/users/james/mhv_avr/bin/../lib/gcc/avr/4.8.2/../../../../avr/lib/avr5\libm.a(mulsf3x.o)
                              c:/users/james/mhv_avr/bin/../lib/gcc/avr/4.8.2/../../../../avr/lib/avr5\libm.a(mulsf3.o) (__mulsf3x)
c:/users/james/mhv_avr/bin/../lib/gcc/avr/4.8.2/../../../../avr/lib/avr5\libm.a(fp_inf.o)
                              c:/users/james/mhv_avr/bin/../lib/gcc/avr/4.8.2/../../../../avr/lib/avr5\libm.a(mulsf3x.o) (__fp_inf)
c:/users/james/mhv_avr/bin/../lib/gcc/avr/4.8.2/../../../../avr/lib/avr5\libm.a(fp_nan.o)
                              c:/users/james/mhv_avr/bin/../lib/gcc/avr/4.8.2/../../../../avr/lib/avr5\libm.a(mulsf3x.o) (__fp_nan)
c:/users/james/mhv_avr/bin/../lib/gcc/avr/4.8.2/../../../../avr/lib/avr5\libm.a(fp_pscA.o)
                              c:/users/james/mhv_avr/bin/../lib/gcc/avr/4.8.2/../../../../avr/lib/avr5\libm.a(mulsf3x.o) (__fp_pscA)
c:/users/james/mhv_avr/bin/../lib/gcc/avr/4.8.2/../../../../avr/lib/avr5\libm.a(fp_pscB.o)
                              c:/users/james/mhv_avr/bin/../lib/gcc/avr/4.8.2/../../../../avr/lib/avr5\libm.a(mulsf3x.o) (__fp_pscB)
c:/users/james/mhv_avr/bin/../lib/gcc/avr/4.8.2/../../../../avr/lib/avr5\libm.a(fp_round.o)
                              c:/users/james/mhv_avr/bin/../lib/gcc/avr/4.8.2/../../../../avr/lib/avr5\libm.a(mulsf3.o) (__fp_round)
c:/users/james/mhv_avr/bin/../lib/gcc/avr/4.8.2/avr5\libgcc.a(_divmodhi4.o)
                              .build/obj_apgmkv37_windows/common/mousekey.o (__divmodhi4)
c:/users/james/mhv_avr/bin/../lib/gcc/avr/4.8.2/avr5\libgcc.a(_exit.o)
                              c:/users/james/mhv_avr/bin/../lib/gcc/avr/4.8.2/../../../../avr/lib/avr5/crtm32u4.o (exit)
c:/users/james/mhv_avr/bin/../lib/gcc/avr/4.8.2/avr5\libgcc.a(_tablejump.o)
                              .build/obj_apgmkv37_windows/keyboards/apgmkv37/keymaps/windows/keymap.o (__tablejump2__)
c:/users/james/mhv_avr/bin/../lib/gcc/avr/4.8.2/avr5\libgcc.a(_copy_data.o)
                              .build/obj_apgmkv37_windows/quantum/matrix.o (__do_copy_data)
c:/users/james/mhv_avr/bin/../lib/gcc/avr/4.8.2/avr5\libgcc.a(_clear_bss.o)
                              .build/obj_apgmkv37_windows/quantum/quantum.o (__do_clear_bss)
c:/users/james/mhv_avr/bin/../lib/gcc/avr/4.8.2/avr5\libgcc.a(_udivmodhi4.o)
                              c:/users/james/mhv_avr/bin/../lib/gcc/avr/4.8.2/avr5\libgcc.a(_divmodhi4.o) (__udivmodhi4)
c:/users/james/mhv_avr/bin/../lib/gcc/avr/4.8.2/../../../../avr/lib/avr5\libc.a(eerd_byte_atmega32u4.o)
                              .build/obj_apgmkv37_windows/common/eeconfig.o (__eerd_byte_m32u4)
c:/users/james/mhv_avr/bin/../lib/gcc/avr/4.8.2/../../../../avr/lib/avr5\libc.a(eerd_word_atmega32u4.o)
                              .build/obj_apgmkv37_windows/common/eeconfig.o (__eerd_word_m32u4)
c:/users/james/mhv_avr/bin/../lib/gcc/avr/4.8.2/../../../../avr/lib/avr5\libc.a(eeupd_byte_atmega32u4.o)
                              .build/obj_apgmkv37_windows/common/eeconfig.o (__eeupd_byte_m32u4)
c:/users/james/mhv_avr/bin/../lib/gcc/avr/4.8.2/../../../../avr/lib/avr5\libc.a(eeupd_word_atmega32u4.o)
                              .build/obj_apgmkv37_windows/common/eeconfig.o (__eeupd_word_m32u4)
c:/users/james/mhv_avr/bin/../lib/gcc/avr/4.8.2/../../../../avr/lib/avr5\libc.a(eerd_block_atmega32u4.o)
                              c:/users/james/mhv_avr/bin/../lib/gcc/avr/4.8.2/../../../../avr/lib/avr5\libc.a(eerd_word_atmega32u4.o) (__eerd_blraw_m32u4)

Allocating common symbols
Common symbol       size              file

USB_IsInitialized   0x1               .build/obj_apgmkv37_windows/protocol/lufa/LUFA-git/LUFA/Drivers/USB/Core/USBTask.o
[...]
Memory Configuration

Name             Origin             Length             Attributes
text             0x00000000         0x00020000         xr
data             0x00800060         0x0000ffa0         rw !x
eeprom           0x00810000         0x00010000         rw !x
fuse             0x00820000         0x00000400         rw !x
lock             0x00830000         0x00000400         rw !x
signature        0x00840000         0x00000400         rw !x
*default*        0x00000000         0xffffffff

Linker script and memory map

Address of section .data set to 0x800100
LOAD c:/users/james/mhv_avr/bin/../lib/gcc/avr/4.8.2/../../../../avr/lib/avr5/crtm32u4.o
LOAD .build/obj_apgmkv37_windows/keyboards/apgmkv37/apgmkv37.o
LOAD .build/obj_apgmkv37_windows/keyboards/apgmkv37/keymaps/windows/keymap.o
LOAD .build/obj_apgmkv37_windows/quantum/quantum.o
LOAD .build/obj_apgmkv37_windows/quantum/keymap_common.o
LOAD .build/obj_apgmkv37_windows/quantum/keycode_config.o
LOAD .build/obj_apgmkv37_windows/quantum/process_keycode/process_leader.o
LOAD .build/obj_apgmkv37_windows/quantum/matrix.o
LOAD .build/obj_apgmkv37_windows/quantum/process_keycode/process_unicode.o
LOAD .build/obj_apgmkv37_windows/common/host.o
LOAD .build/obj_apgmkv37_windows/common/keyboard.o
LOAD .build/obj_apgmkv37_windows/common/action.o
LOAD .build/obj_apgmkv37_windows/common/action_tapping.o
LOAD .build/obj_apgmkv37_windows/common/action_macro.o
LOAD .build/obj_apgmkv37_windows/common/action_layer.o
LOAD .build/obj_apgmkv37_windows/common/action_util.o
LOAD .build/obj_apgmkv37_windows/common/print.o
LOAD .build/obj_apgmkv37_windows/common/debug.o
LOAD .build/obj_apgmkv37_windows/common/util.o
LOAD .build/obj_apgmkv37_windows/common/eeconfig.o
LOAD .build/obj_apgmkv37_windows/common/avr/suspend.o
LOAD .build/obj_apgmkv37_windows/common/avr/timer.o
LOAD .build/obj_apgmkv37_windows/common/avr/bootloader.o
LOAD .build/obj_apgmkv37_windows/common/avr/xprintf.o
LOAD .build/obj_apgmkv37_windows/common/bootmagic.o
LOAD .build/obj_apgmkv37_windows/common/mousekey.o
LOAD .build/obj_apgmkv37_windows/lufa.o
LOAD .build/obj_apgmkv37_windows/descriptor.o
LOAD .build/obj_apgmkv37_windows/protocol/lufa/LUFA-git/LUFA/Drivers/USB/Class/Common/HIDParser.o
LOAD .build/obj_apgmkv37_windows/protocol/lufa/LUFA-git/LUFA/Drivers/USB/Core/AVR8/Device_AVR8.o
LOAD .build/obj_apgmkv37_windows/protocol/lufa/LUFA-git/LUFA/Drivers/USB/Core/AVR8/EndpointStream_AVR8.o
LOAD .build/obj_apgmkv37_windows/protocol/lufa/LUFA-git/LUFA/Drivers/USB/Core/AVR8/Endpoint_AVR8.o
LOAD .build/obj_apgmkv37_windows/protocol/lufa/LUFA-git/LUFA/Drivers/USB/Core/AVR8/Host_AVR8.o
LOAD .build/obj_apgmkv37_windows/protocol/lufa/LUFA-git/LUFA/Drivers/USB/Core/AVR8/PipeStream_AVR8.o
LOAD .build/obj_apgmkv37_windows/protocol/lufa/LUFA-git/LUFA/Drivers/USB/Core/AVR8/Pipe_AVR8.o
LOAD .build/obj_apgmkv37_windows/protocol/lufa/LUFA-git/LUFA/Drivers/USB/Core/AVR8/USBController_AVR8.o
LOAD .build/obj_apgmkv37_windows/protocol/lufa/LUFA-git/LUFA/Drivers/USB/Core/AVR8/USBInterrupt_AVR8.o
LOAD .build/obj_apgmkv37_windows/protocol/lufa/LUFA-git/LUFA/Drivers/USB/Core/ConfigDescriptors.o
LOAD .build/obj_apgmkv37_windows/protocol/lufa/LUFA-git/LUFA/Drivers/USB/Core/DeviceStandardReq.o
LOAD .build/obj_apgmkv37_windows/protocol/lufa/LUFA-git/LUFA/Drivers/USB/Core/Events.o
LOAD .build/obj_apgmkv37_windows/protocol/lufa/LUFA-git/LUFA/Drivers/USB/Core/HostStandardReq.o
LOAD .build/obj_apgmkv37_windows/protocol/lufa/LUFA-git/LUFA/Drivers/USB/Core/USBTask.o
LOAD c:/users/james/mhv_avr/bin/../lib/gcc/avr/4.8.2/../../../../avr/lib/avr5\libm.a
START GROUP
LOAD c:/users/james/mhv_avr/bin/../lib/gcc/avr/4.8.2/avr5\libgcc.a
LOAD c:/users/james/mhv_avr/bin/../lib/gcc/avr/4.8.2/../../../../avr/lib/avr5\libm.a
LOAD c:/users/james/mhv_avr/bin/../lib/gcc/avr/4.8.2/../../../../avr/lib/avr5\libc.a
END GROUP

.hash
 *(.hash)

.dynsym
 *(.dynsym)

.dynstr
 *(.dynstr)

.gnu.version
 *(.gnu.version)

.gnu.version_d
 *(.gnu.version_d)

.gnu.version_r
 *(.gnu.version_r)

.rel.init
 *(.rel.init)

.rela.init
 *(.rela.init)

.rel.text
 *(.rel.text)
 *(.rel.text.*)
 *(.rel.gnu.linkonce.t*)

.rela.text
 *(.rela.text)
 *(.rela.text.*)
 *(.rela.gnu.linkonce.t*)

.rel.fini
 *(.rel.fini)

.rela.fini
 *(.rela.fini)

.rel.rodata
 *(.rel.rodata)
 *(.rel.rodata.*)
 *(.rel.gnu.linkonce.r*)

.rela.rodata
 *(.rela.rodata)
 *(.rela.rodata.*)
 *(.rela.gnu.linkonce.r*)

.rel.data
 *(.rel.data)
 *(.rel.data.*)
 *(.rel.gnu.linkonce.d*)

.rela.data
 *(.rela.data)
 *(.rela.data.*)
 *(.rela.gnu.linkonce.d*)

.rel.ctors
 *(.rel.ctors)

.rela.ctors
 *(.rela.ctors)

.rel.dtors
 *(.rel.dtors)

.rela.dtors
 *(.rela.dtors)

.rel.got
 *(.rel.got)

.rela.got
 *(.rela.got)

.rel.bss
 *(.rel.bss)

.rela.bss
 *(.rela.bss)

.rel.plt
 *(.rel.plt)

.rela.plt
 *(.rela.plt)

.text           0x00000000     0x5462
 *(.vectors)
 .vectors       0x00000000       0xac c:/users/james/mhv_avr/bin/../lib/gcc/avr/4.8.2/../../../../avr/lib/avr5/crtm32u4.o
                0x00000000                __vector_default
                0x00000000                __vectors
 *(.vectors)
 *(.progmem.gcc*)
 .progmem.gcc_sw_table.action_get_macro
                0x000000ac       0xa2 .build/obj_apgmkv37_windows/keyboards/apgmkv37/keymaps/windows/keymap.o
 .progmem.gcc_sw_table.process_record_quantum
                0x0000014e       0x24 .build/obj_apgmkv37_windows/quantum/quantum.o
 .progmem.gcc_sw_table.process_action
                0x00000172       0x4a .build/obj_apgmkv37_windows/common/action.o
 .progmem.gcc_sw_table.is_tap_key
                0x000001bc       0x1c .build/obj_apgmkv37_windows/common/action.o
 .progmem.gcc_sw_table.USB_Device_ProcessControlRequest
                0x000001d8       0x14 .build/obj_apgmkv37_windows/protocol/lufa/LUFA-git/LUFA/Drivers/USB/Core/DeviceStandardReq.o
                0x000001ec                . = ALIGN (0x2)
                0x000001ec                __trampolines_start = .
 *(.trampolines)
 .trampolines   0x000001ec        0x0 linker stubs
 *(.trampolines*)
                0x000001ec                __trampolines_end = .
 *(.progmem*)
 .progmem.data.__m.5343
                0x000001ec        0xd .build/obj_apgmkv37_windows/keyboards/apgmkv37/keymaps/windows/keymap.o
 .progmem.data.__m.5340
                0x000001f9       0x19 .build/obj_apgmkv37_windows/keyboards/apgmkv37/keymaps/windows/keymap.o
 .progmem.data.__m.5337
                0x00000212       0x15 .build/obj_apgmkv37_windows/keyboards/apgmkv37/keymaps/windows/keymap.o
 .progmem.data.__m.5334
                0x00000227       0x15 .build/obj_apgmkv37_windows/keyboards/apgmkv37/keymaps/windows/keymap.o
 .progmem.data.__m.5331
                0x0000023c       0x15 .build/obj_apgmkv37_windows/keyboards/apgmkv37/keymaps/windows/keymap.o
 .progmem.data.__m.5328
                0x00000251       0x11 .build/obj_apgmkv37_windows/keyboards/apgmkv37/keymaps/windows/keymap.o
 .progmem.data.__m.5325
                0x00000262        0xd .build/obj_apgmkv37_windows/keyboards/apgmkv37/keymaps/windows/keymap.o
 .progmem.data.__m.5322
                0x0000026f        0xd .build/obj_apgmkv37_windows/keyboards/apgmkv37/keymaps/windows/keymap.o
 .progmem.data.__m.5319
                0x0000027c       0x11 .build/obj_apgmkv37_windows/keyboards/apgmkv37/keymaps/windows/keymap.o
 .progmem.data.__m.5316
                0x0000028d       0x19 .build/obj_apgmkv37_windows/keyboards/apgmkv37/keymaps/windows/keymap.o
 .progmem.data.__m.5313
                0x000002a6        0xd .build/obj_apgmkv37_windows/keyboards/apgmkv37/keymaps/windows/keymap.o
 .progmem.data.__m.5310
                0x000002b3       0x1d .build/obj_apgmkv37_windows/keyboards/apgmkv37/keymaps/windows/keymap.o
 .progmem.data.__m.5307
                0x000002d0       0x21 .build/obj_apgmkv37_windows/keyboards/apgmkv37/keymaps/windows/keymap.o
 .progmem.data.__m.5304
                0x000002f1       0x11 .build/obj_apgmkv37_windows/keyboards/apgmkv37/keymaps/windows/keymap.o
 .progmem.data.__m.5301
                0x00000302       0x15 .build/obj_apgmkv37_windows/keyboards/apgmkv37/keymaps/windows/keymap.o
 .progmem.data.__m.5298
                0x00000317       0x25 .build/obj_apgmkv37_windows/keyboards/apgmkv37/keymaps/windows/keymap.o
 .progmem.data.__m.5295
                0x0000033c       0x41 .build/obj_apgmkv37_windows/keyboards/apgmkv37/keymaps/windows/keymap.o
 .progmem.data.__m.5292
                0x0000037d       0x21 .build/obj_apgmkv37_windows/keyboards/apgmkv37/keymaps/windows/keymap.o
 .progmem.data.__m.5289
                0x0000039e       0x25 .build/obj_apgmkv37_windows/keyboards/apgmkv37/keymaps/windows/keymap.o
 .progmem.data.__m.5286
                0x000003c3       0x25 .build/obj_apgmkv37_windows/keyboards/apgmkv37/keymaps/windows/keymap.o
 .progmem.data.__m.5283
                0x000003e8       0x25 .build/obj_apgmkv37_windows/keyboards/apgmkv37/keymaps/windows/keymap.o
 .progmem.data.__m.5280
                0x0000040d       0x21 .build/obj_apgmkv37_windows/keyboards/apgmkv37/keymaps/windows/keymap.o
 .progmem.data.__m.5277
                0x0000042e       0x21 .build/obj_apgmkv37_windows/keyboards/apgmkv37/keymaps/windows/keymap.o
 .progmem.data.__m.5274
                0x0000044f       0x21 .build/obj_apgmkv37_windows/keyboards/apgmkv37/keymaps/windows/keymap.o
 .progmem.data.__m.5271
                0x00000470       0x25 .build/obj_apgmkv37_windows/keyboards/apgmkv37/keymaps/windows/keymap.o
 .progmem.data.__m.5268
                0x00000495       0x21 .build/obj_apgmkv37_windows/keyboards/apgmkv37/keymaps/windows/keymap.o
 .progmem.data.__m.5265
                0x000004b6       0x25 .build/obj_apgmkv37_windows/keyboards/apgmkv37/keymaps/windows/keymap.o
 .progmem.data.__m.5262
                0x000004db       0x21 .build/obj_apgmkv37_windows/keyboards/apgmkv37/keymaps/windows/keymap.o
 .progmem.data.__m.5259
                0x000004fc        0xd .build/obj_apgmkv37_windows/keyboards/apgmkv37/keymaps/windows/keymap.o
 .progmem.data.__m.5256
                0x00000509        0xd .build/obj_apgmkv37_windows/keyboards/apgmkv37/keymaps/windows/keymap.o
 .progmem.data.__m.5253
                0x00000516        0x9 .build/obj_apgmkv37_windows/keyboards/apgmkv37/keymaps/windows/keymap.o
 .progmem.data.__m.5250
                0x0000051f       0x21 .build/obj_apgmkv37_windows/keyboards/apgmkv37/keymaps/windows/keymap.o
 .progmem.data.__m.5247
                0x00000540       0x21 .build/obj_apgmkv37_windows/keyboards/apgmkv37/keymaps/windows/keymap.o
 .progmem.data.__m.5244
                0x00000561       0x29 .build/obj_apgmkv37_windows/keyboards/apgmkv37/keymaps/windows/keymap.o
 .progmem.data.__m.5241
                0x0000058a       0x15 .build/obj_apgmkv37_windows/keyboards/apgmkv37/keymaps/windows/keymap.o
 .progmem.data.__m.5238
                0x0000059f       0x11 .build/obj_apgmkv37_windows/keyboards/apgmkv37/keymaps/windows/keymap.o
 .progmem.data.__m.5235
                0x000005b0       0x11 .build/obj_apgmkv37_windows/keyboards/apgmkv37/keymaps/windows/keymap.o
 .progmem.data.__m.5232
                0x000005c1       0x19 .build/obj_apgmkv37_windows/keyboards/apgmkv37/keymaps/windows/keymap.o
 .progmem.data.__m.5229
                0x000005da       0x19 .build/obj_apgmkv37_windows/keyboards/apgmkv37/keymaps/windows/keymap.o
 .progmem.data.__m.5226
                0x000005f3       0x19 .build/obj_apgmkv37_windows/keyboards/apgmkv37/keymaps/windows/keymap.o
 .progmem.data.__m.5223
                0x0000060c        0xd .build/obj_apgmkv37_windows/keyboards/apgmkv37/keymaps/windows/keymap.o
 .progmem.data.__m.5220
                0x00000619       0x15 .build/obj_apgmkv37_windows/keyboards/apgmkv37/keymaps/windows/keymap.o
 .progmem.data.__m.5217
                0x0000062e        0x9 .build/obj_apgmkv37_windows/keyboards/apgmkv37/keymaps/windows/keymap.o
 .progmem.data.__m.5214
                0x00000637        0x9 .build/obj_apgmkv37_windows/keyboards/apgmkv37/keymaps/windows/keymap.o
 .progmem.data.__m.5211
                0x00000640        0x1 .build/obj_apgmkv37_windows/keyboards/apgmkv37/keymaps/windows/keymap.o
 .progmem.data.__m.5208
                0x00000641       0x11 .build/obj_apgmkv37_windows/keyboards/apgmkv37/keymaps/windows/keymap.o
 .progmem.data.__m.5205
                0x00000652       0x11 .build/obj_apgmkv37_windows/keyboards/apgmkv37/keymaps/windows/keymap.o
 .progmem.data.__m.5202
                0x00000663       0x11 .build/obj_apgmkv37_windows/keyboards/apgmkv37/keymaps/windows/keymap.o
 .progmem.data.__m.5199
                0x00000674       0x11 .build/obj_apgmkv37_windows/keyboards/apgmkv37/keymaps/windows/keymap.o
 .progmem.data.__m.5196
                0x00000685        0x9 .build/obj_apgmkv37_windows/keyboards/apgmkv37/keymaps/windows/keymap.o
 .progmem.data.__m.5193
                0x0000068e       0x19 .build/obj_apgmkv37_windows/keyboards/apgmkv37/keymaps/windows/keymap.o
 .progmem.data.__m.5190
                0x000006a7       0x19 .build/obj_apgmkv37_windows/keyboards/apgmkv37/keymaps/windows/keymap.o
 .progmem.data.__m.5187
                0x000006c0       0x15 .build/obj_apgmkv37_windows/keyboards/apgmkv37/keymaps/windows/keymap.o
 .progmem.data.__m.5184
                0x000006d5       0x15 .build/obj_apgmkv37_windows/keyboards/apgmkv37/keymaps/windows/keymap.o
 .progmem.data.__m.5181
                0x000006ea       0x21 .build/obj_apgmkv37_windows/keyboards/apgmkv37/keymaps/windows/keymap.o
 .progmem.data.__m.5178
                0x0000070b       0x21 .build/obj_apgmkv37_windows/keyboards/apgmkv37/keymaps/windows/keymap.o
 .progmem.data.__m.5175
                0x0000072c       0x21 .build/obj_apgmkv37_windows/keyboards/apgmkv37/keymaps/windows/keymap.o
 .progmem.data.__m.5172
                0x0000074d       0x15 .build/obj_apgmkv37_windows/keyboards/apgmkv37/keymaps/windows/keymap.o
 .progmem.data.__m.5169
                0x00000762       0x15 .build/obj_apgmkv37_windows/keyboards/apgmkv37/keymaps/windows/keymap.o
 .progmem.data.__m.5166
                0x00000777       0x15 .build/obj_apgmkv37_windows/keyboards/apgmkv37/keymaps/windows/keymap.o
 .progmem.data.__m.5163
                0x0000078c       0x19 .build/obj_apgmkv37_windows/keyboards/apgmkv37/keymaps/windows/keymap.o
 .progmem.data.__m.5160
                0x000007a5       0x15 .build/obj_apgmkv37_windows/keyboards/apgmkv37/keymaps/windows/keymap.o
 .progmem.data.__m.5157
                0x000007ba       0x19 .build/obj_apgmkv37_windows/keyboards/apgmkv37/keymaps/windows/keymap.o
 .progmem.data.__m.5154
                0x000007d3       0x1d .build/obj_apgmkv37_windows/keyboards/apgmkv37/keymaps/windows/keymap.o
 .progmem.data.__m.5151
                0x000007f0        0xd .build/obj_apgmkv37_windows/keyboards/apgmkv37/keymaps/windows/keymap.o
 .progmem.data.__m.5148
                0x000007fd        0xd .build/obj_apgmkv37_windows/keyboards/apgmkv37/keymaps/windows/keymap.o
 .progmem.data.__m.5145
                0x0000080a       0x15 .build/obj_apgmkv37_windows/keyboards/apgmkv37/keymaps/windows/keymap.o
 .progmem.data.__m.5142
                0x0000081f       0x11 .build/obj_apgmkv37_windows/keyboards/apgmkv37/keymaps/windows/keymap.o
 .progmem.data.__m.5139
                0x00000830       0x11 .build/obj_apgmkv37_windows/keyboards/apgmkv37/keymaps/windows/keymap.o
 .progmem.data.__m.5136
                0x00000841       0x15 .build/obj_apgmkv37_windows/keyboards/apgmkv37/keymaps/windows/keymap.o
 .progmem.data.__m.5133
                0x00000856        0xd .build/obj_apgmkv37_windows/keyboards/apgmkv37/keymaps/windows/keymap.o
 .progmem.data.__m.5130
                0x00000863        0xd .build/obj_apgmkv37_windows/keyboards/apgmkv37/keymaps/windows/keymap.o
 .progmem.data.__m.5127
                0x00000870       0x19 .build/obj_apgmkv37_windows/keyboards/apgmkv37/keymaps/windows/keymap.o
 .progmem.data.__m.5124
                0x00000889       0x19 .build/obj_apgmkv37_windows/keyboards/apgmkv37/keymaps/windows/keymap.o
 .progmem.data.__m.5121
                0x000008a2        0xd .build/obj_apgmkv37_windows/keyboards/apgmkv37/keymaps/windows/keymap.o
 .progmem.data.__m.5118
                0x000008af        0x9 .build/obj_apgmkv37_windows/keyboards/apgmkv37/keymaps/windows/keymap.o
 .progmem.data.__m.5114
                0x000008b8        0x9 .build/obj_apgmkv37_windows/keyboards/apgmkv37/keymaps/windows/keymap.o
 .progmem.data.keymaps
                0x000008c1      0x700 .build/obj_apgmkv37_windows/keyboards/apgmkv37/keymaps/windows/keymap.o
                0x000008c1                keymaps
 .progmem.data.fn_actions
                0x00000fc1        0x0 .build/obj_apgmkv37_windows/quantum/keymap_common.o
                0x00000fc1                fn_actions
 .progmem.data.ProductString
                0x00000fc1       0x14 .build/obj_apgmkv37_windows/descriptor.o
                0x00000fc1                ProductString
 .progmem.data.ManufacturerString
                0x00000fd5       0x18 .build/obj_apgmkv37_windows/descriptor.o
                0x00000fd5                ManufacturerString
 .progmem.data.LanguageString
                0x00000fed        0x4 .build/obj_apgmkv37_windows/descriptor.o
                0x00000fed                LanguageString
 .progmem.data.ConfigurationDescriptor
                0x00000ff1       0x6d .build/obj_apgmkv37_windows/descriptor.o
                0x00000ff1                ConfigurationDescriptor
 .progmem.data.DeviceDescriptor
                0x0000105e       0x12 .build/obj_apgmkv37_windows/descriptor.o
                0x0000105e                DeviceDescriptor
 .progmem.data.NKROReport
                0x00001070       0x39 .build/obj_apgmkv37_windows/descriptor.o
                0x00001070                NKROReport
 .progmem.data.ExtrakeyReport
                0x000010a9       0x36 .build/obj_apgmkv37_windows/descriptor.o
                0x000010a9                ExtrakeyReport
 .progmem.data.MouseReport
                0x000010df       0x4d .build/obj_apgmkv37_windows/descriptor.o
                0x000010df                MouseReport
 .progmem.data.KeyboardReport
                0x0000112c       0x40 .build/obj_apgmkv37_windows/descriptor.o
                0x0000112c                KeyboardReport
                0x0000116c                . = ALIGN (0x2)
 *(.jumptables)
 *(.jumptables*)
 *(.lowtext)
 *(.lowtext*)
                0x0000116c                __ctors_start = .
 *(.ctors)
                0x0000116c                __ctors_end = .
                0x0000116c                __dtors_start = .
 *(.dtors)
                0x0000116c                __dtors_end = .
 SORT(*)(.ctors)
 SORT(*)(.dtors)
 *(.init0)
 .init0         0x0000116c        0x0 c:/users/james/mhv_avr/bin/../lib/gcc/avr/4.8.2/../../../../avr/lib/avr5/crtm32u4.o
                0x0000116c                __init
 *(.init0)
 *(.init1)
 *(.init1)
 *(.init2)
 .init2         0x0000116c        0xc c:/users/james/mhv_avr/bin/../lib/gcc/avr/4.8.2/../../../../avr/lib/avr5/crtm32u4.o
 *(.init2)
 *(.init3)
 .init3         0x00001178       0x4e .build/obj_apgmkv37_windows/common/avr/bootloader.o
                0x00001178                bootloader_jump_after_watchdog_reset
 *(.init3)
 *(.init4)
 .init4         0x000011c6       0x16 c:/users/james/mhv_avr/bin/../lib/gcc/avr/4.8.2/avr5\libgcc.a(_copy_data.o)
                0x000011c6                __do_copy_data
 .init4         0x000011dc       0x10 c:/users/james/mhv_avr/bin/../lib/gcc/avr/4.8.2/avr5\libgcc.a(_clear_bss.o)
                0x000011dc                __do_clear_bss
 *(.init4)
 *(.init5)
 *(.init5)
 *(.init6)
 *(.init6)
 *(.init7)
 *(.init7)
 *(.init8)
 *(.init8)
 *(.init9)
 .init9         0x000011ec        0x8 c:/users/james/mhv_avr/bin/../lib/gcc/avr/4.8.2/../../../../avr/lib/avr5/crtm32u4.o
 *(.init9)
 *(.text)
 .text          0x000011f4        0x4 c:/users/james/mhv_avr/bin/../lib/gcc/avr/4.8.2/../../../../avr/lib/avr5/crtm32u4.o
                0x000011f4                __vector_38
                0x000011f4                __vector_22
                0x000011f4                __vector_28
                0x000011f4                __vector_1
                0x000011f4                __vector_32
                0x000011f4                __vector_34
                0x000011f4                __vector_24
                0x000011f4                __bad_interrupt
                0x000011f4                __vector_6
                0x000011f4                __vector_31
                0x000011f4                __vector_35
                0x000011f4                __vector_39
                0x000011f4                __vector_3
                0x000011f4                __vector_23
                0x000011f4                __vector_30
                0x000011f4                __vector_25
                0x000011f4                __vector_13
                0x000011f4                __vector_17
                0x000011f4                __vector_19
                0x000011f4                __vector_7
                0x000011f4                __vector_41
                0x000011f4                __vector_27
                0x000011f4                __vector_5
                0x000011f4                __vector_33
                0x000011f4                __vector_37
                0x000011f4                __vector_4
                0x000011f4                __vector_9
                0x000011f4                __vector_2
                0x000011f4                __vector_15
                0x000011f4                __vector_36
                0x000011f4                __vector_29
                0x000011f4                __vector_40
                0x000011f4                __vector_8
                0x000011f4                __vector_26
                0x000011f4                __vector_14
                0x000011f4                __vector_16
                0x000011f4                __vector_18
                0x000011f4                __vector_20
                0x000011f4                __vector_42
                0x000011f8                . = ALIGN (0x2)
 *(.text.*)
 .text.action_get_macro
                0x000011f8      0x4ec .build/obj_apgmkv37_windows/keyboards/apgmkv37/keymaps/windows/keymap.o
                0x000011f8                action_get_macro
 .text.matrix_init_user
                0x000016e4        0x2 .build/obj_apgmkv37_windows/keyboards/apgmkv37/keymaps/windows/keymap.o
                0x000016e4                matrix_init_user
 .text.matrix_scan_user
                0x000016e6        0x2 .build/obj_apgmkv37_windows/keyboards/apgmkv37/keymaps/windows/keymap.o
                0x000016e6                matrix_scan_user
 .text.process_record_user
                0x000016e8        0x4 .build/obj_apgmkv37_windows/keyboards/apgmkv37/keymaps/windows/keymap.o
                0x000016e8                process_record_user
 .text.led_set_user
                0x000016ec        0x2 .build/obj_apgmkv37_windows/keyboards/apgmkv37/keymaps/windows/keymap.o
                0x000016ec                led_set_user
 .text.process_action_kb
                0x000016ee        0x4 .build/obj_apgmkv37_windows/quantum/quantum.o
                0x000016ee                process_action_kb
 .text.process_record_kb
                0x000016f2        0x4 .build/obj_apgmkv37_windows/quantum/quantum.o
                0x000016f2                process_record_kb
 .text.reset_keyboard
                0x000016f6       0x1a .build/obj_apgmkv37_windows/quantum/quantum.o
                0x000016f6                reset_keyboard
 .text.process_record_quantum
                0x00001710      0x270 .build/obj_apgmkv37_windows/quantum/quantum.o
                0x00001710                process_record_quantum
 .text.matrix_init_quantum
                0x00001980        0x4 .build/obj_apgmkv37_windows/quantum/quantum.o
                0x00001980                matrix_init_quantum
 .text.matrix_scan_quantum
                0x00001984        0x4 .build/obj_apgmkv37_windows/quantum/quantum.o
                0x00001984                matrix_scan_quantum
 .text.led_set_kb
                0x00001988        0x4 .build/obj_apgmkv37_windows/quantum/quantum.o
                0x00001988                led_set_kb
 .text.led_set  0x0000198c        0x4 .build/obj_apgmkv37_windows/quantum/quantum.o
                0x0000198c                led_set
 .text.action_function
                0x00001990        0x2 .build/obj_apgmkv37_windows/quantum/keymap_common.o
                0x00001990                action_function
 .text.keymap_key_to_keycode
                0x00001992       0x2a .build/obj_apgmkv37_windows/quantum/keymap_common.o
                0x00001992                keymap_key_to_keycode
 .text.keymap_function_id_to_action
                0x000019bc       0x10 .build/obj_apgmkv37_windows/quantum/keymap_common.o
                0x000019bc                keymap_function_id_to_action
 .text.action_for_key
                0x000019cc      0x2ec .build/obj_apgmkv37_windows/quantum/keymap_common.o
                0x000019cc                action_for_key
 .text.keycode_config
                0x00001cb8       0xf8 .build/obj_apgmkv37_windows/quantum/keycode_config.o
                0x00001cb8                keycode_config
 .text.leader_start
                0x00001db0        0x2 .build/obj_apgmkv37_windows/quantum/process_keycode/process_leader.o
                0x00001db0                leader_start
 .text.process_leader
                0x00001db2       0x98 .build/obj_apgmkv37_windows/quantum/process_keycode/process_leader.o
                0x00001db2                process_leader
 .text.matrix_init_kb
                0x00001e4a        0x4 .build/obj_apgmkv37_windows/quantum/matrix.o
                0x00001e4a                matrix_init_kb
 .text.matrix_scan_kb
                0x00001e4e        0x4 .build/obj_apgmkv37_windows/quantum/matrix.o
                0x00001e4e                matrix_scan_kb
 .text.matrix_init
                0x00001e52       0xa6 .build/obj_apgmkv37_windows/quantum/matrix.o
                0x00001e52                matrix_init
 .text.matrix_scan
                0x00001ef8      0x13a .build/obj_apgmkv37_windows/quantum/matrix.o
                0x00001ef8                matrix_scan
 .text.matrix_get_row
                0x00002032        0xc .build/obj_apgmkv37_windows/quantum/matrix.o
                0x00002032                matrix_get_row
 .text.matrix_print
                0x0000203e        0x2 .build/obj_apgmkv37_windows/quantum/matrix.o
                0x0000203e                matrix_print
 .text.hex_to_keycode
                0x00002040       0x1a .build/obj_apgmkv37_windows/quantum/process_keycode/process_unicode.o
                0x00002040                hex_to_keycode
 .text.unicode_input_start
                0x0000205a       0xec .build/obj_apgmkv37_windows/quantum/process_keycode/process_unicode.o
                0x0000205a                unicode_input_start
 .text.unicode_input_finish
                0x00002146       0x90 .build/obj_apgmkv37_windows/quantum/process_keycode/process_unicode.o
                0x00002146                unicode_input_finish
 .text.register_hex
                0x000021d6       0x4e .build/obj_apgmkv37_windows/quantum/process_keycode/process_unicode.o
                0x000021d6                register_hex
 .text.process_unicode
                0x00002224       0x2e .build/obj_apgmkv37_windows/quantum/process_keycode/process_unicode.o
                0x00002224                process_unicode
 .text.host_set_driver
                0x00002252        0xa .build/obj_apgmkv37_windows/common/host.o
                0x00002252                host_set_driver
 .text.host_keyboard_leds
                0x0000225c       0x18 .build/obj_apgmkv37_windows/common/host.o
                0x0000225c                host_keyboard_leds
 .text.host_keyboard_send
                0x00002274       0x16 .build/obj_apgmkv37_windows/common/host.o
                0x00002274                host_keyboard_send
 .text.host_mouse_send
                0x0000228a       0x16 .build/obj_apgmkv37_windows/common/host.o
                0x0000228a                host_mouse_send
 .text.host_system_send
                0x000022a0       0x2c .build/obj_apgmkv37_windows/common/host.o
                0x000022a0                host_system_send
 .text.host_consumer_send
                0x000022cc       0x2c .build/obj_apgmkv37_windows/common/host.o
                0x000022cc                host_consumer_send
 .text.matrix_setup
                0x000022f8        0x2 .build/obj_apgmkv37_windows/common/keyboard.o
                0x000022f8                matrix_setup
 .text.keyboard_setup
                0x000022fa        0x4 .build/obj_apgmkv37_windows/common/keyboard.o
                0x000022fa                keyboard_setup
 .text.keyboard_init
                0x000022fe        0xc .build/obj_apgmkv37_windows/common/keyboard.o
                0x000022fe                keyboard_init
 .text.keyboard_task
                0x0000230a      0x146 .build/obj_apgmkv37_windows/common/keyboard.o
                0x0000230a                keyboard_task
 .text.action_exec
                0x00002450       0x5c .build/obj_apgmkv37_windows/common/action.o
                0x00002450                action_exec
 .text.register_code
                0x000024ac      0x190 .build/obj_apgmkv37_windows/common/action.o
                0x000024ac                register_code
 .text.unregister_code
                0x0000263c       0x9e .build/obj_apgmkv37_windows/common/action.o
                0x0000263c                unregister_code
 .text.register_mods
                0x000026da        0xe .build/obj_apgmkv37_windows/common/action.o
                0x000026da                register_mods
 .text.unregister_mods
                0x000026e8        0xe .build/obj_apgmkv37_windows/common/action.o
                0x000026e8                unregister_mods
 .text.process_action
                0x000026f6      0x450 .build/obj_apgmkv37_windows/common/action.o
                0x000026f6                process_action
 .text.process_record
                0x00002b46       0x58 .build/obj_apgmkv37_windows/common/action.o
                0x00002b46                process_record
 .text.clear_keyboard_but_mods
                0x00002b9e       0x28 .build/obj_apgmkv37_windows/common/action.o
                0x00002b9e                clear_keyboard_but_mods
 .text.clear_keyboard
                0x00002bc6        0x8 .build/obj_apgmkv37_windows/common/action.o
                0x00002bc6                clear_keyboard
 .text.is_tap_key
                0x00002bce       0x46 .build/obj_apgmkv37_windows/common/action.o
                0x00002bce                is_tap_key
 .text.debug_event
                0x00002c14       0x1e .build/obj_apgmkv37_windows/common/action.o
                0x00002c14                debug_event
 .text.debug_record
                0x00002c32       0x20 .build/obj_apgmkv37_windows/common/action.o
                0x00002c32                debug_record
 .text.debug_waiting_buffer
                0x00002c52       0x42 .build/obj_apgmkv37_windows/common/action_tapping.o
 .text.debug_tapping_key
                0x00002c94       0x1c .build/obj_apgmkv37_windows/common/action_tapping.o
 .text.waiting_buffer_scan_tap
                0x00002cb0       0xd0 .build/obj_apgmkv37_windows/common/action_tapping.o
 .text.process_tapping
                0x00002d80      0x3da .build/obj_apgmkv37_windows/common/action_tapping.o
 .text.action_tapping_process
                0x0000315a      0x15a .build/obj_apgmkv37_windows/common/action_tapping.o
                0x0000315a                action_tapping_process
 .text.action_macro_play
                0x000032b4      0x100 .build/obj_apgmkv37_windows/common/action_macro.o
                0x000032b4                action_macro_play
 .text.default_layer_debug
                0x000033b4        0x2 .build/obj_apgmkv37_windows/common/action_layer.o
                0x000033b4                default_layer_debug
 .text.default_layer_set
                0x000033b6       0x14 .build/obj_apgmkv37_windows/common/action_layer.o
                0x000033b6                default_layer_set
 .text.default_layer_or
                0x000033ca       0x34 .build/obj_apgmkv37_windows/common/action_layer.o
                0x000033ca                default_layer_or
 .text.default_layer_and
                0x000033fe       0x34 .build/obj_apgmkv37_windows/common/action_layer.o
                0x000033fe                default_layer_and
 .text.default_layer_xor
                0x00003432       0x34 .build/obj_apgmkv37_windows/common/action_layer.o
                0x00003432                default_layer_xor
 .text.layer_clear
                0x00003466       0x14 .build/obj_apgmkv37_windows/common/action_layer.o
                0x00003466                layer_clear
 .text.layer_move
                0x0000347a       0x2a .build/obj_apgmkv37_windows/common/action_layer.o
                0x0000347a                layer_move
 .text.layer_on
                0x000034a4       0x42 .build/obj_apgmkv37_windows/common/action_layer.o
                0x000034a4                layer_on
 .text.layer_off
                0x000034e6       0x4a .build/obj_apgmkv37_windows/common/action_layer.o
                0x000034e6                layer_off
 .text.layer_invert
                0x00003530       0x42 .build/obj_apgmkv37_windows/common/action_layer.o
                0x00003530                layer_invert
 .text.layer_or
                0x00003572       0x34 .build/obj_apgmkv37_windows/common/action_layer.o
                0x00003572                layer_or
 .text.layer_and
                0x000035a6       0x34 .build/obj_apgmkv37_windows/common/action_layer.o
                0x000035a6                layer_and
 .text.layer_xor
                0x000035da       0x34 .build/obj_apgmkv37_windows/common/action_layer.o
                0x000035da                layer_xor
 .text.layer_debug
                0x0000360e        0x2 .build/obj_apgmkv37_windows/common/action_layer.o
                0x0000360e                layer_debug
 .text.update_source_layers_cache
                0x00003610       0x5c .build/obj_apgmkv37_windows/common/action_layer.o
                0x00003610                update_source_layers_cache
 .text.read_source_layers_cache
                0x0000366c       0x58 .build/obj_apgmkv37_windows/common/action_layer.o
                0x0000366c                read_source_layers_cache
 .text.layer_switch_get_layer
                0x000036c4       0x80 .build/obj_apgmkv37_windows/common/action_layer.o
                0x000036c4                layer_switch_get_layer
 .text.layer_switch_get_action
                0x00003744       0x16 .build/obj_apgmkv37_windows/common/action_layer.o
                0x00003744                layer_switch_get_action
 .text.store_or_get_action
                0x0000375a       0x46 .build/obj_apgmkv37_windows/common/action_layer.o
                0x0000375a                store_or_get_action
 .text.get_oneshot_layer
                0x000037a0        0xc .build/obj_apgmkv37_windows/common/action_util.o
                0x000037a0                get_oneshot_layer
 .text.get_oneshot_layer_state
                0x000037ac        0x8 .build/obj_apgmkv37_windows/common/action_util.o
                0x000037ac                get_oneshot_layer_state
 .text.set_oneshot_layer
                0x000037b4       0x12 .build/obj_apgmkv37_windows/common/action_util.o
                0x000037b4                set_oneshot_layer
 .text.clear_oneshot_layer_state
                0x000037c6       0x2e .build/obj_apgmkv37_windows/common/action_util.o
                0x000037c6                clear_oneshot_layer_state
 .text.is_oneshot_layer_active
                0x000037f4        0xe .build/obj_apgmkv37_windows/common/action_util.o
                0x000037f4                is_oneshot_layer_active
 .text.add_key  0x00003802       0x80 .build/obj_apgmkv37_windows/common/action_util.o
                0x00003802                add_key
 .text.del_key  0x00003882       0x66 .build/obj_apgmkv37_windows/common/action_util.o
                0x00003882                del_key
 .text.clear_keys
                0x000038e8       0x1c .build/obj_apgmkv37_windows/common/action_util.o
                0x000038e8                clear_keys
 .text.add_mods
                0x00003904        0xc .build/obj_apgmkv37_windows/common/action_util.o
                0x00003904                add_mods
 .text.del_mods
                0x00003910        0xe .build/obj_apgmkv37_windows/common/action_util.o
                0x00003910                del_mods
 .text.clear_mods
                0x0000391e        0x6 .build/obj_apgmkv37_windows/common/action_util.o
                0x0000391e                clear_mods
 .text.add_weak_mods
                0x00003924        0xc .build/obj_apgmkv37_windows/common/action_util.o
                0x00003924                add_weak_mods
 .text.del_weak_mods
                0x00003930        0xe .build/obj_apgmkv37_windows/common/action_util.o
                0x00003930                del_weak_mods
 .text.clear_weak_mods
                0x0000393e        0x6 .build/obj_apgmkv37_windows/common/action_util.o
                0x0000393e                clear_weak_mods
 .text.add_macro_mods
                0x00003944        0xc .build/obj_apgmkv37_windows/common/action_util.o
                0x00003944                add_macro_mods
 .text.del_macro_mods
                0x00003950        0xe .build/obj_apgmkv37_windows/common/action_util.o
                0x00003950                del_macro_mods
 .text.clear_macro_mods
                0x0000395e        0x6 .build/obj_apgmkv37_windows/common/action_util.o
                0x0000395e                clear_macro_mods
 .text.set_oneshot_mods
                0x00003964        0x6 .build/obj_apgmkv37_windows/common/action_util.o
                0x00003964                set_oneshot_mods
 .text.clear_oneshot_mods
                0x0000396a        0x6 .build/obj_apgmkv37_windows/common/action_util.o
                0x0000396a                clear_oneshot_mods
 .text.has_anykey
                0x00003970       0x26 .build/obj_apgmkv37_windows/common/action_util.o
                0x00003970                has_anykey
 .text.send_keyboard_report
                0x00003996       0x5e .build/obj_apgmkv37_windows/common/action_util.o
                0x00003996                send_keyboard_report
 .text.eeconfig_init
                0x000039f4       0x34 .build/obj_apgmkv37_windows/common/eeconfig.o
                0x000039f4                eeconfig_init
 .text.eeconfig_is_enabled
                0x00003a28       0x16 .build/obj_apgmkv37_windows/common/eeconfig.o
                0x00003a28                eeconfig_is_enabled
 .text.eeconfig_read_debug
                0x00003a3e        0x8 .build/obj_apgmkv37_windows/common/eeconfig.o
                0x00003a3e                eeconfig_read_debug
 .text.eeconfig_update_debug
                0x00003a46        0xa .build/obj_apgmkv37_windows/common/eeconfig.o
                0x00003a46                eeconfig_update_debug
 .text.eeconfig_read_default_layer
                0x00003a50        0x8 .build/obj_apgmkv37_windows/common/eeconfig.o
                0x00003a50                eeconfig_read_default_layer
 .text.eeconfig_update_default_layer
                0x00003a58        0xa .build/obj_apgmkv37_windows/common/eeconfig.o
                0x00003a58                eeconfig_update_default_layer
 .text.eeconfig_read_keymap
                0x00003a62        0x8 .build/obj_apgmkv37_windows/common/eeconfig.o
                0x00003a62                eeconfig_read_keymap
 .text.eeconfig_update_keymap
                0x00003a6a        0xa .build/obj_apgmkv37_windows/common/eeconfig.o
                0x00003a6a                eeconfig_update_keymap
 .text.suspend_power_down
                0x00003a74       0x52 .build/obj_apgmkv37_windows/common/avr/suspend.o
                0x00003a74                suspend_power_down
 .text.matrix_power_up
                0x00003ac6        0x2 .build/obj_apgmkv37_windows/common/avr/suspend.o
                0x00003ac6                matrix_power_up
 .text.matrix_power_down
                0x00003ac8        0x2 .build/obj_apgmkv37_windows/common/avr/suspend.o
                0x00003ac8                matrix_power_down
 .text.suspend_wakeup_condition
                0x00003aca       0x2a .build/obj_apgmkv37_windows/common/avr/suspend.o
                0x00003aca                suspend_wakeup_condition
 .text.suspend_wakeup_init
                0x00003af4        0xc .build/obj_apgmkv37_windows/common/avr/suspend.o
                0x00003af4                suspend_wakeup_init
 .text.__vector_12
                0x00003b00       0x52 .build/obj_apgmkv37_windows/common/avr/suspend.o
                0x00003b00                __vector_12
 .text.timer_init
                0x00003b52       0x12 .build/obj_apgmkv37_windows/common/avr/timer.o
                0x00003b52                timer_init
 .text.timer_read
                0x00003b64       0x18 .build/obj_apgmkv37_windows/common/avr/timer.o
                0x00003b64                timer_read
 .text.timer_elapsed
                0x00003b7c       0x52 .build/obj_apgmkv37_windows/common/avr/timer.o
                0x00003b7c                timer_elapsed
 .text.__vector_21
                0x00003bce       0x4a .build/obj_apgmkv37_windows/common/avr/timer.o
                0x00003bce                __vector_21
 .text.bootloader_jump
                0x00003c18       0x46 .build/obj_apgmkv37_windows/common/avr/bootloader.o
                0x00003c18                bootloader_jump
 .text.scan_keycode
                0x00003c5e       0x6c .build/obj_apgmkv37_windows/common/bootmagic.o
 .text.bootmagic_scan_keycode
                0x00003cca       0x1c .build/obj_apgmkv37_windows/common/bootmagic.o
                0x00003cca                bootmagic_scan_keycode
 .text.bootmagic
                0x00003ce6      0x24e .build/obj_apgmkv37_windows/common/bootmagic.o
                0x00003ce6                bootmagic
 .text.move_unit
                0x00003f34       0x90 .build/obj_apgmkv37_windows/common/mousekey.o
 .text.wheel_unit
                0x00003fc4       0x72 .build/obj_apgmkv37_windows/common/mousekey.o
 .text.mousekey_on
                0x00004036       0xd0 .build/obj_apgmkv37_windows/common/mousekey.o
                0x00004036                mousekey_on
 .text.mousekey_off
                0x00004106      0x10a .build/obj_apgmkv37_windows/common/mousekey.o
                0x00004106                mousekey_off
 .text.mousekey_send
                0x00004210       0x16 .build/obj_apgmkv37_windows/common/mousekey.o
                0x00004210                mousekey_send
 .text.mousekey_task
                0x00004226      0x142 .build/obj_apgmkv37_windows/common/mousekey.o
                0x00004226                mousekey_task
 .text.mousekey_clear
                0x00004368       0x18 .build/obj_apgmkv37_windows/common/mousekey.o
                0x00004368                mousekey_clear
 .text.keyboard_leds
                0x00004380        0x6 .build/obj_apgmkv37_windows/lufa.o
 .text.send_consumer
                0x00004386       0x66 .build/obj_apgmkv37_windows/lufa.o
 .text.send_system
                0x000043ec       0x6c .build/obj_apgmkv37_windows/lufa.o
 .text.send_mouse
                0x00004458       0x46 .build/obj_apgmkv37_windows/lufa.o
 .text.send_keyboard
                0x0000449e       0xa2 .build/obj_apgmkv37_windows/lufa.o
 .text.EVENT_USB_Device_Connect
                0x00004540       0x1c .build/obj_apgmkv37_windows/lufa.o
                0x00004540                EVENT_USB_Device_Connect
 .text.EVENT_USB_Device_Disconnect
                0x0000455c        0x6 .build/obj_apgmkv37_windows/lufa.o
                0x0000455c                EVENT_USB_Device_Disconnect
 .text.EVENT_USB_Device_Reset
                0x00004562        0x2 .build/obj_apgmkv37_windows/lufa.o
                0x00004562                EVENT_USB_Device_Reset
 .text.EVENT_USB_Device_Suspend
                0x00004564        0x2 .build/obj_apgmkv37_windows/lufa.o
                0x00004564                EVENT_USB_Device_Suspend
 .text.EVENT_USB_Device_WakeUp
                0x00004566        0x4 .build/obj_apgmkv37_windows/lufa.o
                0x00004566                EVENT_USB_Device_WakeUp
 .text.EVENT_USB_Device_ConfigurationChanged
                0x0000456a       0x28 .build/obj_apgmkv37_windows/lufa.o
                0x0000456a                EVENT_USB_Device_ConfigurationChanged
 .text.EVENT_USB_Device_ControlRequest
                0x00004592      0x164 .build/obj_apgmkv37_windows/lufa.o
                0x00004592                EVENT_USB_Device_ControlRequest
 .text.startup.main
                0x000046f6       0x70 .build/obj_apgmkv37_windows/lufa.o
                0x000046f6                main
 .text.CALLBACK_USB_GetDescriptor
                0x00004766       0xb2 .build/obj_apgmkv37_windows/descriptor.o
                0x00004766                CALLBACK_USB_GetDescriptor
 .text.USB_Device_SendRemoteWakeup
                0x00004818       0x2c .build/obj_apgmkv37_windows/protocol/lufa/LUFA-git/LUFA/Drivers/USB/Core/AVR8/Device_AVR8.o
                0x00004818                USB_Device_SendRemoteWakeup
 .text.Endpoint_Write_Stream_LE
                0x00004844       0x92 .build/obj_apgmkv37_windows/protocol/lufa/LUFA-git/LUFA/Drivers/USB/Core/AVR8/EndpointStream_AVR8.o
                0x00004844                Endpoint_Write_Stream_LE
 .text.Endpoint_Write_Control_Stream_LE
                0x000048d6       0xc2 .build/obj_apgmkv37_windows/protocol/lufa/LUFA-git/LUFA/Drivers/USB/Core/AVR8/EndpointStream_AVR8.o
                0x000048d6                Endpoint_Write_Control_Stream_LE
 .text.Endpoint_Write_Control_PStream_LE
                0x00004998       0xc4 .build/obj_apgmkv37_windows/protocol/lufa/LUFA-git/LUFA/Drivers/USB/Core/AVR8/EndpointStream_AVR8.o
                0x00004998                Endpoint_Write_Control_PStream_LE
 .text.Endpoint_ConfigureEndpoint_Prv
                0x00004a5c       0x6a .build/obj_apgmkv37_windows/protocol/lufa/LUFA-git/LUFA/Drivers/USB/Core/AVR8/Endpoint_AVR8.o
                0x00004a5c                Endpoint_ConfigureEndpoint_Prv
 .text.Endpoint_ClearStatusStage
                0x00004ac6       0x42 .build/obj_apgmkv37_windows/protocol/lufa/LUFA-git/LUFA/Drivers/USB/Core/AVR8/Endpoint_AVR8.o
                0x00004ac6                Endpoint_ClearStatusStage
 .text.Endpoint_WaitUntilReady
                0x00004b08       0x60 .build/obj_apgmkv37_windows/protocol/lufa/LUFA-git/LUFA/Drivers/USB/Core/AVR8/Endpoint_AVR8.o
                0x00004b08                Endpoint_WaitUntilReady
 .text.USB_Disable
                0x00004b68       0x34 .build/obj_apgmkv37_windows/protocol/lufa/LUFA-git/LUFA/Drivers/USB/Core/AVR8/USBController_AVR8.o
                0x00004b68                USB_Disable
 .text.USB_ResetInterface
                0x00004b9c       0x86 .build/obj_apgmkv37_windows/protocol/lufa/LUFA-git/LUFA/Drivers/USB/Core/AVR8/USBController_AVR8.o
                0x00004b9c                USB_ResetInterface
 .text.USB_Init
                0x00004c22       0x22 .build/obj_apgmkv37_windows/protocol/lufa/LUFA-git/LUFA/Drivers/USB/Core/AVR8/USBController_AVR8.o
                0x00004c22                USB_Init
 .text.USB_INT_DisableAllInterrupts
                0x00004c44       0x10 .build/obj_apgmkv37_windows/protocol/lufa/LUFA-git/LUFA/Drivers/USB/Core/AVR8/USBInterrupt_AVR8.o
                0x00004c44                USB_INT_DisableAllInterrupts
 .text.USB_INT_ClearAllInterrupts
                0x00004c54        0xa .build/obj_apgmkv37_windows/protocol/lufa/LUFA-git/LUFA/Drivers/USB/Core/AVR8/USBInterrupt_AVR8.o
                0x00004c54                USB_INT_ClearAllInterrupts
 .text.__vector_10
                0x00004c5e      0x1a4 .build/obj_apgmkv37_windows/protocol/lufa/LUFA-git/LUFA/Drivers/USB/Core/AVR8/USBInterrupt_AVR8.o
                0x00004c5e                __vector_10
 .text.__vector_11
                0x00004e02       0x78 .build/obj_apgmkv37_windows/protocol/lufa/LUFA-git/LUFA/Drivers/USB/Core/AVR8/USBInterrupt_AVR8.o
                0x00004e02                __vector_11
 .text.USB_Device_ProcessControlRequest
                0x00004e7a      0x29c .build/obj_apgmkv37_windows/protocol/lufa/LUFA-git/LUFA/Drivers/USB/Core/DeviceStandardReq.o
                0x00004e7a                USB_Device_ProcessControlRequest
 .text.USB_Event_Stub
                0x00005116        0x2 .build/obj_apgmkv37_windows/protocol/lufa/LUFA-git/LUFA/Drivers/USB/Core/Events.o
                0x00005116                EVENT_USB_Device_StartOfFrame
                0x00005116                USB_Event_Stub
 .text.USB_USBTask
                0x00005118       0x3a .build/obj_apgmkv37_windows/protocol/lufa/LUFA-git/LUFA/Drivers/USB/Core/USBTask.o
                0x00005118                USB_USBTask
 .text.avr-libc.fplib
                0x00005152        0xa c:/users/james/mhv_avr/bin/../lib/gcc/avr/4.8.2/../../../../avr/lib/avr5\libm.a(fixsfsi.o)
                0x00005152                __fixsfsi
 .text.avr-libc.fplib
                0x0000515c       0x58 c:/users/james/mhv_avr/bin/../lib/gcc/avr/4.8.2/../../../../avr/lib/avr5\libm.a(fixunssfsi.o)
                0x0000515c                __fixunssfsi
 .text.avr-libc.fplib
                0x000051b4       0x7a c:/users/james/mhv_avr/bin/../lib/gcc/avr/4.8.2/../../../../avr/lib/avr5\libm.a(floatsisf.o)
                0x000051b4                __floatunsisf
                0x000051b8                __floatsisf
 .text.avr-libc.fplib
                0x0000522e       0x44 c:/users/james/mhv_avr/bin/../lib/gcc/avr/4.8.2/../../../../avr/lib/avr5\libm.a(fp_split3.o)
                0x0000522e                __fp_split3
                0x0000523e                __fp_splitA
 .text.avr-libc.fplib
                0x00005272        0xe c:/users/james/mhv_avr/bin/../lib/gcc/avr/4.8.2/../../../../avr/lib/avr5\libm.a(fp_zero.o)
                0x00005272                __fp_zero
                0x00005274                __fp_szero
 .text.avr-libc.fplib
                0x00005280        0x4 c:/users/james/mhv_avr/bin/../lib/gcc/avr/4.8.2/../../../../avr/lib/avr5\libm.a(mulsf3.o)
                0x00005280                __mulsf3
 .text.avr-libc.fplib
                0x00005284       0xc2 c:/users/james/mhv_avr/bin/../lib/gcc/avr/4.8.2/../../../../avr/lib/avr5\libm.a(mulsf3x.o)
                0x00005298                __mulsf3x
                0x0000529c                __mulsf3_pse
 .text.avr-libc.fplib
                0x00005346        0xc c:/users/james/mhv_avr/bin/../lib/gcc/avr/4.8.2/../../../../avr/lib/avr5\libm.a(fp_inf.o)
                0x00005346                __fp_inf
 .text.avr-libc.fplib
                0x00005352        0x6 c:/users/james/mhv_avr/bin/../lib/gcc/avr/4.8.2/../../../../avr/lib/avr5\libm.a(fp_nan.o)
                0x00005352                __fp_nan
 .text.avr-libc.fplib
                0x00005358        0xe c:/users/james/mhv_avr/bin/../lib/gcc/avr/4.8.2/../../../../avr/lib/avr5\libm.a(fp_pscA.o)
                0x00005358                __fp_pscA
 .text.avr-libc.fplib
                0x00005366        0xe c:/users/james/mhv_avr/bin/../lib/gcc/avr/4.8.2/../../../../avr/lib/avr5\libm.a(fp_pscB.o)
                0x00005366                __fp_pscB
 .text.avr-libc.fplib
                0x00005374       0x22 c:/users/james/mhv_avr/bin/../lib/gcc/avr/4.8.2/../../../../avr/lib/avr5\libm.a(fp_round.o)
                0x00005374                __fp_round
 .text.libgcc.div
                0x00005396       0x28 c:/users/james/mhv_avr/bin/../lib/gcc/avr/4.8.2/avr5\libgcc.a(_divmodhi4.o)
                0x00005396                _div
                0x00005396                __divmodhi4
 .text.libgcc   0x000053be        0xc c:/users/james/mhv_avr/bin/../lib/gcc/avr/4.8.2/avr5\libgcc.a(_tablejump.o)
                0x000053be                __tablejump2__
                0x000053c2                __tablejump__
 .text.libgcc.div
                0x000053ca       0x28 c:/users/james/mhv_avr/bin/../lib/gcc/avr/4.8.2/avr5\libgcc.a(_udivmodhi4.o)
                0x000053ca                __udivmodhi4
 .text.avr-libc
                0x000053f2       0x10 c:/users/james/mhv_avr/bin/../lib/gcc/avr/4.8.2/../../../../avr/lib/avr5\libc.a(eerd_byte_atmega32u4.o)
                0x000053f2                __eerd_byte_m32u4
 .text.avr-libc
                0x00005402        0xc c:/users/james/mhv_avr/bin/../lib/gcc/avr/4.8.2/../../../../avr/lib/avr5\libc.a(eerd_word_atmega32u4.o)
                0x00005402                __eerd_word_m32u4
 .text.avr-libc
                0x0000540e       0x24 c:/users/james/mhv_avr/bin/../lib/gcc/avr/4.8.2/../../../../avr/lib/avr5\libc.a(eeupd_byte_atmega32u4.o)
                0x0000540e                __eeupd_byte_m32u4
                0x00005410                __eeupd_r18_m32u4
 .text.avr-libc
                0x00005432        0xc c:/users/james/mhv_avr/bin/../lib/gcc/avr/4.8.2/../../../../avr/lib/avr5\libc.a(eeupd_word_atmega32u4.o)
                0x00005432                __eeupd_word_m32u4
 .text.avr-libc
                0x0000543e       0x20 c:/users/james/mhv_avr/bin/../lib/gcc/avr/4.8.2/../../../../avr/lib/avr5\libc.a(eerd_block_atmega32u4.o)
                0x0000543e                __eerd_block_m32u4
                0x00005442                __eerd_blraw_m32u4
                0x0000545e                . = ALIGN (0x2)
 *(.fini9)
 .fini9         0x0000545e        0x0 c:/users/james/mhv_avr/bin/../lib/gcc/avr/4.8.2/avr5\libgcc.a(_exit.o)
                0x0000545e                _exit
                0x0000545e                exit
 *(.fini9)
 *(.fini8)
 *(.fini8)
 *(.fini7)
 *(.fini7)
 *(.fini6)
 *(.fini6)
 *(.fini5)
 *(.fini5)
 *(.fini4)
 *(.fini4)
 *(.fini3)
 *(.fini3)
 *(.fini2)
 *(.fini2)
 *(.fini1)
 *(.fini1)
 *(.fini0)
 .fini0         0x0000545e        0x4 c:/users/james/mhv_avr/bin/../lib/gcc/avr/4.8.2/avr5\libgcc.a(_exit.o)
 *(.fini0)
                0x00005462                _etext = .

.data           0x00800100       0x36 load address 0x00005462
                0x00800100                PROVIDE (__data_start, .)
 *(.data)
 .data          0x00800100        0x0 c:/users/james/mhv_avr/bin/../lib/gcc/avr/4.8.2/../../../../avr/lib/avr5/crtm32u4.o
 .data          0x00800100        0x0 .build/obj_apgmkv37_windows/keyboards/apgmkv37/apgmkv37.o
 .data          0x00800100        0x0 .build/obj_apgmkv37_windows/keyboards/apgmkv37/keymaps/windows/keymap.o
 .data          0x00800100        0x0 .build/obj_apgmkv37_windows/quantum/quantum.o
 .data          0x00800100        0x0 .build/obj_apgmkv37_windows/quantum/keymap_common.o
 .data          0x00800100        0x0 .build/obj_apgmkv37_windows/quantum/keycode_config.o
 .data          0x00800100        0x0 .build/obj_apgmkv37_windows/quantum/process_keycode/process_leader.o
 .data          0x00800100        0x0 .build/obj_apgmkv37_windows/quantum/matrix.o
 .data          0x00800100        0x0 .build/obj_apgmkv37_windows/quantum/process_keycode/process_unicode.o
 .data          0x00800100        0x0 .build/obj_apgmkv37_windows/common/host.o
 .data          0x00800100        0x0 .build/obj_apgmkv37_windows/common/keyboard.o
 .data          0x00800100        0x0 .build/obj_apgmkv37_windows/common/action.o
 .data          0x00800100        0x0 .build/obj_apgmkv37_windows/common/action_tapping.o
 .data          0x00800100        0x0 .build/obj_apgmkv37_windows/common/action_macro.o
 .data          0x00800100        0x0 .build/obj_apgmkv37_windows/common/action_layer.o
 .data          0x00800100        0x0 .build/obj_apgmkv37_windows/common/action_util.o
 .data          0x00800100        0x0 .build/obj_apgmkv37_windows/common/print.o
 .data          0x00800100        0x0 .build/obj_apgmkv37_windows/common/debug.o
 .data          0x00800100        0x0 .build/obj_apgmkv37_windows/common/util.o
 .data          0x00800100        0x0 .build/obj_apgmkv37_windows/common/eeconfig.o
 .data          0x00800100        0x0 .build/obj_apgmkv37_windows/common/avr/suspend.o
 .data          0x00800100        0x0 .build/obj_apgmkv37_windows/common/avr/timer.o
 .data          0x00800100        0x0 .build/obj_apgmkv37_windows/common/avr/bootloader.o
 .data          0x00800100        0x0 .build/obj_apgmkv37_windows/common/avr/xprintf.o
 .data          0x00800100        0x0 .build/obj_apgmkv37_windows/common/bootmagic.o
 .data          0x00800100        0x0 .build/obj_apgmkv37_windows/common/mousekey.o
 .data          0x00800100        0x0 .build/obj_apgmkv37_windows/lufa.o
 .data          0x00800100        0x0 .build/obj_apgmkv37_windows/descriptor.o
 .data          0x00800100        0x0 .build/obj_apgmkv37_windows/protocol/lufa/LUFA-git/LUFA/Drivers/USB/Class/Common/HIDParser.o
 .data          0x00800100        0x0 .build/obj_apgmkv37_windows/protocol/lufa/LUFA-git/LUFA/Drivers/USB/Core/AVR8/Device_AVR8.o
 .data          0x00800100        0x0 .build/obj_apgmkv37_windows/protocol/lufa/LUFA-git/LUFA/Drivers/USB/Core/AVR8/EndpointStream_AVR8.o
 .data          0x00800100        0x0 .build/obj_apgmkv37_windows/protocol/lufa/LUFA-git/LUFA/Drivers/USB/Core/AVR8/Endpoint_AVR8.o
 .data          0x00800100        0x0 .build/obj_apgmkv37_windows/protocol/lufa/LUFA-git/LUFA/Drivers/USB/Core/AVR8/Host_AVR8.o
 .data          0x00800100        0x0 .build/obj_apgmkv37_windows/protocol/lufa/LUFA-git/LUFA/Drivers/USB/Core/AVR8/PipeStream_AVR8.o
 .data          0x00800100        0x0 .build/obj_apgmkv37_windows/protocol/lufa/LUFA-git/LUFA/Drivers/USB/Core/AVR8/Pipe_AVR8.o
 .data          0x00800100        0x0 .build/obj_apgmkv37_windows/protocol/lufa/LUFA-git/LUFA/Drivers/USB/Core/AVR8/USBController_AVR8.o
 .data          0x00800100        0x0 .build/obj_apgmkv37_windows/protocol/lufa/LUFA-git/LUFA/Drivers/USB/Core/AVR8/USBInterrupt_AVR8.o
 .data          0x00800100        0x0 .build/obj_apgmkv37_windows/protocol/lufa/LUFA-git/LUFA/Drivers/USB/Core/ConfigDescriptors.o
 .data          0x00800100        0x0 .build/obj_apgmkv37_windows/protocol/lufa/LUFA-git/LUFA/Drivers/USB/Core/DeviceStandardReq.o
 .data          0x00800100        0x0 .build/obj_apgmkv37_windows/protocol/lufa/LUFA-git/LUFA/Drivers/USB/Core/Events.o
 .data          0x00800100        0x0 .build/obj_apgmkv37_windows/protocol/lufa/LUFA-git/LUFA/Drivers/USB/Core/HostStandardReq.o
 .data          0x00800100        0x0 .build/obj_apgmkv37_windows/protocol/lufa/LUFA-git/LUFA/Drivers/USB/Core/USBTask.o
 .data          0x00800100        0x0 c:/users/james/mhv_avr/bin/../lib/gcc/avr/4.8.2/../../../../avr/lib/avr5\libm.a(fixsfsi.o)
 .data          0x00800100        0x0 c:/users/james/mhv_avr/bin/../lib/gcc/avr/4.8.2/../../../../avr/lib/avr5\libm.a(fixunssfsi.o)
 .data          0x00800100        0x0 c:/users/james/mhv_avr/bin/../lib/gcc/avr/4.8.2/../../../../avr/lib/avr5\libm.a(floatsisf.o)
 .data          0x00800100        0x0 c:/users/james/mhv_avr/bin/../lib/gcc/avr/4.8.2/../../../../avr/lib/avr5\libm.a(fp_split3.o)
 .data          0x00800100        0x0 c:/users/james/mhv_avr/bin/../lib/gcc/avr/4.8.2/../../../../avr/lib/avr5\libm.a(fp_zero.o)
 .data          0x00800100        0x0 c:/users/james/mhv_avr/bin/../lib/gcc/avr/4.8.2/../../../../avr/lib/avr5\libm.a(mulsf3.o)
 .data          0x00800100        0x0 c:/users/james/mhv_avr/bin/../lib/gcc/avr/4.8.2/../../../../avr/lib/avr5\libm.a(mulsf3x.o)
 .data          0x00800100        0x0 c:/users/james/mhv_avr/bin/../lib/gcc/avr/4.8.2/../../../../avr/lib/avr5\libm.a(fp_inf.o)
 .data          0x00800100        0x0 c:/users/james/mhv_avr/bin/../lib/gcc/avr/4.8.2/../../../../avr/lib/avr5\libm.a(fp_nan.o)
 .data          0x00800100        0x0 c:/users/james/mhv_avr/bin/../lib/gcc/avr/4.8.2/../../../../avr/lib/avr5\libm.a(fp_pscA.o)
 .data          0x00800100        0x0 c:/users/james/mhv_avr/bin/../lib/gcc/avr/4.8.2/../../../../avr/lib/avr5\libm.a(fp_pscB.o)
 .data          0x00800100        0x0 c:/users/james/mhv_avr/bin/../lib/gcc/avr/4.8.2/../../../../avr/lib/avr5\libm.a(fp_round.o)
 .data          0x00800100        0x0 c:/users/james/mhv_avr/bin/../lib/gcc/avr/4.8.2/avr5\libgcc.a(_divmodhi4.o)
 .data          0x00800100        0x0 c:/users/james/mhv_avr/bin/../lib/gcc/avr/4.8.2/avr5\libgcc.a(_exit.o)
 .data          0x00800100        0x0 c:/users/james/mhv_avr/bin/../lib/gcc/avr/4.8.2/avr5\libgcc.a(_tablejump.o)
 .data          0x00800100        0x0 c:/users/james/mhv_avr/bin/../lib/gcc/avr/4.8.2/avr5\libgcc.a(_copy_data.o)
 .data          0x00800100        0x0 c:/users/james/mhv_avr/bin/../lib/gcc/avr/4.8.2/avr5\libgcc.a(_clear_bss.o)
 .data          0x00800100        0x0 c:/users/james/mhv_avr/bin/../lib/gcc/avr/4.8.2/avr5\libgcc.a(_udivmodhi4.o)
 .data          0x00800100        0x0 c:/users/james/mhv_avr/bin/../lib/gcc/avr/4.8.2/../../../../avr/lib/avr5\libc.a(eerd_byte_atmega32u4.o)
 .data          0x00800100        0x0 c:/users/james/mhv_avr/bin/../lib/gcc/avr/4.8.2/../../../../avr/lib/avr5\libc.a(eerd_word_atmega32u4.o)
 .data          0x00800100        0x0 c:/users/james/mhv_avr/bin/../lib/gcc/avr/4.8.2/../../../../avr/lib/avr5\libc.a(eeupd_byte_atmega32u4.o)
 .data          0x00800100        0x0 c:/users/james/mhv_avr/bin/../lib/gcc/avr/4.8.2/../../../../avr/lib/avr5\libc.a(eeupd_word_atmega32u4.o)
 .data          0x00800100        0x0 c:/users/james/mhv_avr/bin/../lib/gcc/avr/4.8.2/../../../../avr/lib/avr5\libc.a(eerd_block_atmega32u4.o)
 *(.data*)
 .data.keyboard_report
                0x00800100        0x2 .build/obj_apgmkv37_windows/common/action_util.o
                0x00800100                keyboard_report
 .data.mk_wheel_time_to_max
                0x00800102        0x1 .build/obj_apgmkv37_windows/common/mousekey.o
                0x00800102                mk_wheel_time_to_max
 .data.mk_wheel_max_speed
                0x00800103        0x1 .build/obj_apgmkv37_windows/common/mousekey.o
                0x00800103                mk_wheel_max_speed
 .data.mk_time_to_max
                0x00800104        0x1 .build/obj_apgmkv37_windows/common/mousekey.o
                0x00800104                mk_time_to_max
 .data.mk_max_speed
                0x00800105        0x1 .build/obj_apgmkv37_windows/common/mousekey.o
                0x00800105                mk_max_speed
 .data.mk_interval
                0x00800106        0x1 .build/obj_apgmkv37_windows/common/mousekey.o
                0x00800106                mk_interval
 .data.mk_delay
                0x00800107        0x1 .build/obj_apgmkv37_windows/common/mousekey.o
                0x00800107                mk_delay
 .data.lufa_driver
                0x00800108        0xa .build/obj_apgmkv37_windows/lufa.o
                0x00800108                lufa_driver
 .data.keyboard_protocol
                0x00800112        0x1 .build/obj_apgmkv37_windows/lufa.o
                0x00800112                keyboard_protocol
 *(.rodata)
 *(.rodata*)
 .rodata.col_pins
                0x00800113        0x8 .build/obj_apgmkv37_windows/quantum/matrix.o
 .rodata.row_pins
                0x0080011b        0x7 .build/obj_apgmkv37_windows/quantum/matrix.o
 .rodata.CSWTCH.3
                0x00800122        0x4 .build/obj_apgmkv37_windows/descriptor.o
 .rodata.CSWTCH.2
                0x00800126        0x8 .build/obj_apgmkv37_windows/descriptor.o
 .rodata.CSWTCH.1
                0x0080012e        0x8 .build/obj_apgmkv37_windows/descriptor.o
 *(.gnu.linkonce.d*)
                0x00800136                . = ALIGN (0x2)
                0x00800136                _edata = .
                0x00800136                PROVIDE (__data_end, .)

.bss            0x00800136      0x103
                0x00800136                PROVIDE (__bss_start, .)
 *(.bss)
 *(.bss*)
 .bss.scs_timer
                0x00800136        0x2 .build/obj_apgmkv37_windows/quantum/quantum.o
 .bss.shift_interrupted
                0x00800138        0x2 .build/obj_apgmkv37_windows/quantum/quantum.o
 .bss.leader_sequence_size
                0x0080013a        0x1 .build/obj_apgmkv37_windows/quantum/process_keycode/process_leader.o
                0x0080013a                leader_sequence_size
 .bss.leader_sequence
                0x0080013b        0xa .build/obj_apgmkv37_windows/quantum/process_keycode/process_leader.o
                0x0080013b                leader_sequence
 .bss.leader_time
                0x00800145        0x2 .build/obj_apgmkv37_windows/quantum/process_keycode/process_leader.o
                0x00800145                leader_time
 .bss.leading   0x00800147        0x1 .build/obj_apgmkv37_windows/quantum/process_keycode/process_leader.o
                0x00800147                leading
 .bss.matrix_debouncing
                0x00800148        0x7 .build/obj_apgmkv37_windows/quantum/matrix.o
 .bss.matrix_raw
                0x0080014f        0x7 .build/obj_apgmkv37_windows/quantum/matrix.o
 .bss.matrix    0x00800156        0x7 .build/obj_apgmkv37_windows/quantum/matrix.o
 .bss.debouncing
                0x0080015d        0x1 .build/obj_apgmkv37_windows/quantum/matrix.o
 .bss.debouncing_time
                0x0080015e        0x2 .build/obj_apgmkv37_windows/quantum/matrix.o
 .bss.input_mode
                0x00800160        0x1 .build/obj_apgmkv37_windows/quantum/process_keycode/process_unicode.o
 .bss.last_consumer_report
                0x00800161        0x2 .build/obj_apgmkv37_windows/common/host.o
 .bss.last_system_report
                0x00800163        0x2 .build/obj_apgmkv37_windows/common/host.o
 .bss.driver    0x00800165        0x2 .build/obj_apgmkv37_windows/common/host.o
 .bss.led_status.4867
                0x00800167        0x1 .build/obj_apgmkv37_windows/common/keyboard.o
 .bss.matrix_prev.4866
                0x00800168        0x7 .build/obj_apgmkv37_windows/common/keyboard.o
 .bss.disable_action_cache
                0x0080016f        0x1 .build/obj_apgmkv37_windows/common/action.o
                0x0080016f                disable_action_cache
 .bss.waiting_buffer_tail
                0x00800170        0x1 .build/obj_apgmkv37_windows/common/action_tapping.o
 .bss.waiting_buffer_head
                0x00800171        0x1 .build/obj_apgmkv37_windows/common/action_tapping.o
 .bss.waiting_buffer
                0x00800172       0x30 .build/obj_apgmkv37_windows/common/action_tapping.o
 .bss.tapping_key
                0x008001a2        0x6 .build/obj_apgmkv37_windows/common/action_tapping.o
 .bss.source_layers_cache
                0x008001a8       0x23 .build/obj_apgmkv37_windows/common/action_layer.o
                0x008001a8                source_layers_cache
 .bss.layer_state
                0x008001cb        0x4 .build/obj_apgmkv37_windows/common/action_layer.o
                0x008001cb                layer_state
 .bss.default_layer_state
                0x008001cf        0x4 .build/obj_apgmkv37_windows/common/action_layer.o
                0x008001cf                default_layer_state
 .bss.oneshot_layer_data
                0x008001d3        0x1 .build/obj_apgmkv37_windows/common/action_util.o
 .bss.oneshot_mods
                0x008001d4        0x1 .build/obj_apgmkv37_windows/common/action_util.o
 .bss.__compound_literal.0
                0x008001d5       0x20 .build/obj_apgmkv37_windows/common/action_util.o
 .bss.macro_mods
                0x008001f5        0x1 .build/obj_apgmkv37_windows/common/action_util.o
 .bss.weak_mods
                0x008001f6        0x1 .build/obj_apgmkv37_windows/common/action_util.o
 .bss.real_mods
                0x008001f7        0x1 .build/obj_apgmkv37_windows/common/action_util.o
 .bss.debug_config
                0x008001f8        0x1 .build/obj_apgmkv37_windows/common/debug.o
                0x008001f8                debug_config
 .bss.wdt_timeout
                0x008001f9        0x1 .build/obj_apgmkv37_windows/common/avr/suspend.o
 .bss.last_timer
                0x008001fa        0x2 .build/obj_apgmkv37_windows/common/mousekey.o
 .bss.mousekey_accel
                0x008001fc        0x1 .build/obj_apgmkv37_windows/common/mousekey.o
 .bss.mousekey_repeat
                0x008001fd        0x1 .build/obj_apgmkv37_windows/common/mousekey.o
 .bss.mouse_report
                0x008001fe        0x5 .build/obj_apgmkv37_windows/common/mousekey.o
 .bss.keyboard_report_sent
                0x00800203       0x20 .build/obj_apgmkv37_windows/lufa.o
 .bss.keyboard_led_stats
                0x00800223        0x1 .build/obj_apgmkv37_windows/lufa.o
 .bss.keyboard_idle
                0x00800224        0x1 .build/obj_apgmkv37_windows/lufa.o
                0x00800224                keyboard_idle
 *(COMMON)
 COMMON         0x00800225        0x1 .build/obj_apgmkv37_windows/quantum/process_keycode/process_unicode.o
                0x00800225                mods
 COMMON         0x00800226        0x4 .build/obj_apgmkv37_windows/common/avr/timer.o
                0x00800226                timer_count
 COMMON         0x0080022a        0x2 .build/obj_apgmkv37_windows/common/bootmagic.o
                0x0080022a                keymap_config
 COMMON         0x0080022c        0x3 .build/obj_apgmkv37_windows/protocol/lufa/LUFA-git/LUFA/Drivers/USB/Core/DeviceStandardReq.o
                0x0080022c                USB_Device_ConfigurationNumber
                0x0080022d                USB_Device_CurrentlySelfPowered
                0x0080022e                USB_Device_RemoteWakeupEnabled
 COMMON         0x0080022f        0xa .build/obj_apgmkv37_windows/protocol/lufa/LUFA-git/LUFA/Drivers/USB/Core/USBTask.o
                0x0080022f                USB_IsInitialized
                0x00800230                USB_DeviceState
                0x00800231                USB_ControlRequest
                0x00800239                PROVIDE (__bss_end, .)
                0x00005462                __data_load_start = LOADADDR (.data)
                0x00005498                __data_load_end = (__data_load_start + SIZEOF (.data))

.noinit         0x00800239        0x4
                0x00800239                PROVIDE (__noinit_start, .)
 *(.noinit*)
 .noinit        0x00800239        0x4 .build/obj_apgmkv37_windows/common/avr/bootloader.o
                0x00800239                reset_key
                0x0080023d                PROVIDE (__noinit_end, .)
                0x0080023d                _end = .
                0x0080023d                PROVIDE (__heap_start, .)

.eeprom         0x00810000        0x0
 *(.eeprom*)
                0x00810000                __eeprom_end = .

.fuse
 *(.fuse)
 *(.lfuse)
 *(.hfuse)
 *(.efuse)

.lock
 *(.lock*)

.signature
 *(.signature*)

.stab           0x00000000       0x24
 *(.stab)
 .stab          0x00000000       0x24 .build/obj_apgmkv37_windows/common/avr/xprintf.o
                                0x8b8 (size before relaxing)

.stabstr        0x00000000       0x8c
 *(.stabstr)
 .stabstr       0x00000000       0x8c .build/obj_apgmkv37_windows/common/avr/xprintf.o

.stab.excl
 *(.stab.excl)

.stab.exclstr
 *(.stab.exclstr)

.stab.index
 *(.stab.index)

.stab.indexstr
 *(.stab.indexstr)

.comment        0x00000000       0x27
 *(.comment)
 .comment       0x00000000       0x27 .build/obj_apgmkv37_windows/keyboards/apgmkv37/apgmkv37.o
                                 0x28 (size before relaxing)
 .comment       0x00000000       0x28 .build/obj_apgmkv37_windows/keyboards/apgmkv37/keymaps/windows/keymap.o
 .comment       0x00000000       0x28 .build/obj_apgmkv37_windows/quantum/quantum.o
 .comment       0x00000000       0x28 .build/obj_apgmkv37_windows/quantum/keymap_common.o
 .comment       0x00000000       0x28 .build/obj_apgmkv37_windows/quantum/keycode_config.o
 .comment       0x00000000       0x28 .build/obj_apgmkv37_windows/quantum/process_keycode/process_leader.o
 .comment       0x00000000       0x28 .build/obj_apgmkv37_windows/quantum/matrix.o
 .comment       0x00000000       0x28 .build/obj_apgmkv37_windows/quantum/process_keycode/process_unicode.o
 .comment       0x00000000       0x28 .build/obj_apgmkv37_windows/common/host.o
 .comment       0x00000000       0x28 .build/obj_apgmkv37_windows/common/keyboard.o
 .comment       0x00000000       0x28 .build/obj_apgmkv37_windows/common/action.o
 .comment       0x00000000       0x28 .build/obj_apgmkv37_windows/common/action_tapping.o
 .comment       0x00000000       0x28 .build/obj_apgmkv37_windows/common/action_macro.o
 .comment       0x00000000       0x28 .build/obj_apgmkv37_windows/common/action_layer.o
 .comment       0x00000000       0x28 .build/obj_apgmkv37_windows/common/action_util.o
 .comment       0x00000000       0x28 .build/obj_apgmkv37_windows/common/print.o
 .comment       0x00000000       0x28 .build/obj_apgmkv37_windows/common/debug.o
 .comment       0x00000000       0x28 .build/obj_apgmkv37_windows/common/util.o
 .comment       0x00000000       0x28 .build/obj_apgmkv37_windows/common/eeconfig.o
 .comment       0x00000000       0x28 .build/obj_apgmkv37_windows/common/avr/suspend.o
 .comment       0x00000000       0x28 .build/obj_apgmkv37_windows/common/avr/timer.o
 .comment       0x00000000       0x28 .build/obj_apgmkv37_windows/common/avr/bootloader.o
 .comment       0x00000000       0x28 .build/obj_apgmkv37_windows/common/bootmagic.o
 .comment       0x00000000       0x28 .build/obj_apgmkv37_windows/common/mousekey.o
 .comment       0x00000000       0x28 .build/obj_apgmkv37_windows/lufa.o
 .comment       0x00000000       0x28 .build/obj_apgmkv37_windows/descriptor.o
 .comment       0x00000000       0x28 .build/obj_apgmkv37_windows/protocol/lufa/LUFA-git/LUFA/Drivers/USB/Class/Common/HIDParser.o
 .comment       0x00000000       0x28 .build/obj_apgmkv37_windows/protocol/lufa/LUFA-git/LUFA/Drivers/USB/Core/AVR8/Device_AVR8.o
 .comment       0x00000000       0x28 .build/obj_apgmkv37_windows/protocol/lufa/LUFA-git/LUFA/Drivers/USB/Core/AVR8/EndpointStream_AVR8.o
 .comment       0x00000000       0x28 .build/obj_apgmkv37_windows/protocol/lufa/LUFA-git/LUFA/Drivers/USB/Core/AVR8/Endpoint_AVR8.o
 .comment       0x00000000       0x28 .build/obj_apgmkv37_windows/protocol/lufa/LUFA-git/LUFA/Drivers/USB/Core/AVR8/Host_AVR8.o
 .comment       0x00000000       0x28 .build/obj_apgmkv37_windows/protocol/lufa/LUFA-git/LUFA/Drivers/USB/Core/AVR8/PipeStream_AVR8.o
 .comment       0x00000000       0x28 .build/obj_apgmkv37_windows/protocol/lufa/LUFA-git/LUFA/Drivers/USB/Core/AVR8/Pipe_AVR8.o
 .comment       0x00000000       0x28 .build/obj_apgmkv37_windows/protocol/lufa/LUFA-git/LUFA/Drivers/USB/Core/AVR8/USBController_AVR8.o
 .comment       0x00000000       0x28 .build/obj_apgmkv37_windows/protocol/lufa/LUFA-git/LUFA/Drivers/USB/Core/AVR8/USBInterrupt_AVR8.o
 .comment       0x00000000       0x28 .build/obj_apgmkv37_windows/protocol/lufa/LUFA-git/LUFA/Drivers/USB/Core/ConfigDescriptors.o
 .comment       0x00000000       0x28 .build/obj_apgmkv37_windows/protocol/lufa/LUFA-git/LUFA/Drivers/USB/Core/DeviceStandardReq.o
 .comment       0x00000000       0x28 .build/obj_apgmkv37_windows/protocol/lufa/LUFA-git/LUFA/Drivers/USB/Core/Events.o
 .comment       0x00000000       0x28 .build/obj_apgmkv37_windows/protocol/lufa/LUFA-git/LUFA/Drivers/USB/Core/HostStandardReq.o
 .comment       0x00000000       0x28 .build/obj_apgmkv37_windows/protocol/lufa/LUFA-git/LUFA/Drivers/USB/Core/USBTask.o

.note.gnu.build-id
 *(.note.gnu.build-id)

.debug
 *(.debug)

.line
 *(.line)

.debug_srcinfo
 *(.debug_srcinfo)

.debug_sfnames
 *(.debug_sfnames)

.debug_aranges  0x00000000      0xc88
 *(.debug_aranges)
 .debug_aranges
                0x00000000       0x18 .build/obj_apgmkv37_windows/keyboards/apgmkv37/apgmkv37.o
 .debug_aranges
                0x00000018       0x40 .build/obj_apgmkv37_windows/keyboards/apgmkv37/keymaps/windows/keymap.o
 .debug_aranges
                0x00000058       0xe8 .build/obj_apgmkv37_windows/quantum/quantum.o
 .debug_aranges
                0x00000140       0x40 .build/obj_apgmkv37_windows/quantum/keymap_common.o
 .debug_aranges
                0x00000180       0x20 .build/obj_apgmkv37_windows/quantum/keycode_config.o
 .debug_aranges
                0x000001a0       0x30 .build/obj_apgmkv37_windows/quantum/process_keycode/process_leader.o
 .debug_aranges
                0x000001d0       0x90 .build/obj_apgmkv37_windows/quantum/matrix.o
 .debug_aranges
                0x00000260       0x50 .build/obj_apgmkv37_windows/quantum/process_keycode/process_unicode.o
 .debug_aranges
                0x000002b0       0x60 .build/obj_apgmkv37_windows/common/host.o
 .debug_aranges
                0x00000310       0x40 .build/obj_apgmkv37_windows/common/keyboard.o
 .debug_aranges
                0x00000350       0x90 .build/obj_apgmkv37_windows/common/action.o
 .debug_aranges
                0x000003e0       0x40 .build/obj_apgmkv37_windows/common/action_tapping.o
 .debug_aranges
                0x00000420       0x20 .build/obj_apgmkv37_windows/common/action_macro.o
 .debug_aranges
                0x00000440       0xb0 .build/obj_apgmkv37_windows/common/action_layer.o
 .debug_aranges
                0x000004f0      0x128 .build/obj_apgmkv37_windows/common/action_util.o
 .debug_aranges
                0x00000618       0x18 .build/obj_apgmkv37_windows/common/print.o
 .debug_aranges
                0x00000630       0x18 .build/obj_apgmkv37_windows/common/debug.o
 .debug_aranges
                0x00000648       0x60 .build/obj_apgmkv37_windows/common/util.o
 .debug_aranges
                0x000006a8       0x68 .build/obj_apgmkv37_windows/common/eeconfig.o
 .debug_aranges
                0x00000710       0x50 .build/obj_apgmkv37_windows/common/avr/suspend.o
 .debug_aranges
                0x00000760       0x50 .build/obj_apgmkv37_windows/common/avr/timer.o
 .debug_aranges
                0x000007b0       0x28 .build/obj_apgmkv37_windows/common/avr/bootloader.o
 .debug_aranges
                0x000007d8       0x30 .build/obj_apgmkv37_windows/common/bootmagic.o
 .debug_aranges
                0x00000808       0x50 .build/obj_apgmkv37_windows/common/mousekey.o
 .debug_aranges
                0x00000858       0x88 .build/obj_apgmkv37_windows/lufa.o
 .debug_aranges
                0x000008e0       0x20 .build/obj_apgmkv37_windows/descriptor.o
 .debug_aranges
                0x00000900       0x38 .build/obj_apgmkv37_windows/protocol/lufa/LUFA-git/LUFA/Drivers/USB/Class/Common/HIDParser.o
 .debug_aranges
                0x00000938       0x20 .build/obj_apgmkv37_windows/protocol/lufa/LUFA-git/LUFA/Drivers/USB/Core/AVR8/Device_AVR8.o
 .debug_aranges
                0x00000958       0xc8 .build/obj_apgmkv37_windows/protocol/lufa/LUFA-git/LUFA/Drivers/USB/Core/AVR8/EndpointStream_AVR8.o
 .debug_aranges
                0x00000a20       0x40 .build/obj_apgmkv37_windows/protocol/lufa/LUFA-git/LUFA/Drivers/USB/Core/AVR8/Endpoint_AVR8.o
 .debug_aranges
                0x00000a60       0x18 .build/obj_apgmkv37_windows/protocol/lufa/LUFA-git/LUFA/Drivers/USB/Core/AVR8/Host_AVR8.o
 .debug_aranges
                0x00000a78       0x18 .build/obj_apgmkv37_windows/protocol/lufa/LUFA-git/LUFA/Drivers/USB/Core/AVR8/PipeStream_AVR8.o
 .debug_aranges
                0x00000a90       0x18 .build/obj_apgmkv37_windows/protocol/lufa/LUFA-git/LUFA/Drivers/USB/Core/AVR8/Pipe_AVR8.o
 .debug_aranges
                0x00000aa8       0x30 .build/obj_apgmkv37_windows/protocol/lufa/LUFA-git/LUFA/Drivers/USB/Core/AVR8/USBController_AVR8.o
 .debug_aranges
                0x00000ad8       0x38 .build/obj_apgmkv37_windows/protocol/lufa/LUFA-git/LUFA/Drivers/USB/Core/AVR8/USBInterrupt_AVR8.o
 .debug_aranges
                0x00000b10       0x40 .build/obj_apgmkv37_windows/protocol/lufa/LUFA-git/LUFA/Drivers/USB/Core/ConfigDescriptors.o
 .debug_aranges
                0x00000b50       0x20 .build/obj_apgmkv37_windows/protocol/lufa/LUFA-git/LUFA/Drivers/USB/Core/DeviceStandardReq.o
 .debug_aranges
                0x00000b70       0x20 .build/obj_apgmkv37_windows/protocol/lufa/LUFA-git/LUFA/Drivers/USB/Core/Events.o
 .debug_aranges
                0x00000b90       0x18 .build/obj_apgmkv37_windows/protocol/lufa/LUFA-git/LUFA/Drivers/USB/Core/HostStandardReq.o
 .debug_aranges
                0x00000ba8       0x20 .build/obj_apgmkv37_windows/protocol/lufa/LUFA-git/LUFA/Drivers/USB/Core/USBTask.o
 .debug_aranges
                0x00000bc8       0x20 c:/users/james/mhv_avr/bin/../lib/gcc/avr/4.8.2/avr5\libgcc.a(_divmodhi4.o)
 .debug_aranges
                0x00000be8       0x20 c:/users/james/mhv_avr/bin/../lib/gcc/avr/4.8.2/avr5\libgcc.a(_exit.o)
 .debug_aranges
                0x00000c08       0x20 c:/users/james/mhv_avr/bin/../lib/gcc/avr/4.8.2/avr5\libgcc.a(_tablejump.o)
 .debug_aranges
                0x00000c28       0x20 c:/users/james/mhv_avr/bin/../lib/gcc/avr/4.8.2/avr5\libgcc.a(_copy_data.o)
 .debug_aranges
                0x00000c48       0x20 c:/users/james/mhv_avr/bin/../lib/gcc/avr/4.8.2/avr5\libgcc.a(_clear_bss.o)
 .debug_aranges
                0x00000c68       0x20 c:/users/james/mhv_avr/bin/../lib/gcc/avr/4.8.2/avr5\libgcc.a(_udivmodhi4.o)

.debug_pubnames
 *(.debug_pubnames)

.debug_info     0x00000000    0x12fa8
 *(.debug_info .gnu.linkonce.wi.*)
 .debug_info    0x00000000      0x9f4 c:/users/james/mhv_avr/bin/../lib/gcc/avr/4.8.2/../../../../avr/lib/avr5/crtm32u4.o
 .debug_info    0x000009f4       0x88 .build/obj_apgmkv37_windows/keyboards/apgmkv37/apgmkv37.o
 .debug_info    0x00000a7c      0xaf7 .build/obj_apgmkv37_windows/keyboards/apgmkv37/keymaps/windows/keymap.o
 .debug_info    0x00001573     0x17cc .build/obj_apgmkv37_windows/quantum/quantum.o
 .debug_info    0x00002d3f     0x11d8 .build/obj_apgmkv37_windows/quantum/keymap_common.o
 .debug_info    0x00003f17      0x5ec .build/obj_apgmkv37_windows/quantum/keycode_config.o
 .debug_info    0x00004503      0x5e9 .build/obj_apgmkv37_windows/quantum/process_keycode/process_leader.o
 .debug_info    0x00004aec      0x6dc .build/obj_apgmkv37_windows/quantum/matrix.o
 .debug_info    0x000051c8      0xf05 .build/obj_apgmkv37_windows/quantum/process_keycode/process_unicode.o
 .debug_info    0x000060cd      0x4a9 .build/obj_apgmkv37_windows/common/host.o
 .debug_info    0x00006576      0x435 .build/obj_apgmkv37_windows/common/keyboard.o
 .debug_info    0x000069ab     0x18f1 .build/obj_apgmkv37_windows/common/action.o
 .debug_info    0x0000829c      0xe7f .build/obj_apgmkv37_windows/common/action_tapping.o
 .debug_info    0x0000911b      0x80c .build/obj_apgmkv37_windows/common/action_macro.o
 .debug_info    0x00009927      0xab9 .build/obj_apgmkv37_windows/common/action_layer.o
 .debug_info    0x0000a3e0      0x9a4 .build/obj_apgmkv37_windows/common/action_util.o
 .debug_info    0x0000ad84       0x56 .build/obj_apgmkv37_windows/common/print.o
 .debug_info    0x0000adda       0xfc .build/obj_apgmkv37_windows/common/debug.o
 .debug_info    0x0000aed6      0x29b .build/obj_apgmkv37_windows/common/util.o
 .debug_info    0x0000b171      0x3cf .build/obj_apgmkv37_windows/common/eeconfig.o
 .debug_info    0x0000b540      0x2b8 .build/obj_apgmkv37_windows/common/avr/suspend.o
 .debug_info    0x0000b7f8      0x389 .build/obj_apgmkv37_windows/common/avr/timer.o
 .debug_info    0x0000bb81      0x18a .build/obj_apgmkv37_windows/common/avr/bootloader.o
 .debug_info    0x0000bd0b      0xb74 .build/obj_apgmkv37_windows/common/bootmagic.o
 .debug_info    0x0000c87f      0x63f .build/obj_apgmkv37_windows/common/mousekey.o
 .debug_info    0x0000cebe     0x10bd .build/obj_apgmkv37_windows/lufa.o
 .debug_info    0x0000df7b      0x7b9 .build/obj_apgmkv37_windows/descriptor.o
 .debug_info    0x0000e734      0x73e .build/obj_apgmkv37_windows/protocol/lufa/LUFA-git/LUFA/Drivers/USB/Class/Common/HIDParser.o
 .debug_info    0x0000ee72       0xd2 .build/obj_apgmkv37_windows/protocol/lufa/LUFA-git/LUFA/Drivers/USB/Core/AVR8/Device_AVR8.o
 .debug_info    0x0000ef44     0x17b4 .build/obj_apgmkv37_windows/protocol/lufa/LUFA-git/LUFA/Drivers/USB/Core/AVR8/EndpointStream_AVR8.o
 .debug_info    0x000106f8      0x614 .build/obj_apgmkv37_windows/protocol/lufa/LUFA-git/LUFA/Drivers/USB/Core/AVR8/Endpoint_AVR8.o
 .debug_info    0x00010d0c       0x56 .build/obj_apgmkv37_windows/protocol/lufa/LUFA-git/LUFA/Drivers/USB/Core/AVR8/Host_AVR8.o
 .debug_info    0x00010d62       0x56 .build/obj_apgmkv37_windows/protocol/lufa/LUFA-git/LUFA/Drivers/USB/Core/AVR8/PipeStream_AVR8.o
 .debug_info    0x00010db8       0x56 .build/obj_apgmkv37_windows/protocol/lufa/LUFA-git/LUFA/Drivers/USB/Core/AVR8/Pipe_AVR8.o
 .debug_info    0x00010e0e      0x4cb .build/obj_apgmkv37_windows/protocol/lufa/LUFA-git/LUFA/Drivers/USB/Core/AVR8/USBController_AVR8.o
 .debug_info    0x000112d9      0x7c4 .build/obj_apgmkv37_windows/protocol/lufa/LUFA-git/LUFA/Drivers/USB/Core/AVR8/USBInterrupt_AVR8.o
 .debug_info    0x00011a9d      0x3cd .build/obj_apgmkv37_windows/protocol/lufa/LUFA-git/LUFA/Drivers/USB/Core/ConfigDescriptors.o
 .debug_info    0x00011e6a      0xa57 .build/obj_apgmkv37_windows/protocol/lufa/LUFA-git/LUFA/Drivers/USB/Core/DeviceStandardReq.o
 .debug_info    0x000128c1       0x78 .build/obj_apgmkv37_windows/protocol/lufa/LUFA-git/LUFA/Drivers/USB/Core/Events.o
 .debug_info    0x00012939       0x56 .build/obj_apgmkv37_windows/protocol/lufa/LUFA-git/LUFA/Drivers/USB/Core/HostStandardReq.o
 .debug_info    0x0001298f      0x26b .build/obj_apgmkv37_windows/protocol/lufa/LUFA-git/LUFA/Drivers/USB/Core/USBTask.o
 .debug_info    0x00012bfa       0x9d c:/users/james/mhv_avr/bin/../lib/gcc/avr/4.8.2/avr5\libgcc.a(_divmodhi4.o)
 .debug_info    0x00012c97       0x9d c:/users/james/mhv_avr/bin/../lib/gcc/avr/4.8.2/avr5\libgcc.a(_exit.o)
 .debug_info    0x00012d34       0x9d c:/users/james/mhv_avr/bin/../lib/gcc/avr/4.8.2/avr5\libgcc.a(_tablejump.o)
 .debug_info    0x00012dd1       0x9d c:/users/james/mhv_avr/bin/../lib/gcc/avr/4.8.2/avr5\libgcc.a(_copy_data.o)
 .debug_info    0x00012e6e       0x9d c:/users/james/mhv_avr/bin/../lib/gcc/avr/4.8.2/avr5\libgcc.a(_clear_bss.o)
 .debug_info    0x00012f0b       0x9d c:/users/james/mhv_avr/bin/../lib/gcc/avr/4.8.2/avr5\libgcc.a(_udivmodhi4.o)

.debug_abbrev   0x00000000     0x4c6b
 *(.debug_abbrev)
 .debug_abbrev  0x00000000      0x96a c:/users/james/mhv_avr/bin/../lib/gcc/avr/4.8.2/../../../../avr/lib/avr5/crtm32u4.o
 .debug_abbrev  0x0000096a       0x4b .build/obj_apgmkv37_windows/keyboards/apgmkv37/apgmkv37.o
 .debug_abbrev  0x000009b5      0x1a7 .build/obj_apgmkv37_windows/keyboards/apgmkv37/keymaps/windows/keymap.o
 .debug_abbrev  0x00000b5c      0x3c2 .build/obj_apgmkv37_windows/quantum/quantum.o
 .debug_abbrev  0x00000f1e      0x228 .build/obj_apgmkv37_windows/quantum/keymap_common.o
 .debug_abbrev  0x00001146       0xd0 .build/obj_apgmkv37_windows/quantum/keycode_config.o
 .debug_abbrev  0x00001216      0x150 .build/obj_apgmkv37_windows/quantum/process_keycode/process_leader.o
 .debug_abbrev  0x00001366      0x31d .build/obj_apgmkv37_windows/quantum/matrix.o
 .debug_abbrev  0x00001683      0x2b1 .build/obj_apgmkv37_windows/quantum/process_keycode/process_unicode.o
 .debug_abbrev  0x00001934      0x183 .build/obj_apgmkv37_windows/common/host.o
 .debug_abbrev  0x00001ab7      0x23d .build/obj_apgmkv37_windows/common/keyboard.o
 .debug_abbrev  0x00001cf4      0x342 .build/obj_apgmkv37_windows/common/action.o
 .debug_abbrev  0x00002036      0x2ef .build/obj_apgmkv37_windows/common/action_tapping.o
 .debug_abbrev  0x00002325      0x179 .build/obj_apgmkv37_windows/common/action_macro.o
 .debug_abbrev  0x0000249e      0x289 .build/obj_apgmkv37_windows/common/action_layer.o
 .debug_abbrev  0x00002727      0x30e .build/obj_apgmkv37_windows/common/action_util.o
 .debug_abbrev  0x00002a35       0x26 .build/obj_apgmkv37_windows/common/print.o
 .debug_abbrev  0x00002a5b       0x87 .build/obj_apgmkv37_windows/common/debug.o
 .debug_abbrev  0x00002ae2       0xcb .build/obj_apgmkv37_windows/common/util.o
 .debug_abbrev  0x00002bad       0xef .build/obj_apgmkv37_windows/common/eeconfig.o
 .debug_abbrev  0x00002c9c      0x1be .build/obj_apgmkv37_windows/common/avr/suspend.o
 .debug_abbrev  0x00002e5a      0x18d .build/obj_apgmkv37_windows/common/avr/timer.o
 .debug_abbrev  0x00002fe7      0x115 .build/obj_apgmkv37_windows/common/avr/bootloader.o
 .debug_abbrev  0x000030fc      0x269 .build/obj_apgmkv37_windows/common/bootmagic.o
 .debug_abbrev  0x00003365      0x1e9 .build/obj_apgmkv37_windows/common/mousekey.o
 .debug_abbrev  0x0000354e      0x3f2 .build/obj_apgmkv37_windows/lufa.o
 .debug_abbrev  0x00003940      0x177 .build/obj_apgmkv37_windows/descriptor.o
 .debug_abbrev  0x00003ab7      0x21e .build/obj_apgmkv37_windows/protocol/lufa/LUFA-git/LUFA/Drivers/USB/Class/Common/HIDParser.o
 .debug_abbrev  0x00003cd5       0x80 .build/obj_apgmkv37_windows/protocol/lufa/LUFA-git/LUFA/Drivers/USB/Core/AVR8/Device_AVR8.o
 .debug_abbrev  0x00003d55      0x213 .build/obj_apgmkv37_windows/protocol/lufa/LUFA-git/LUFA/Drivers/USB/Core/AVR8/EndpointStream_AVR8.o
 .debug_abbrev  0x00003f68      0x222 .build/obj_apgmkv37_windows/protocol/lufa/LUFA-git/LUFA/Drivers/USB/Core/AVR8/Endpoint_AVR8.o
 .debug_abbrev  0x0000418a       0x26 .build/obj_apgmkv37_windows/protocol/lufa/LUFA-git/LUFA/Drivers/USB/Core/AVR8/Host_AVR8.o
 .debug_abbrev  0x000041b0       0x26 .build/obj_apgmkv37_windows/protocol/lufa/LUFA-git/LUFA/Drivers/USB/Core/AVR8/PipeStream_AVR8.o
 .debug_abbrev  0x000041d6       0x26 .build/obj_apgmkv37_windows/protocol/lufa/LUFA-git/LUFA/Drivers/USB/Core/AVR8/Pipe_AVR8.o
 .debug_abbrev  0x000041fc      0x196 .build/obj_apgmkv37_windows/protocol/lufa/LUFA-git/LUFA/Drivers/USB/Core/AVR8/USBController_AVR8.o
 .debug_abbrev  0x00004392      0x234 .build/obj_apgmkv37_windows/protocol/lufa/LUFA-git/LUFA/Drivers/USB/Core/AVR8/USBInterrupt_AVR8.o
 .debug_abbrev  0x000045c6      0x183 .build/obj_apgmkv37_windows/protocol/lufa/LUFA-git/LUFA/Drivers/USB/Core/ConfigDescriptors.o
 .debug_abbrev  0x00004749      0x2d8 .build/obj_apgmkv37_windows/protocol/lufa/LUFA-git/LUFA/Drivers/USB/Core/DeviceStandardReq.o
 .debug_abbrev  0x00004a21       0x44 .build/obj_apgmkv37_windows/protocol/lufa/LUFA-git/LUFA/Drivers/USB/Core/Events.o
 .debug_abbrev  0x00004a65       0x26 .build/obj_apgmkv37_windows/protocol/lufa/LUFA-git/LUFA/Drivers/USB/Core/HostStandardReq.o
 .debug_abbrev  0x00004a8b      0x168 .build/obj_apgmkv37_windows/protocol/lufa/LUFA-git/LUFA/Drivers/USB/Core/USBTask.o
 .debug_abbrev  0x00004bf3       0x14 c:/users/james/mhv_avr/bin/../lib/gcc/avr/4.8.2/avr5\libgcc.a(_divmodhi4.o)
 .debug_abbrev  0x00004c07       0x14 c:/users/james/mhv_avr/bin/../lib/gcc/avr/4.8.2/avr5\libgcc.a(_exit.o)
 .debug_abbrev  0x00004c1b       0x14 c:/users/james/mhv_avr/bin/../lib/gcc/avr/4.8.2/avr5\libgcc.a(_tablejump.o)
 .debug_abbrev  0x00004c2f       0x14 c:/users/james/mhv_avr/bin/../lib/gcc/avr/4.8.2/avr5\libgcc.a(_copy_data.o)
 .debug_abbrev  0x00004c43       0x14 c:/users/james/mhv_avr/bin/../lib/gcc/avr/4.8.2/avr5\libgcc.a(_clear_bss.o)
 .debug_abbrev  0x00004c57       0x14 c:/users/james/mhv_avr/bin/../lib/gcc/avr/4.8.2/avr5\libgcc.a(_udivmodhi4.o)

.debug_line     0x00000000     0x5c9a
 *(.debug_line .debug_line.* .debug_line_end)
 .debug_line    0x00000000       0x1a c:/users/james/mhv_avr/bin/../lib/gcc/avr/4.8.2/../../../../avr/lib/avr5/crtm32u4.o
 .debug_line    0x0000001a       0x8e .build/obj_apgmkv37_windows/keyboards/apgmkv37/apgmkv37.o
 .debug_line    0x000000a8      0x22c .build/obj_apgmkv37_windows/keyboards/apgmkv37/keymaps/windows/keymap.o
 .debug_line    0x000002d4      0x474 .build/obj_apgmkv37_windows/quantum/quantum.o
 .debug_line    0x00000748      0x246 .build/obj_apgmkv37_windows/quantum/keymap_common.o
 .debug_line    0x0000098e       0xcd .build/obj_apgmkv37_windows/quantum/keycode_config.o
 .debug_line    0x00000a5b      0x15b .build/obj_apgmkv37_windows/quantum/process_keycode/process_leader.o
 .debug_line    0x00000bb6      0x23f .build/obj_apgmkv37_windows/quantum/matrix.o
 .debug_line    0x00000df5      0x297 .build/obj_apgmkv37_windows/quantum/process_keycode/process_unicode.o
 .debug_line    0x0000108c      0x170 .build/obj_apgmkv37_windows/common/host.o
 .debug_line    0x000011fc      0x19f .build/obj_apgmkv37_windows/common/keyboard.o
 .debug_line    0x0000139b      0x40f .build/obj_apgmkv37_windows/common/action.o
 .debug_line    0x000017aa      0x26d .build/obj_apgmkv37_windows/common/action_tapping.o
 .debug_line    0x00001a17      0x16f .build/obj_apgmkv37_windows/common/action_macro.o
 .debug_line    0x00001b86      0x266 .build/obj_apgmkv37_windows/common/action_layer.o
 .debug_line    0x00001dec      0x3c4 .build/obj_apgmkv37_windows/common/action_util.o
 .debug_line    0x000021b0       0x1a .build/obj_apgmkv37_windows/common/print.o
 .debug_line    0x000021ca       0x71 .build/obj_apgmkv37_windows/common/debug.o
 .debug_line    0x0000223b      0x186 .build/obj_apgmkv37_windows/common/util.o
 .debug_line    0x000023c1      0x13f .build/obj_apgmkv37_windows/common/eeconfig.o
 .debug_line    0x00002500      0x1d8 .build/obj_apgmkv37_windows/common/avr/suspend.o
 .debug_line    0x000026d8      0x194 .build/obj_apgmkv37_windows/common/avr/timer.o
 .debug_line    0x0000286c      0x178 .build/obj_apgmkv37_windows/common/avr/bootloader.o
 .debug_line    0x000029e4      0x234 .build/obj_apgmkv37_windows/common/bootmagic.o
 .debug_line    0x00002c18      0x304 .build/obj_apgmkv37_windows/common/mousekey.o
 .debug_line    0x00002f1c      0x61c .build/obj_apgmkv37_windows/lufa.o
 .debug_line    0x00003538      0x1e0 .build/obj_apgmkv37_windows/descriptor.o
 .debug_line    0x00003718      0x24d .build/obj_apgmkv37_windows/protocol/lufa/LUFA-git/LUFA/Drivers/USB/Class/Common/HIDParser.o
 .debug_line    0x00003965      0x12e .build/obj_apgmkv37_windows/protocol/lufa/LUFA-git/LUFA/Drivers/USB/Core/AVR8/Device_AVR8.o
 .debug_line    0x00003a93      0xc69 .build/obj_apgmkv37_windows/protocol/lufa/LUFA-git/LUFA/Drivers/USB/Core/AVR8/EndpointStream_AVR8.o
 .debug_line    0x000046fc      0x3dd .build/obj_apgmkv37_windows/protocol/lufa/LUFA-git/LUFA/Drivers/USB/Core/AVR8/Endpoint_AVR8.o
 .debug_line    0x00004ad9       0x1a .build/obj_apgmkv37_windows/protocol/lufa/LUFA-git/LUFA/Drivers/USB/Core/AVR8/Host_AVR8.o
 .debug_line    0x00004af3       0x1a .build/obj_apgmkv37_windows/protocol/lufa/LUFA-git/LUFA/Drivers/USB/Core/AVR8/PipeStream_AVR8.o
 .debug_line    0x00004b0d       0x1a .build/obj_apgmkv37_windows/protocol/lufa/LUFA-git/LUFA/Drivers/USB/Core/AVR8/Pipe_AVR8.o
 .debug_line    0x00004b27      0x2ec .build/obj_apgmkv37_windows/protocol/lufa/LUFA-git/LUFA/Drivers/USB/Core/AVR8/USBController_AVR8.o