Archive member included because of file (symbol)

c:/users/james/mhv_avr/bin/../lib/gcc/avr/4.8.2/../../../../avr/lib/avr5\libm.a(fixsfsi.o)
                              .build/obj_mathkeeb_win_nordic/common/mousekey.o (__fixsfsi)
c:/users/james/mhv_avr/bin/../lib/gcc/avr/4.8.2/../../../../avr/lib/avr5\libm.a(fixunssfsi.o)
                              c:/users/james/mhv_avr/bin/../lib/gcc/avr/4.8.2/../../../../avr/lib/avr5\libm.a(fixsfsi.o) (__fixunssfsi)
c:/users/james/mhv_avr/bin/../lib/gcc/avr/4.8.2/../../../../avr/lib/avr5\libm.a(floatsisf.o)
                              .build/obj_mathkeeb_win_nordic/common/mousekey.o (__floatsisf)
c:/users/james/mhv_avr/bin/../lib/gcc/avr/4.8.2/../../../../avr/lib/avr5\libm.a(fp_split3.o)
                              c:/users/james/mhv_avr/bin/../lib/gcc/avr/4.8.2/../../../../avr/lib/avr5\libm.a(fixunssfsi.o) (__fp_splitA)
c:/users/james/mhv_avr/bin/../lib/gcc/avr/4.8.2/../../../../avr/lib/avr5\libm.a(fp_zero.o)
                              c:/users/james/mhv_avr/bin/../lib/gcc/avr/4.8.2/../../../../avr/lib/avr5\libm.a(fixunssfsi.o) (__fp_zero)
c:/users/james/mhv_avr/bin/../lib/gcc/avr/4.8.2/../../../../avr/lib/avr5\libm.a(mulsf3.o)
                              .build/obj_mathkeeb_win_nordic/common/mousekey.o (__mulsf3)
c:/users/james/mhv_avr/bin/../lib/gcc/avr/4.8.2/../../../../avr/lib/avr5\libm.a(mulsf3x.o)
                              c:/users/james/mhv_avr/bin/../lib/gcc/avr/4.8.2/../../../../avr/lib/avr5\libm.a(mulsf3.o) (__mulsf3x)
c:/users/james/mhv_avr/bin/../lib/gcc/avr/4.8.2/../../../../avr/lib/avr5\libm.a(fp_inf.o)
                              c:/users/james/mhv_avr/bin/../lib/gcc/avr/4.8.2/../../../../avr/lib/avr5\libm.a(mulsf3x.o) (__fp_inf)
c:/users/james/mhv_avr/bin/../lib/gcc/avr/4.8.2/../../../../avr/lib/avr5\libm.a(fp_nan.o)
                              c:/users/james/mhv_avr/bin/../lib/gcc/avr/4.8.2/../../../../avr/lib/avr5\libm.a(mulsf3x.o) (__fp_nan)
c:/users/james/mhv_avr/bin/../lib/gcc/avr/4.8.2/../../../../avr/lib/avr5\libm.a(fp_pscA.o)
                              c:/users/james/mhv_avr/bin/../lib/gcc/avr/4.8.2/../../../../avr/lib/avr5\libm.a(mulsf3x.o) (__fp_pscA)
c:/users/james/mhv_avr/bin/../lib/gcc/avr/4.8.2/../../../../avr/lib/avr5\libm.a(fp_pscB.o)
                              c:/users/james/mhv_avr/bin/../lib/gcc/avr/4.8.2/../../../../avr/lib/avr5\libm.a(mulsf3x.o) (__fp_pscB)
c:/users/james/mhv_avr/bin/../lib/gcc/avr/4.8.2/../../../../avr/lib/avr5\libm.a(fp_round.o)
                              c:/users/james/mhv_avr/bin/../lib/gcc/avr/4.8.2/../../../../avr/lib/avr5\libm.a(mulsf3.o) (__fp_round)
c:/users/james/mhv_avr/bin/../lib/gcc/avr/4.8.2/avr5\libgcc.a(_divmodhi4.o)
                              .build/obj_mathkeeb_win_nordic/common/mousekey.o (__divmodhi4)
c:/users/james/mhv_avr/bin/../lib/gcc/avr/4.8.2/avr5\libgcc.a(_exit.o)
                              c:/users/james/mhv_avr/bin/../lib/gcc/avr/4.8.2/../../../../avr/lib/avr5/crtm32u4.o (exit)
c:/users/james/mhv_avr/bin/../lib/gcc/avr/4.8.2/avr5\libgcc.a(_tablejump.o)
                              .build/obj_mathkeeb_win_nordic/keyboards/mathkeeb/keymaps/win_nordic/keymap.o (__tablejump2__)
c:/users/james/mhv_avr/bin/../lib/gcc/avr/4.8.2/avr5\libgcc.a(_copy_data.o)
                              .build/obj_mathkeeb_win_nordic/quantum/matrix.o (__do_copy_data)
c:/users/james/mhv_avr/bin/../lib/gcc/avr/4.8.2/avr5\libgcc.a(_clear_bss.o)
                              .build/obj_mathkeeb_win_nordic/quantum/quantum.o (__do_clear_bss)
c:/users/james/mhv_avr/bin/../lib/gcc/avr/4.8.2/avr5\libgcc.a(_udivmodhi4.o)
                              c:/users/james/mhv_avr/bin/../lib/gcc/avr/4.8.2/avr5\libgcc.a(_divmodhi4.o) (__udivmodhi4)
c:/users/james/mhv_avr/bin/../lib/gcc/avr/4.8.2/../../../../avr/lib/avr5\libc.a(eerd_byte_atmega32u4.o)
                              .build/obj_mathkeeb_win_nordic/common/eeconfig.o (__eerd_byte_m32u4)
c:/users/james/mhv_avr/bin/../lib/gcc/avr/4.8.2/../../../../avr/lib/avr5\libc.a(eerd_word_atmega32u4.o)
                              .build/obj_mathkeeb_win_nordic/common/eeconfig.o (__eerd_word_m32u4)
c:/users/james/mhv_avr/bin/../lib/gcc/avr/4.8.2/../../../../avr/lib/avr5\libc.a(eeupd_byte_atmega32u4.o)
                              .build/obj_mathkeeb_win_nordic/common/eeconfig.o (__eeupd_byte_m32u4)
c:/users/james/mhv_avr/bin/../lib/gcc/avr/4.8.2/../../../../avr/lib/avr5\libc.a(eeupd_word_atmega32u4.o)
                              .build/obj_mathkeeb_win_nordic/common/eeconfig.o (__eeupd_word_m32u4)
c:/users/james/mhv_avr/bin/../lib/gcc/avr/4.8.2/../../../../avr/lib/avr5\libc.a(eerd_block_atmega32u4.o)
                              c:/users/james/mhv_avr/bin/../lib/gcc/avr/4.8.2/../../../../avr/lib/avr5\libc.a(eerd_word_atmega32u4.o) (__eerd_blraw_m32u4)

Allocating common symbols
Common symbol       size              file

USB_IsInitialized   0x1               .build/obj_mathkeeb_win_nordic/protocol/lufa/LUFA-git/LUFA/Drivers/USB/Core/USBTask.o
[...]
Memory Configuration

Name             Origin             Length             Attributes
text             0x00000000         0x00020000         xr
data             0x00800060         0x0000ffa0         rw !x
eeprom           0x00810000         0x00010000         rw !x
fuse             0x00820000         0x00000400         rw !x
lock             0x00830000         0x00000400         rw !x
signature        0x00840000         0x00000400         rw !x
*default*        0x00000000         0xffffffff

Linker script and memory map

Address of section .data set to 0x800100
LOAD c:/users/james/mhv_avr/bin/../lib/gcc/avr/4.8.2/../../../../avr/lib/avr5/crtm32u4.o
LOAD .build/obj_mathkeeb_win_nordic/keyboards/mathkeeb/mathkeeb.o
LOAD .build/obj_mathkeeb_win_nordic/keyboards/mathkeeb/keymaps/win_nordic/keymap.o
LOAD .build/obj_mathkeeb_win_nordic/quantum/quantum.o
LOAD .build/obj_mathkeeb_win_nordic/quantum/keymap_common.o
LOAD .build/obj_mathkeeb_win_nordic/quantum/keycode_config.o
LOAD .build/obj_mathkeeb_win_nordic/quantum/process_keycode/process_leader.o
LOAD .build/obj_mathkeeb_win_nordic/quantum/matrix.o
LOAD .build/obj_mathkeeb_win_nordic/quantum/process_keycode/process_unicode.o
LOAD .build/obj_mathkeeb_win_nordic/common/host.o
LOAD .build/obj_mathkeeb_win_nordic/common/keyboard.o
LOAD .build/obj_mathkeeb_win_nordic/common/action.o
LOAD .build/obj_mathkeeb_win_nordic/common/action_tapping.o
LOAD .build/obj_mathkeeb_win_nordic/common/action_macro.o
LOAD .build/obj_mathkeeb_win_nordic/common/action_layer.o
LOAD .build/obj_mathkeeb_win_nordic/common/action_util.o
LOAD .build/obj_mathkeeb_win_nordic/common/print.o
LOAD .build/obj_mathkeeb_win_nordic/common/debug.o
LOAD .build/obj_mathkeeb_win_nordic/common/util.o
LOAD .build/obj_mathkeeb_win_nordic/common/eeconfig.o
LOAD .build/obj_mathkeeb_win_nordic/common/avr/suspend.o
LOAD .build/obj_mathkeeb_win_nordic/common/avr/timer.o
LOAD .build/obj_mathkeeb_win_nordic/common/avr/bootloader.o
LOAD .build/obj_mathkeeb_win_nordic/common/avr/xprintf.o
LOAD .build/obj_mathkeeb_win_nordic/common/bootmagic.o
LOAD .build/obj_mathkeeb_win_nordic/common/mousekey.o
LOAD .build/obj_mathkeeb_win_nordic/lufa.o
LOAD .build/obj_mathkeeb_win_nordic/descriptor.o
LOAD .build/obj_mathkeeb_win_nordic/protocol/lufa/LUFA-git/LUFA/Drivers/USB/Class/Common/HIDParser.o
LOAD .build/obj_mathkeeb_win_nordic/protocol/lufa/LUFA-git/LUFA/Drivers/USB/Core/AVR8/Device_AVR8.o
LOAD .build/obj_mathkeeb_win_nordic/protocol/lufa/LUFA-git/LUFA/Drivers/USB/Core/AVR8/EndpointStream_AVR8.o
LOAD .build/obj_mathkeeb_win_nordic/protocol/lufa/LUFA-git/LUFA/Drivers/USB/Core/AVR8/Endpoint_AVR8.o
LOAD .build/obj_mathkeeb_win_nordic/protocol/lufa/LUFA-git/LUFA/Drivers/USB/Core/AVR8/Host_AVR8.o
LOAD .build/obj_mathkeeb_win_nordic/protocol/lufa/LUFA-git/LUFA/Drivers/USB/Core/AVR8/PipeStream_AVR8.o
LOAD .build/obj_mathkeeb_win_nordic/protocol/lufa/LUFA-git/LUFA/Drivers/USB/Core/AVR8/Pipe_AVR8.o
LOAD .build/obj_mathkeeb_win_nordic/protocol/lufa/LUFA-git/LUFA/Drivers/USB/Core/AVR8/USBController_AVR8.o
LOAD .build/obj_mathkeeb_win_nordic/protocol/lufa/LUFA-git/LUFA/Drivers/USB/Core/AVR8/USBInterrupt_AVR8.o
LOAD .build/obj_mathkeeb_win_nordic/protocol/lufa/LUFA-git/LUFA/Drivers/USB/Core/ConfigDescriptors.o
LOAD .build/obj_mathkeeb_win_nordic/protocol/lufa/LUFA-git/LUFA/Drivers/USB/Core/DeviceStandardReq.o
LOAD .build/obj_mathkeeb_win_nordic/protocol/lufa/LUFA-git/LUFA/Drivers/USB/Core/Events.o
LOAD .build/obj_mathkeeb_win_nordic/protocol/lufa/LUFA-git/LUFA/Drivers/USB/Core/HostStandardReq.o
LOAD .build/obj_mathkeeb_win_nordic/protocol/lufa/LUFA-git/LUFA/Drivers/USB/Core/USBTask.o
LOAD c:/users/james/mhv_avr/bin/../lib/gcc/avr/4.8.2/../../../../avr/lib/avr5\libm.a
START GROUP
LOAD c:/users/james/mhv_avr/bin/../lib/gcc/avr/4.8.2/avr5\libgcc.a
LOAD c:/users/james/mhv_avr/bin/../lib/gcc/avr/4.8.2/../../../../avr/lib/avr5\libm.a
LOAD c:/users/james/mhv_avr/bin/../lib/gcc/avr/4.8.2/../../../../avr/lib/avr5\libc.a
END GROUP

.hash
 *(.hash)

.dynsym
 *(.dynsym)

.dynstr
 *(.dynstr)

.gnu.version
 *(.gnu.version)

.gnu.version_d
 *(.gnu.version_d)

.gnu.version_r
 *(.gnu.version_r)

.rel.init
 *(.rel.init)

.rela.init
 *(.rela.init)

.rel.text
 *(.rel.text)
 *(.rel.text.*)
 *(.rel.gnu.linkonce.t*)

.rela.text
 *(.rela.text)
 *(.rela.text.*)
 *(.rela.gnu.linkonce.t*)

.rel.fini
 *(.rel.fini)

.rela.fini
 *(.rela.fini)

.rel.rodata
 *(.rel.rodata)
 *(.rel.rodata.*)
 *(.rel.gnu.linkonce.r*)

.rela.rodata
 *(.rela.rodata)
 *(.rela.rodata.*)
 *(.rela.gnu.linkonce.r*)

.rel.data
 *(.rel.data)
 *(.rel.data.*)
 *(.rel.gnu.linkonce.d*)

.rela.data
 *(.rela.data)
 *(.rela.data.*)
 *(.rela.gnu.linkonce.d*)

.rel.ctors
 *(.rel.ctors)

.rela.ctors
 *(.rela.ctors)

.rel.dtors
 *(.rel.dtors)

.rela.dtors
 *(.rela.dtors)

.rel.got
 *(.rel.got)

.rela.got
 *(.rela.got)

.rel.bss
 *(.rel.bss)

.rela.bss
 *(.rela.bss)

.rel.plt
 *(.rel.plt)

.rela.plt
 *(.rela.plt)

.text           0x00000000     0x586e
 *(.vectors)
 .vectors       0x00000000       0xac c:/users/james/mhv_avr/bin/../lib/gcc/avr/4.8.2/../../../../avr/lib/avr5/crtm32u4.o
                0x00000000                __vector_default
                0x00000000                __vectors
 *(.vectors)
 *(.progmem.gcc*)
 .progmem.gcc_sw_table.action_get_macro
                0x000000ac       0xc4 .build/obj_mathkeeb_win_nordic/keyboards/mathkeeb/keymaps/win_nordic/keymap.o
 .progmem.gcc_sw_table.process_record_quantum
                0x00000170       0x24 .build/obj_mathkeeb_win_nordic/quantum/quantum.o
 .progmem.gcc_sw_table.process_action
                0x00000194       0x4a .build/obj_mathkeeb_win_nordic/common/action.o
 .progmem.gcc_sw_table.is_tap_key
                0x000001de       0x1c .build/obj_mathkeeb_win_nordic/common/action.o
 .progmem.gcc_sw_table.USB_Device_ProcessControlRequest
                0x000001fa       0x14 .build/obj_mathkeeb_win_nordic/protocol/lufa/LUFA-git/LUFA/Drivers/USB/Core/DeviceStandardReq.o
                0x0000020e                . = ALIGN (0x2)
                0x0000020e                __trampolines_start = .
 *(.trampolines)
 .trampolines   0x0000020e        0x0 linker stubs
 *(.trampolines*)
                0x0000020e                __trampolines_end = .
 *(.progmem*)
 .progmem.data.__m.5400
                0x0000020e       0x21 .build/obj_mathkeeb_win_nordic/keyboards/mathkeeb/keymaps/win_nordic/keymap.o
 .progmem.data.__m.5397
                0x0000022f       0x21 .build/obj_mathkeeb_win_nordic/keyboards/mathkeeb/keymaps/win_nordic/keymap.o
 .progmem.data.__m.5394
                0x00000250       0x21 .build/obj_mathkeeb_win_nordic/keyboards/mathkeeb/keymaps/win_nordic/keymap.o
 .progmem.data.__m.5391
                0x00000271       0x15 .build/obj_mathkeeb_win_nordic/keyboards/mathkeeb/keymaps/win_nordic/keymap.o
 .progmem.data.__m.5388
                0x00000286       0x15 .build/obj_mathkeeb_win_nordic/keyboards/mathkeeb/keymaps/win_nordic/keymap.o
 .progmem.data.__m.5385
                0x0000029b       0x15 .build/obj_mathkeeb_win_nordic/keyboards/mathkeeb/keymaps/win_nordic/keymap.o
 .progmem.data.__m.5382
                0x000002b0       0x21 .build/obj_mathkeeb_win_nordic/keyboards/mathkeeb/keymaps/win_nordic/keymap.o
 .progmem.data.__m.5379
                0x000002d1       0x11 .build/obj_mathkeeb_win_nordic/keyboards/mathkeeb/keymaps/win_nordic/keymap.o
 .progmem.data.__m.5376
                0x000002e2       0x15 .build/obj_mathkeeb_win_nordic/keyboards/mathkeeb/keymaps/win_nordic/keymap.o
 .progmem.data.__m.5373
                0x000002f7       0x21 .build/obj_mathkeeb_win_nordic/keyboards/mathkeeb/keymaps/win_nordic/keymap.o
 .progmem.data.__m.5370
                0x00000318        0xd .build/obj_mathkeeb_win_nordic/keyboards/mathkeeb/keymaps/win_nordic/keymap.o
 .progmem.data.__m.5367
                0x00000325        0xd .build/obj_mathkeeb_win_nordic/keyboards/mathkeeb/keymaps/win_nordic/keymap.o
 .progmem.data.__m.5364
                0x00000332        0x9 .build/obj_mathkeeb_win_nordic/keyboards/mathkeeb/keymaps/win_nordic/keymap.o
 .progmem.data.__m.5361
                0x0000033b       0x1d .build/obj_mathkeeb_win_nordic/keyboards/mathkeeb/keymaps/win_nordic/keymap.o
 .progmem.data.__m.5358
                0x00000358       0x39 .build/obj_mathkeeb_win_nordic/keyboards/mathkeeb/keymaps/win_nordic/keymap.o
 .progmem.data.__m.5355
                0x00000391       0x19 .build/obj_mathkeeb_win_nordic/keyboards/mathkeeb/keymaps/win_nordic/keymap.o
 .progmem.data.__m.5352
                0x000003aa       0x15 .build/obj_mathkeeb_win_nordic/keyboards/mathkeeb/keymaps/win_nordic/keymap.o
 .progmem.data.__m.5349
                0x000003bf       0x11 .build/obj_mathkeeb_win_nordic/keyboards/mathkeeb/keymaps/win_nordic/keymap.o
 .progmem.data.__m.5346
                0x000003d0       0x1d .build/obj_mathkeeb_win_nordic/keyboards/mathkeeb/keymaps/win_nordic/keymap.o
 .progmem.data.__m.5343
                0x000003ed       0x19 .build/obj_mathkeeb_win_nordic/keyboards/mathkeeb/keymaps/win_nordic/keymap.o
 .progmem.data.__m.5340
                0x00000406       0x21 .build/obj_mathkeeb_win_nordic/keyboards/mathkeeb/keymaps/win_nordic/keymap.o
 .progmem.data.__m.5337
                0x00000427       0x51 .build/obj_mathkeeb_win_nordic/keyboards/mathkeeb/keymaps/win_nordic/keymap.o
 .progmem.data.__m.5334
                0x00000478       0x4d .build/obj_mathkeeb_win_nordic/keyboards/mathkeeb/keymaps/win_nordic/keymap.o
 .progmem.data.__m.5331
                0x000004c5       0x11 .build/obj_mathkeeb_win_nordic/keyboards/mathkeeb/keymaps/win_nordic/keymap.o
 .progmem.data.__m.5328
                0x000004d6       0x11 .build/obj_mathkeeb_win_nordic/keyboards/mathkeeb/keymaps/win_nordic/keymap.o
 .progmem.data.__m.5325
                0x000004e7       0x15 .build/obj_mathkeeb_win_nordic/keyboards/mathkeeb/keymaps/win_nordic/keymap.o
 .progmem.data.__m.5322
                0x000004fc       0x1d .build/obj_mathkeeb_win_nordic/keyboards/mathkeeb/keymaps/win_nordic/keymap.o
 .progmem.data.__m.5319
                0x00000519       0x11 .build/obj_mathkeeb_win_nordic/keyboards/mathkeeb/keymaps/win_nordic/keymap.o
 .progmem.data.__m.5316
                0x0000052a       0x1d .build/obj_mathkeeb_win_nordic/keyboards/mathkeeb/keymaps/win_nordic/keymap.o
 .progmem.data.__m.5313
                0x00000547       0x21 .build/obj_mathkeeb_win_nordic/keyboards/mathkeeb/keymaps/win_nordic/keymap.o
 .progmem.data.__m.5310
                0x00000568       0x2d .build/obj_mathkeeb_win_nordic/keyboards/mathkeeb/keymaps/win_nordic/keymap.o
 .progmem.data.__m.5307
                0x00000595       0x11 .build/obj_mathkeeb_win_nordic/keyboards/mathkeeb/keymaps/win_nordic/keymap.o
 .progmem.data.__m.5304
                0x000005a6       0x15 .build/obj_mathkeeb_win_nordic/keyboards/mathkeeb/keymaps/win_nordic/keymap.o
 .progmem.data.__m.5301
                0x000005bb       0x25 .build/obj_mathkeeb_win_nordic/keyboards/mathkeeb/keymaps/win_nordic/keymap.o
 .progmem.data.__m.5298
                0x000005e0       0x41 .build/obj_mathkeeb_win_nordic/keyboards/mathkeeb/keymaps/win_nordic/keymap.o
 .progmem.data.__m.5295
                0x00000621       0x21 .build/obj_mathkeeb_win_nordic/keyboards/mathkeeb/keymaps/win_nordic/keymap.o
 .progmem.data.__m.5292
                0x00000642       0x25 .build/obj_mathkeeb_win_nordic/keyboards/mathkeeb/keymaps/win_nordic/keymap.o
 .progmem.data.__m.5289
                0x00000667       0x25 .build/obj_mathkeeb_win_nordic/keyboards/mathkeeb/keymaps/win_nordic/keymap.o
 .progmem.data.__m.5286
                0x0000068c       0x25 .build/obj_mathkeeb_win_nordic/keyboards/mathkeeb/keymaps/win_nordic/keymap.o
 .progmem.data.__m.5283
                0x000006b1       0x21 .build/obj_mathkeeb_win_nordic/keyboards/mathkeeb/keymaps/win_nordic/keymap.o
 .progmem.data.__m.5280
                0x000006d2       0x21 .build/obj_mathkeeb_win_nordic/keyboards/mathkeeb/keymaps/win_nordic/keymap.o
 .progmem.data.__m.5277
                0x000006f3       0x21 .build/obj_mathkeeb_win_nordic/keyboards/mathkeeb/keymaps/win_nordic/keymap.o
 .progmem.data.__m.5274
                0x00000714       0x25 .build/obj_mathkeeb_win_nordic/keyboards/mathkeeb/keymaps/win_nordic/keymap.o
 .progmem.data.__m.5271
                0x00000739       0x21 .build/obj_mathkeeb_win_nordic/keyboards/mathkeeb/keymaps/win_nordic/keymap.o
 .progmem.data.__m.5268
                0x0000075a       0x25 .build/obj_mathkeeb_win_nordic/keyboards/mathkeeb/keymaps/win_nordic/keymap.o
 .progmem.data.__m.5265
                0x0000077f       0x21 .build/obj_mathkeeb_win_nordic/keyboards/mathkeeb/keymaps/win_nordic/keymap.o
 .progmem.data.__m.5262
                0x000007a0       0x21 .build/obj_mathkeeb_win_nordic/keyboards/mathkeeb/keymaps/win_nordic/keymap.o
 .progmem.data.__m.5259
                0x000007c1        0xd .build/obj_mathkeeb_win_nordic/keyboards/mathkeeb/keymaps/win_nordic/keymap.o
 .progmem.data.__m.5256
                0x000007ce        0xd .build/obj_mathkeeb_win_nordic/keyboards/mathkeeb/keymaps/win_nordic/keymap.o
 .progmem.data.__m.5253
                0x000007db        0x9 .build/obj_mathkeeb_win_nordic/keyboards/mathkeeb/keymaps/win_nordic/keymap.o
 .progmem.data.__m.5250
                0x000007e4       0x21 .build/obj_mathkeeb_win_nordic/keyboards/mathkeeb/keymaps/win_nordic/keymap.o
 .progmem.data.__m.5247
                0x00000805       0x21 .build/obj_mathkeeb_win_nordic/keyboards/mathkeeb/keymaps/win_nordic/keymap.o
 .progmem.data.__m.5244
                0x00000826       0x29 .build/obj_mathkeeb_win_nordic/keyboards/mathkeeb/keymaps/win_nordic/keymap.o
 .progmem.data.__m.5241
                0x0000084f       0x15 .build/obj_mathkeeb_win_nordic/keyboards/mathkeeb/keymaps/win_nordic/keymap.o
 .progmem.data.__m.5238
                0x00000864       0x11 .build/obj_mathkeeb_win_nordic/keyboards/mathkeeb/keymaps/win_nordic/keymap.o
 .progmem.data.__m.5235
                0x00000875       0x11 .build/obj_mathkeeb_win_nordic/keyboards/mathkeeb/keymaps/win_nordic/keymap.o
 .progmem.data.__m.5232
                0x00000886       0x19 .build/obj_mathkeeb_win_nordic/keyboards/mathkeeb/keymaps/win_nordic/keymap.o
 .progmem.data.__m.5229
                0x0000089f       0x19 .build/obj_mathkeeb_win_nordic/keyboards/mathkeeb/keymaps/win_nordic/keymap.o
 .progmem.data.__m.5226
                0x000008b8       0x19 .build/obj_mathkeeb_win_nordic/keyboards/mathkeeb/keymaps/win_nordic/keymap.o
 .progmem.data.__m.5223
                0x000008d1        0xd .build/obj_mathkeeb_win_nordic/keyboards/mathkeeb/keymaps/win_nordic/keymap.o
 .progmem.data.__m.5220
                0x000008de       0x15 .build/obj_mathkeeb_win_nordic/keyboards/mathkeeb/keymaps/win_nordic/keymap.o
 .progmem.data.__m.5217
                0x000008f3        0x9 .build/obj_mathkeeb_win_nordic/keyboards/mathkeeb/keymaps/win_nordic/keymap.o
 .progmem.data.__m.5214
                0x000008fc        0xd .build/obj_mathkeeb_win_nordic/keyboards/mathkeeb/keymaps/win_nordic/keymap.o
 .progmem.data.__m.5211
                0x00000909        0x1 .build/obj_mathkeeb_win_nordic/keyboards/mathkeeb/keymaps/win_nordic/keymap.o
 .progmem.data.__m.5208
                0x0000090a       0x11 .build/obj_mathkeeb_win_nordic/keyboards/mathkeeb/keymaps/win_nordic/keymap.o
 .progmem.data.__m.5205
                0x0000091b       0x15 .build/obj_mathkeeb_win_nordic/keyboards/mathkeeb/keymaps/win_nordic/keymap.o
 .progmem.data.__m.5202
                0x00000930       0x11 .build/obj_mathkeeb_win_nordic/keyboards/mathkeeb/keymaps/win_nordic/keymap.o
 .progmem.data.__m.5199
                0x00000941       0x11 .build/obj_mathkeeb_win_nordic/keyboards/mathkeeb/keymaps/win_nordic/keymap.o
 .progmem.data.__m.5196
                0x00000952        0x9 .build/obj_mathkeeb_win_nordic/keyboards/mathkeeb/keymaps/win_nordic/keymap.o
 .progmem.data.__m.5193
                0x0000095b       0x19 .build/obj_mathkeeb_win_nordic/keyboards/mathkeeb/keymaps/win_nordic/keymap.o
 .progmem.data.__m.5190
                0x00000974       0x19 .build/obj_mathkeeb_win_nordic/keyboards/mathkeeb/keymaps/win_nordic/keymap.o
 .progmem.data.__m.5187
                0x0000098d       0x15 .build/obj_mathkeeb_win_nordic/keyboards/mathkeeb/keymaps/win_nordic/keymap.o
 .progmem.data.__m.5184
                0x000009a2       0x15 .build/obj_mathkeeb_win_nordic/keyboards/mathkeeb/keymaps/win_nordic/keymap.o
 .progmem.data.__m.5181
                0x000009b7       0x21 .build/obj_mathkeeb_win_nordic/keyboards/mathkeeb/keymaps/win_nordic/keymap.o
 .progmem.data.__m.5178
                0x000009d8       0x21 .build/obj_mathkeeb_win_nordic/keyboards/mathkeeb/keymaps/win_nordic/keymap.o
 .progmem.data.__m.5175
                0x000009f9       0x21 .build/obj_mathkeeb_win_nordic/keyboards/mathkeeb/keymaps/win_nordic/keymap.o
 .progmem.data.__m.5172
                0x00000a1a       0x15 .build/obj_mathkeeb_win_nordic/keyboards/mathkeeb/keymaps/win_nordic/keymap.o
 .progmem.data.__m.5169
                0x00000a2f       0x15 .build/obj_mathkeeb_win_nordic/keyboards/mathkeeb/keymaps/win_nordic/keymap.o
 .progmem.data.__m.5166
                0x00000a44       0x15 .build/obj_mathkeeb_win_nordic/keyboards/mathkeeb/keymaps/win_nordic/keymap.o
 .progmem.data.__m.5163
                0x00000a59       0x19 .build/obj_mathkeeb_win_nordic/keyboards/mathkeeb/keymaps/win_nordic/keymap.o
 .progmem.data.__m.5160
                0x00000a72       0x15 .build/obj_mathkeeb_win_nordic/keyboards/mathkeeb/keymaps/win_nordic/keymap.o
 .progmem.data.__m.5157
                0x00000a87       0x19 .build/obj_mathkeeb_win_nordic/keyboards/mathkeeb/keymaps/win_nordic/keymap.o
 .progmem.data.__m.5154
                0x00000aa0       0x1d .build/obj_mathkeeb_win_nordic/keyboards/mathkeeb/keymaps/win_nordic/keymap.o
 .progmem.data.__m.5151
                0x00000abd        0xd .build/obj_mathkeeb_win_nordic/keyboards/mathkeeb/keymaps/win_nordic/keymap.o
 .progmem.data.__m.5148
                0x00000aca        0xd .build/obj_mathkeeb_win_nordic/keyboards/mathkeeb/keymaps/win_nordic/keymap.o
 .progmem.data.__m.5145
                0x00000ad7       0x15 .build/obj_mathkeeb_win_nordic/keyboards/mathkeeb/keymaps/win_nordic/keymap.o
 .progmem.data.__m.5142
                0x00000aec       0x11 .build/obj_mathkeeb_win_nordic/keyboards/mathkeeb/keymaps/win_nordic/keymap.o
 .progmem.data.__m.5139
                0x00000afd       0x11 .build/obj_mathkeeb_win_nordic/keyboards/mathkeeb/keymaps/win_nordic/keymap.o
 .progmem.data.__m.5136
                0x00000b0e       0x15 .build/obj_mathkeeb_win_nordic/keyboards/mathkeeb/keymaps/win_nordic/keymap.o
 .progmem.data.__m.5133
                0x00000b23        0xd .build/obj_mathkeeb_win_nordic/keyboards/mathkeeb/keymaps/win_nordic/keymap.o
 .progmem.data.__m.5130
                0x00000b30        0xd .build/obj_mathkeeb_win_nordic/keyboards/mathkeeb/keymaps/win_nordic/keymap.o
 .progmem.data.__m.5127
                0x00000b3d       0x19 .build/obj_mathkeeb_win_nordic/keyboards/mathkeeb/keymaps/win_nordic/keymap.o
 .progmem.data.__m.5124
                0x00000b56       0x19 .build/obj_mathkeeb_win_nordic/keyboards/mathkeeb/keymaps/win_nordic/keymap.o
 .progmem.data.__m.5121
                0x00000b6f        0xd .build/obj_mathkeeb_win_nordic/keyboards/mathkeeb/keymaps/win_nordic/keymap.o
 .progmem.data.__m.5118
                0x00000b7c        0x9 .build/obj_mathkeeb_win_nordic/keyboards/mathkeeb/keymaps/win_nordic/keymap.o
 .progmem.data.__m.5114
                0x00000b85        0x9 .build/obj_mathkeeb_win_nordic/keyboards/mathkeeb/keymaps/win_nordic/keymap.o
 .progmem.data.keymaps
                0x00000b8e      0x700 .build/obj_mathkeeb_win_nordic/keyboards/mathkeeb/keymaps/win_nordic/keymap.o
                0x00000b8e                keymaps
 .progmem.data.fn_actions
                0x0000128e        0x0 .build/obj_mathkeeb_win_nordic/quantum/keymap_common.o
                0x0000128e                fn_actions
 .progmem.data.ProductString
                0x0000128e       0x14 .build/obj_mathkeeb_win_nordic/descriptor.o
                0x0000128e                ProductString
 .progmem.data.ManufacturerString
                0x000012a2       0x26 .build/obj_mathkeeb_win_nordic/descriptor.o
                0x000012a2                ManufacturerString
 .progmem.data.LanguageString
                0x000012c8        0x4 .build/obj_mathkeeb_win_nordic/descriptor.o
                0x000012c8                LanguageString
 .progmem.data.ConfigurationDescriptor
                0x000012cc       0x6d .build/obj_mathkeeb_win_nordic/descriptor.o
                0x000012cc                ConfigurationDescriptor
 .progmem.data.DeviceDescriptor
                0x00001339       0x12 .build/obj_mathkeeb_win_nordic/descriptor.o
                0x00001339                DeviceDescriptor
 .progmem.data.NKROReport
                0x0000134b       0x39 .build/obj_mathkeeb_win_nordic/descriptor.o
                0x0000134b                NKROReport
 .progmem.data.ExtrakeyReport
                0x00001384       0x36 .build/obj_mathkeeb_win_nordic/descriptor.o
                0x00001384                ExtrakeyReport
 .progmem.data.MouseReport
                0x000013ba       0x4d .build/obj_mathkeeb_win_nordic/descriptor.o
                0x000013ba                MouseReport
 .progmem.data.KeyboardReport
                0x00001407       0x40 .build/obj_mathkeeb_win_nordic/descriptor.o
                0x00001407                KeyboardReport
                0x00001448                . = ALIGN (0x2)
 *fill*         0x00001447        0x1 
 *(.jumptables)
 *(.jumptables*)
 *(.lowtext)
 *(.lowtext*)
                0x00001448                __ctors_start = .
 *(.ctors)
                0x00001448                __ctors_end = .
                0x00001448                __dtors_start = .
 *(.dtors)
                0x00001448                __dtors_end = .
 SORT(*)(.ctors)
 SORT(*)(.dtors)
 *(.init0)
 .init0         0x00001448        0x0 c:/users/james/mhv_avr/bin/../lib/gcc/avr/4.8.2/../../../../avr/lib/avr5/crtm32u4.o
                0x00001448                __init
 *(.init0)
 *(.init1)
 *(.init1)
 *(.init2)
 .init2         0x00001448        0xc c:/users/james/mhv_avr/bin/../lib/gcc/avr/4.8.2/../../../../avr/lib/avr5/crtm32u4.o
 *(.init2)
 *(.init3)
 .init3         0x00001454       0x4e .build/obj_mathkeeb_win_nordic/common/avr/bootloader.o
                0x00001454                bootloader_jump_after_watchdog_reset
 *(.init3)
 *(.init4)
 .init4         0x000014a2       0x16 c:/users/james/mhv_avr/bin/../lib/gcc/avr/4.8.2/avr5\libgcc.a(_copy_data.o)
                0x000014a2                __do_copy_data
 .init4         0x000014b8       0x10 c:/users/james/mhv_avr/bin/../lib/gcc/avr/4.8.2/avr5\libgcc.a(_clear_bss.o)
                0x000014b8                __do_clear_bss
 *(.init4)
 *(.init5)
 *(.init5)
 *(.init6)
 *(.init6)
 *(.init7)
 *(.init7)
 *(.init8)
 *(.init8)
 *(.init9)
 .init9         0x000014c8        0x8 c:/users/james/mhv_avr/bin/../lib/gcc/avr/4.8.2/../../../../avr/lib/avr5/crtm32u4.o
 *(.init9)
 *(.text)
 .text          0x000014d0        0x4 c:/users/james/mhv_avr/bin/../lib/gcc/avr/4.8.2/../../../../avr/lib/avr5/crtm32u4.o
                0x000014d0                __vector_38
                0x000014d0                __vector_22
                0x000014d0                __vector_28
                0x000014d0                __vector_1
                0x000014d0                __vector_32
                0x000014d0                __vector_34
                0x000014d0                __vector_24
                0x000014d0                __bad_interrupt
                0x000014d0                __vector_6
                0x000014d0                __vector_31
                0x000014d0                __vector_35
                0x000014d0                __vector_39
                0x000014d0                __vector_3
                0x000014d0                __vector_23
                0x000014d0                __vector_30
                0x000014d0                __vector_25
                0x000014d0                __vector_13
                0x000014d0                __vector_17
                0x000014d0                __vector_19
                0x000014d0                __vector_7
                0x000014d0                __vector_41
                0x000014d0                __vector_27
                0x000014d0                __vector_5
                0x000014d0                __vector_33
                0x000014d0                __vector_37
                0x000014d0                __vector_4
                0x000014d0                __vector_9
                0x000014d0                __vector_2
                0x000014d0                __vector_15
                0x000014d0                __vector_36
                0x000014d0                __vector_29
                0x000014d0                __vector_40
                0x000014d0                __vector_8
                0x000014d0                __vector_26
                0x000014d0                __vector_14
                0x000014d0                __vector_16
                0x000014d0                __vector_18
                0x000014d0                __vector_20
                0x000014d0                __vector_42
                0x000014d4                . = ALIGN (0x2)
 *(.text.*)
 .text.action_get_macro
                0x000014d4      0x61c .build/obj_mathkeeb_win_nordic/keyboards/mathkeeb/keymaps/win_nordic/keymap.o
                0x000014d4                action_get_macro
 .text.matrix_init_user
                0x00001af0        0x2 .build/obj_mathkeeb_win_nordic/keyboards/mathkeeb/keymaps/win_nordic/keymap.o
                0x00001af0                matrix_init_user
 .text.matrix_scan_user
                0x00001af2        0x2 .build/obj_mathkeeb_win_nordic/keyboards/mathkeeb/keymaps/win_nordic/keymap.o
                0x00001af2                matrix_scan_user
 .text.process_record_user
                0x00001af4        0x4 .build/obj_mathkeeb_win_nordic/keyboards/mathkeeb/keymaps/win_nordic/keymap.o
                0x00001af4                process_record_user
 .text.led_set_user
                0x00001af8        0x2 .build/obj_mathkeeb_win_nordic/keyboards/mathkeeb/keymaps/win_nordic/keymap.o
                0x00001af8                led_set_user
 .text.process_action_kb
                0x00001afa        0x4 .build/obj_mathkeeb_win_nordic/quantum/quantum.o
                0x00001afa                process_action_kb
 .text.process_record_kb
                0x00001afe        0x4 .build/obj_mathkeeb_win_nordic/quantum/quantum.o
                0x00001afe                process_record_kb
 .text.reset_keyboard
                0x00001b02       0x1a .build/obj_mathkeeb_win_nordic/quantum/quantum.o
                0x00001b02                reset_keyboard
 .text.process_record_quantum
                0x00001b1c      0x270 .build/obj_mathkeeb_win_nordic/quantum/quantum.o
                0x00001b1c                process_record_quantum
 .text.matrix_init_quantum
                0x00001d8c        0x4 .build/obj_mathkeeb_win_nordic/quantum/quantum.o
                0x00001d8c                matrix_init_quantum
 .text.matrix_scan_quantum
                0x00001d90        0x4 .build/obj_mathkeeb_win_nordic/quantum/quantum.o
                0x00001d90                matrix_scan_quantum
 .text.led_set_kb
                0x00001d94        0x4 .build/obj_mathkeeb_win_nordic/quantum/quantum.o
                0x00001d94                led_set_kb
 .text.led_set  0x00001d98        0x4 .build/obj_mathkeeb_win_nordic/quantum/quantum.o
                0x00001d98                led_set
 .text.action_function
                0x00001d9c        0x2 .build/obj_mathkeeb_win_nordic/quantum/keymap_common.o
                0x00001d9c                action_function
 .text.keymap_key_to_keycode
                0x00001d9e       0x2a .build/obj_mathkeeb_win_nordic/quantum/keymap_common.o
                0x00001d9e                keymap_key_to_keycode
 .text.keymap_function_id_to_action
                0x00001dc8       0x10 .build/obj_mathkeeb_win_nordic/quantum/keymap_common.o
                0x00001dc8                keymap_function_id_to_action
 .text.action_for_key
                0x00001dd8      0x2ec .build/obj_mathkeeb_win_nordic/quantum/keymap_common.o
                0x00001dd8                action_for_key
 .text.keycode_config
                0x000020c4       0xf8 .build/obj_mathkeeb_win_nordic/quantum/keycode_config.o
                0x000020c4                keycode_config
 .text.leader_start
                0x000021bc        0x2 .build/obj_mathkeeb_win_nordic/quantum/process_keycode/process_leader.o
                0x000021bc                leader_start
 .text.process_leader
                0x000021be       0x98 .build/obj_mathkeeb_win_nordic/quantum/process_keycode/process_leader.o
                0x000021be                process_leader
 .text.matrix_init_kb
                0x00002256        0x4 .build/obj_mathkeeb_win_nordic/quantum/matrix.o
                0x00002256                matrix_init_kb
 .text.matrix_scan_kb
                0x0000225a        0x4 .build/obj_mathkeeb_win_nordic/quantum/matrix.o
                0x0000225a                matrix_scan_kb
 .text.matrix_init
                0x0000225e       0xa6 .build/obj_mathkeeb_win_nordic/quantum/matrix.o
                0x0000225e                matrix_init
 .text.matrix_scan
                0x00002304      0x13a .build/obj_mathkeeb_win_nordic/quantum/matrix.o
                0x00002304                matrix_scan
 .text.matrix_get_row
                0x0000243e        0xc .build/obj_mathkeeb_win_nordic/quantum/matrix.o
                0x0000243e                matrix_get_row
 .text.matrix_print
                0x0000244a        0x2 .build/obj_mathkeeb_win_nordic/quantum/matrix.o
                0x0000244a                matrix_print
 .text.hex_to_keycode
                0x0000244c       0x1a .build/obj_mathkeeb_win_nordic/quantum/process_keycode/process_unicode.o
                0x0000244c                hex_to_keycode
 .text.unicode_input_start
                0x00002466       0xec .build/obj_mathkeeb_win_nordic/quantum/process_keycode/process_unicode.o
                0x00002466                unicode_input_start
 .text.unicode_input_finish
                0x00002552       0x90 .build/obj_mathkeeb_win_nordic/quantum/process_keycode/process_unicode.o
                0x00002552                unicode_input_finish
 .text.register_hex
                0x000025e2       0x4e .build/obj_mathkeeb_win_nordic/quantum/process_keycode/process_unicode.o
                0x000025e2                register_hex
 .text.process_unicode
                0x00002630       0x2e .build/obj_mathkeeb_win_nordic/quantum/process_keycode/process_unicode.o
                0x00002630                process_unicode
 .text.host_set_driver
                0x0000265e        0xa .build/obj_mathkeeb_win_nordic/common/host.o
                0x0000265e                host_set_driver
 .text.host_keyboard_leds
                0x00002668       0x18 .build/obj_mathkeeb_win_nordic/common/host.o
                0x00002668                host_keyboard_leds
 .text.host_keyboard_send
                0x00002680       0x16 .build/obj_mathkeeb_win_nordic/common/host.o
                0x00002680                host_keyboard_send
 .text.host_mouse_send
                0x00002696       0x16 .build/obj_mathkeeb_win_nordic/common/host.o
                0x00002696                host_mouse_send
 .text.host_system_send
                0x000026ac       0x2c .build/obj_mathkeeb_win_nordic/common/host.o
                0x000026ac                host_system_send
 .text.host_consumer_send
                0x000026d8       0x2c .build/obj_mathkeeb_win_nordic/common/host.o
                0x000026d8                host_consumer_send
 .text.matrix_setup
                0x00002704        0x2 .build/obj_mathkeeb_win_nordic/common/keyboard.o
                0x00002704                matrix_setup
 .text.keyboard_setup
                0x00002706        0x4 .build/obj_mathkeeb_win_nordic/common/keyboard.o
                0x00002706                keyboard_setup
 .text.keyboard_init
                0x0000270a        0xc .build/obj_mathkeeb_win_nordic/common/keyboard.o
                0x0000270a                keyboard_init
 .text.keyboard_task
                0x00002716      0x146 .build/obj_mathkeeb_win_nordic/common/keyboard.o
                0x00002716                keyboard_task
 .text.action_exec
                0x0000285c       0x5c .build/obj_mathkeeb_win_nordic/common/action.o
                0x0000285c                action_exec
 .text.register_code
                0x000028b8      0x190 .build/obj_mathkeeb_win_nordic/common/action.o
                0x000028b8                register_code
 .text.unregister_code
                0x00002a48       0x9e .build/obj_mathkeeb_win_nordic/common/action.o
                0x00002a48                unregister_code
 .text.register_mods
                0x00002ae6        0xe .build/obj_mathkeeb_win_nordic/common/action.o
                0x00002ae6                register_mods
 .text.unregister_mods
                0x00002af4        0xe .build/obj_mathkeeb_win_nordic/common/action.o
                0x00002af4                unregister_mods
 .text.process_action
                0x00002b02      0x450 .build/obj_mathkeeb_win_nordic/common/action.o
                0x00002b02                process_action
 .text.process_record
                0x00002f52       0x58 .build/obj_mathkeeb_win_nordic/common/action.o
                0x00002f52                process_record
 .text.clear_keyboard_but_mods
                0x00002faa       0x28 .build/obj_mathkeeb_win_nordic/common/action.o
                0x00002faa                clear_keyboard_but_mods
 .text.clear_keyboard
                0x00002fd2        0x8 .build/obj_mathkeeb_win_nordic/common/action.o
                0x00002fd2                clear_keyboard
 .text.is_tap_key
                0x00002fda       0x46 .build/obj_mathkeeb_win_nordic/common/action.o
                0x00002fda                is_tap_key
 .text.debug_event
                0x00003020       0x1e .build/obj_mathkeeb_win_nordic/common/action.o
                0x00003020                debug_event
 .text.debug_record
                0x0000303e       0x20 .build/obj_mathkeeb_win_nordic/common/action.o
                0x0000303e                debug_record
 .text.debug_waiting_buffer
                0x0000305e       0x42 .build/obj_mathkeeb_win_nordic/common/action_tapping.o
 .text.debug_tapping_key
                0x000030a0       0x1c .build/obj_mathkeeb_win_nordic/common/action_tapping.o
 .text.waiting_buffer_scan_tap
                0x000030bc       0xd0 .build/obj_mathkeeb_win_nordic/common/action_tapping.o
 .text.process_tapping
                0x0000318c      0x3da .build/obj_mathkeeb_win_nordic/common/action_tapping.o
 .text.action_tapping_process
                0x00003566      0x15a .build/obj_mathkeeb_win_nordic/common/action_tapping.o
                0x00003566                action_tapping_process
 .text.action_macro_play
                0x000036c0      0x100 .build/obj_mathkeeb_win_nordic/common/action_macro.o
                0x000036c0                action_macro_play
 .text.default_layer_debug
                0x000037c0        0x2 .build/obj_mathkeeb_win_nordic/common/action_layer.o
                0x000037c0                default_layer_debug
 .text.default_layer_set
                0x000037c2       0x14 .build/obj_mathkeeb_win_nordic/common/action_layer.o
                0x000037c2                default_layer_set
 .text.default_layer_or
                0x000037d6       0x34 .build/obj_mathkeeb_win_nordic/common/action_layer.o
                0x000037d6                default_layer_or
 .text.default_layer_and
                0x0000380a       0x34 .build/obj_mathkeeb_win_nordic/common/action_layer.o
                0x0000380a                default_layer_and
 .text.default_layer_xor
                0x0000383e       0x34 .build/obj_mathkeeb_win_nordic/common/action_layer.o
                0x0000383e                default_layer_xor
 .text.layer_clear
                0x00003872       0x14 .build/obj_mathkeeb_win_nordic/common/action_layer.o
                0x00003872                layer_clear
 .text.layer_move
                0x00003886       0x2a .build/obj_mathkeeb_win_nordic/common/action_layer.o
                0x00003886                layer_move
 .text.layer_on
                0x000038b0       0x42 .build/obj_mathkeeb_win_nordic/common/action_layer.o
                0x000038b0                layer_on
 .text.layer_off
                0x000038f2       0x4a .build/obj_mathkeeb_win_nordic/common/action_layer.o
                0x000038f2                layer_off
 .text.layer_invert
                0x0000393c       0x42 .build/obj_mathkeeb_win_nordic/common/action_layer.o
                0x0000393c                layer_invert
 .text.layer_or
                0x0000397e       0x34 .build/obj_mathkeeb_win_nordic/common/action_layer.o
                0x0000397e                layer_or
 .text.layer_and
                0x000039b2       0x34 .build/obj_mathkeeb_win_nordic/common/action_layer.o
                0x000039b2                layer_and
 .text.layer_xor
                0x000039e6       0x34 .build/obj_mathkeeb_win_nordic/common/action_layer.o
                0x000039e6                layer_xor
 .text.layer_debug
                0x00003a1a        0x2 .build/obj_mathkeeb_win_nordic/common/action_layer.o
                0x00003a1a                layer_debug
 .text.update_source_layers_cache
                0x00003a1c       0x5c .build/obj_mathkeeb_win_nordic/common/action_layer.o
                0x00003a1c                update_source_layers_cache
 .text.read_source_layers_cache
                0x00003a78       0x58 .build/obj_mathkeeb_win_nordic/common/action_layer.o
                0x00003a78                read_source_layers_cache
 .text.layer_switch_get_layer
                0x00003ad0       0x80 .build/obj_mathkeeb_win_nordic/common/action_layer.o
                0x00003ad0                layer_switch_get_layer
 .text.layer_switch_get_action
                0x00003b50       0x16 .build/obj_mathkeeb_win_nordic/common/action_layer.o
                0x00003b50                layer_switch_get_action
 .text.store_or_get_action
                0x00003b66       0x46 .build/obj_mathkeeb_win_nordic/common/action_layer.o
                0x00003b66                store_or_get_action
 .text.get_oneshot_layer
                0x00003bac        0xc .build/obj_mathkeeb_win_nordic/common/action_util.o
                0x00003bac                get_oneshot_layer
 .text.get_oneshot_layer_state
                0x00003bb8        0x8 .build/obj_mathkeeb_win_nordic/common/action_util.o
                0x00003bb8                get_oneshot_layer_state
 .text.set_oneshot_layer
                0x00003bc0       0x12 .build/obj_mathkeeb_win_nordic/common/action_util.o
                0x00003bc0                set_oneshot_layer
 .text.clear_oneshot_layer_state
                0x00003bd2       0x2e .build/obj_mathkeeb_win_nordic/common/action_util.o
                0x00003bd2                clear_oneshot_layer_state
 .text.is_oneshot_layer_active
                0x00003c00        0xe .build/obj_mathkeeb_win_nordic/common/action_util.o
                0x00003c00                is_oneshot_layer_active
 .text.add_key  0x00003c0e       0x80 .build/obj_mathkeeb_win_nordic/common/action_util.o
                0x00003c0e                add_key
 .text.del_key  0x00003c8e       0x66 .build/obj_mathkeeb_win_nordic/common/action_util.o
                0x00003c8e                del_key
 .text.clear_keys
                0x00003cf4       0x1c .build/obj_mathkeeb_win_nordic/common/action_util.o
                0x00003cf4                clear_keys
 .text.add_mods
                0x00003d10        0xc .build/obj_mathkeeb_win_nordic/common/action_util.o
                0x00003d10                add_mods
 .text.del_mods
                0x00003d1c        0xe .build/obj_mathkeeb_win_nordic/common/action_util.o
                0x00003d1c                del_mods
 .text.clear_mods
                0x00003d2a        0x6 .build/obj_mathkeeb_win_nordic/common/action_util.o
                0x00003d2a                clear_mods
 .text.add_weak_mods
                0x00003d30        0xc .build/obj_mathkeeb_win_nordic/common/action_util.o
                0x00003d30                add_weak_mods
 .text.del_weak_mods
                0x00003d3c        0xe .build/obj_mathkeeb_win_nordic/common/action_util.o
                0x00003d3c                del_weak_mods
 .text.clear_weak_mods
                0x00003d4a        0x6 .build/obj_mathkeeb_win_nordic/common/action_util.o
                0x00003d4a                clear_weak_mods
 .text.add_macro_mods
                0x00003d50        0xc .build/obj_mathkeeb_win_nordic/common/action_util.o
                0x00003d50                add_macro_mods
 .text.del_macro_mods
                0x00003d5c        0xe .build/obj_mathkeeb_win_nordic/common/action_util.o
                0x00003d5c                del_macro_mods
 .text.clear_macro_mods
                0x00003d6a        0x6 .build/obj_mathkeeb_win_nordic/common/action_util.o
                0x00003d6a                clear_macro_mods
 .text.set_oneshot_mods
                0x00003d70        0x6 .build/obj_mathkeeb_win_nordic/common/action_util.o
                0x00003d70                set_oneshot_mods
 .text.clear_oneshot_mods
                0x00003d76        0x6 .build/obj_mathkeeb_win_nordic/common/action_util.o
                0x00003d76                clear_oneshot_mods
 .text.has_anykey
                0x00003d7c       0x26 .build/obj_mathkeeb_win_nordic/common/action_util.o
                0x00003d7c                has_anykey
 .text.send_keyboard_report
                0x00003da2       0x5e .build/obj_mathkeeb_win_nordic/common/action_util.o
                0x00003da2                send_keyboard_report
 .text.eeconfig_init
                0x00003e00       0x34 .build/obj_mathkeeb_win_nordic/common/eeconfig.o
                0x00003e00                eeconfig_init
 .text.eeconfig_is_enabled
                0x00003e34       0x16 .build/obj_mathkeeb_win_nordic/common/eeconfig.o
                0x00003e34                eeconfig_is_enabled
 .text.eeconfig_read_debug
                0x00003e4a        0x8 .build/obj_mathkeeb_win_nordic/common/eeconfig.o
                0x00003e4a                eeconfig_read_debug
 .text.eeconfig_update_debug
                0x00003e52        0xa .build/obj_mathkeeb_win_nordic/common/eeconfig.o
                0x00003e52                eeconfig_update_debug
 .text.eeconfig_read_default_layer
                0x00003e5c        0x8 .build/obj_mathkeeb_win_nordic/common/eeconfig.o
                0x00003e5c                eeconfig_read_default_layer
 .text.eeconfig_update_default_layer
                0x00003e64        0xa .build/obj_mathkeeb_win_nordic/common/eeconfig.o
                0x00003e64                eeconfig_update_default_layer
 .text.eeconfig_read_keymap
                0x00003e6e        0x8 .build/obj_mathkeeb_win_nordic/common/eeconfig.o
                0x00003e6e                eeconfig_read_keymap
 .text.eeconfig_update_keymap
                0x00003e76        0xa .build/obj_mathkeeb_win_nordic/common/eeconfig.o
                0x00003e76                eeconfig_update_keymap
 .text.suspend_power_down
                0x00003e80       0x52 .build/obj_mathkeeb_win_nordic/common/avr/suspend.o
                0x00003e80                suspend_power_down
 .text.matrix_power_up
                0x00003ed2        0x2 .build/obj_mathkeeb_win_nordic/common/avr/suspend.o
                0x00003ed2                matrix_power_up
 .text.matrix_power_down
                0x00003ed4        0x2 .build/obj_mathkeeb_win_nordic/common/avr/suspend.o
                0x00003ed4                matrix_power_down
 .text.suspend_wakeup_condition
                0x00003ed6       0x2a .build/obj_mathkeeb_win_nordic/common/avr/suspend.o
                0x00003ed6                suspend_wakeup_condition
 .text.suspend_wakeup_init
                0x00003f00        0xc .build/obj_mathkeeb_win_nordic/common/avr/suspend.o
                0x00003f00                suspend_wakeup_init
 .text.__vector_12
                0x00003f0c       0x52 .build/obj_mathkeeb_win_nordic/common/avr/suspend.o
                0x00003f0c                __vector_12
 .text.timer_init
                0x00003f5e       0x12 .build/obj_mathkeeb_win_nordic/common/avr/timer.o
                0x00003f5e                timer_init
 .text.timer_read
                0x00003f70       0x18 .build/obj_mathkeeb_win_nordic/common/avr/timer.o
                0x00003f70                timer_read
 .text.timer_elapsed
                0x00003f88       0x52 .build/obj_mathkeeb_win_nordic/common/avr/timer.o
                0x00003f88                timer_elapsed
 .text.__vector_21
                0x00003fda       0x4a .build/obj_mathkeeb_win_nordic/common/avr/timer.o
                0x00003fda                __vector_21
 .text.bootloader_jump
                0x00004024       0x46 .build/obj_mathkeeb_win_nordic/common/avr/bootloader.o
                0x00004024                bootloader_jump
 .text.scan_keycode
                0x0000406a       0x6c .build/obj_mathkeeb_win_nordic/common/bootmagic.o
 .text.bootmagic_scan_keycode
                0x000040d6       0x1c .build/obj_mathkeeb_win_nordic/common/bootmagic.o
                0x000040d6                bootmagic_scan_keycode
 .text.bootmagic
                0x000040f2      0x24e .build/obj_mathkeeb_win_nordic/common/bootmagic.o
                0x000040f2                bootmagic
 .text.move_unit
                0x00004340       0x90 .build/obj_mathkeeb_win_nordic/common/mousekey.o
 .text.wheel_unit
                0x000043d0       0x72 .build/obj_mathkeeb_win_nordic/common/mousekey.o
 .text.mousekey_on
                0x00004442       0xd0 .build/obj_mathkeeb_win_nordic/common/mousekey.o
                0x00004442                mousekey_on
 .text.mousekey_off
                0x00004512      0x10a .build/obj_mathkeeb_win_nordic/common/mousekey.o
                0x00004512                mousekey_off
 .text.mousekey_send
                0x0000461c       0x16 .build/obj_mathkeeb_win_nordic/common/mousekey.o
                0x0000461c                mousekey_send
 .text.mousekey_task
                0x00004632      0x142 .build/obj_mathkeeb_win_nordic/common/mousekey.o
                0x00004632                mousekey_task
 .text.mousekey_clear
                0x00004774       0x18 .build/obj_mathkeeb_win_nordic/common/mousekey.o
                0x00004774                mousekey_clear
 .text.keyboard_leds
                0x0000478c        0x6 .build/obj_mathkeeb_win_nordic/lufa.o
 .text.send_consumer
                0x00004792       0x66 .build/obj_mathkeeb_win_nordic/lufa.o
 .text.send_system
                0x000047f8       0x6c .build/obj_mathkeeb_win_nordic/lufa.o
 .text.send_mouse
                0x00004864       0x46 .build/obj_mathkeeb_win_nordic/lufa.o
 .text.send_keyboard
                0x000048aa       0xa2 .build/obj_mathkeeb_win_nordic/lufa.o
 .text.EVENT_USB_Device_Connect
                0x0000494c       0x1c .build/obj_mathkeeb_win_nordic/lufa.o
                0x0000494c                EVENT_USB_Device_Connect
 .text.EVENT_USB_Device_Disconnect
                0x00004968        0x6 .build/obj_mathkeeb_win_nordic/lufa.o
                0x00004968                EVENT_USB_Device_Disconnect
 .text.EVENT_USB_Device_Reset
                0x0000496e        0x2 .build/obj_mathkeeb_win_nordic/lufa.o
                0x0000496e                EVENT_USB_Device_Reset
 .text.EVENT_USB_Device_Suspend
                0x00004970        0x2 .build/obj_mathkeeb_win_nordic/lufa.o
                0x00004970                EVENT_USB_Device_Suspend
 .text.EVENT_USB_Device_WakeUp
                0x00004972        0x4 .build/obj_mathkeeb_win_nordic/lufa.o
                0x00004972                EVENT_USB_Device_WakeUp
 .text.EVENT_USB_Device_ConfigurationChanged
                0x00004976       0x28 .build/obj_mathkeeb_win_nordic/lufa.o
                0x00004976                EVENT_USB_Device_ConfigurationChanged
 .text.EVENT_USB_Device_ControlRequest
                0x0000499e      0x164 .build/obj_mathkeeb_win_nordic/lufa.o
                0x0000499e                EVENT_USB_Device_ControlRequest
 .text.startup.main
                0x00004b02       0x70 .build/obj_mathkeeb_win_nordic/lufa.o
                0x00004b02                main
 .text.CALLBACK_USB_GetDescriptor
                0x00004b72       0xb2 .build/obj_mathkeeb_win_nordic/descriptor.o
                0x00004b72                CALLBACK_USB_GetDescriptor
 .text.USB_Device_SendRemoteWakeup
                0x00004c24       0x2c .build/obj_mathkeeb_win_nordic/protocol/lufa/LUFA-git/LUFA/Drivers/USB/Core/AVR8/Device_AVR8.o
                0x00004c24                USB_Device_SendRemoteWakeup
 .text.Endpoint_Write_Stream_LE
                0x00004c50       0x92 .build/obj_mathkeeb_win_nordic/protocol/lufa/LUFA-git/LUFA/Drivers/USB/Core/AVR8/EndpointStream_AVR8.o
                0x00004c50                Endpoint_Write_Stream_LE
 .text.Endpoint_Write_Control_Stream_LE
                0x00004ce2       0xc2 .build/obj_mathkeeb_win_nordic/protocol/lufa/LUFA-git/LUFA/Drivers/USB/Core/AVR8/EndpointStream_AVR8.o
                0x00004ce2                Endpoint_Write_Control_Stream_LE
 .text.Endpoint_Write_Control_PStream_LE
                0x00004da4       0xc4 .build/obj_mathkeeb_win_nordic/protocol/lufa/LUFA-git/LUFA/Drivers/USB/Core/AVR8/EndpointStream_AVR8.o
                0x00004da4                Endpoint_Write_Control_PStream_LE
 .text.Endpoint_ConfigureEndpoint_Prv
                0x00004e68       0x6a .build/obj_mathkeeb_win_nordic/protocol/lufa/LUFA-git/LUFA/Drivers/USB/Core/AVR8/Endpoint_AVR8.o
                0x00004e68                Endpoint_ConfigureEndpoint_Prv
 .text.Endpoint_ClearStatusStage
                0x00004ed2       0x42 .build/obj_mathkeeb_win_nordic/protocol/lufa/LUFA-git/LUFA/Drivers/USB/Core/AVR8/Endpoint_AVR8.o
                0x00004ed2                Endpoint_ClearStatusStage
 .text.Endpoint_WaitUntilReady
                0x00004f14       0x60 .build/obj_mathkeeb_win_nordic/protocol/lufa/LUFA-git/LUFA/Drivers/USB/Core/AVR8/Endpoint_AVR8.o
                0x00004f14                Endpoint_WaitUntilReady
 .text.USB_Disable
                0x00004f74       0x34 .build/obj_mathkeeb_win_nordic/protocol/lufa/LUFA-git/LUFA/Drivers/USB/Core/AVR8/USBController_AVR8.o
                0x00004f74                USB_Disable
 .text.USB_ResetInterface
                0x00004fa8       0x86 .build/obj_mathkeeb_win_nordic/protocol/lufa/LUFA-git/LUFA/Drivers/USB/Core/AVR8/USBController_AVR8.o
                0x00004fa8                USB_ResetInterface
 .text.USB_Init
                0x0000502e       0x22 .build/obj_mathkeeb_win_nordic/protocol/lufa/LUFA-git/LUFA/Drivers/USB/Core/AVR8/USBController_AVR8.o
                0x0000502e                USB_Init
 .text.USB_INT_DisableAllInterrupts
                0x00005050       0x10 .build/obj_mathkeeb_win_nordic/protocol/lufa/LUFA-git/LUFA/Drivers/USB/Core/AVR8/USBInterrupt_AVR8.o
                0x00005050                USB_INT_DisableAllInterrupts
 .text.USB_INT_ClearAllInterrupts
                0x00005060        0xa .build/obj_mathkeeb_win_nordic/protocol/lufa/LUFA-git/LUFA/Drivers/USB/Core/AVR8/USBInterrupt_AVR8.o
                0x00005060                USB_INT_ClearAllInterrupts
 .text.__vector_10
                0x0000506a      0x1a4 .build/obj_mathkeeb_win_nordic/protocol/lufa/LUFA-git/LUFA/Drivers/USB/Core/AVR8/USBInterrupt_AVR8.o
                0x0000506a                __vector_10
 .text.__vector_11
                0x0000520e       0x78 .build/obj_mathkeeb_win_nordic/protocol/lufa/LUFA-git/LUFA/Drivers/USB/Core/AVR8/USBInterrupt_AVR8.o
                0x0000520e                __vector_11
 .text.USB_Device_ProcessControlRequest
                0x00005286      0x29c .build/obj_mathkeeb_win_nordic/protocol/lufa/LUFA-git/LUFA/Drivers/USB/Core/DeviceStandardReq.o
                0x00005286                USB_Device_ProcessControlRequest
 .text.USB_Event_Stub
                0x00005522        0x2 .build/obj_mathkeeb_win_nordic/protocol/lufa/LUFA-git/LUFA/Drivers/USB/Core/Events.o
                0x00005522                EVENT_USB_Device_StartOfFrame
                0x00005522                USB_Event_Stub
 .text.USB_USBTask
                0x00005524       0x3a .build/obj_mathkeeb_win_nordic/protocol/lufa/LUFA-git/LUFA/Drivers/USB/Core/USBTask.o
                0x00005524                USB_USBTask
 .text.avr-libc.fplib
                0x0000555e        0xa c:/users/james/mhv_avr/bin/../lib/gcc/avr/4.8.2/../../../../avr/lib/avr5\libm.a(fixsfsi.o)
                0x0000555e                __fixsfsi
 .text.avr-libc.fplib
                0x00005568       0x58 c:/users/james/mhv_avr/bin/../lib/gcc/avr/4.8.2/../../../../avr/lib/avr5\libm.a(fixunssfsi.o)
                0x00005568                __fixunssfsi
 .text.avr-libc.fplib
                0x000055c0       0x7a c:/users/james/mhv_avr/bin/../lib/gcc/avr/4.8.2/../../../../avr/lib/avr5\libm.a(floatsisf.o)
                0x000055c0                __floatunsisf
                0x000055c4                __floatsisf
 .text.avr-libc.fplib
                0x0000563a       0x44 c:/users/james/mhv_avr/bin/../lib/gcc/avr/4.8.2/../../../../avr/lib/avr5\libm.a(fp_split3.o)
                0x0000563a                __fp_split3
                0x0000564a                __fp_splitA
 .text.avr-libc.fplib
                0x0000567e        0xe c:/users/james/mhv_avr/bin/../lib/gcc/avr/4.8.2/../../../../avr/lib/avr5\libm.a(fp_zero.o)
                0x0000567e                __fp_zero
                0x00005680                __fp_szero
 .text.avr-libc.fplib
                0x0000568c        0x4 c:/users/james/mhv_avr/bin/../lib/gcc/avr/4.8.2/../../../../avr/lib/avr5\libm.a(mulsf3.o)
                0x0000568c                __mulsf3
 .text.avr-libc.fplib
                0x00005690       0xc2 c:/users/james/mhv_avr/bin/../lib/gcc/avr/4.8.2/../../../../avr/lib/avr5\libm.a(mulsf3x.o)
                0x000056a4                __mulsf3x
                0x000056a8                __mulsf3_pse
 .text.avr-libc.fplib
                0x00005752        0xc c:/users/james/mhv_avr/bin/../lib/gcc/avr/4.8.2/../../../../avr/lib/avr5\libm.a(fp_inf.o)
                0x00005752                __fp_inf
 .text.avr-libc.fplib
                0x0000575e        0x6 c:/users/james/mhv_avr/bin/../lib/gcc/avr/4.8.2/../../../../avr/lib/avr5\libm.a(fp_nan.o)
                0x0000575e                __fp_nan
 .text.avr-libc.fplib
                0x00005764        0xe c:/users/james/mhv_avr/bin/../lib/gcc/avr/4.8.2/../../../../avr/lib/avr5\libm.a(fp_pscA.o)
                0x00005764                __fp_pscA
 .text.avr-libc.fplib
                0x00005772        0xe c:/users/james/mhv_avr/bin/../lib/gcc/avr/4.8.2/../../../../avr/lib/avr5\libm.a(fp_pscB.o)
                0x00005772                __fp_pscB
 .text.avr-libc.fplib
                0x00005780       0x22 c:/users/james/mhv_avr/bin/../lib/gcc/avr/4.8.2/../../../../avr/lib/avr5\libm.a(fp_round.o)
                0x00005780                __fp_round
 .text.libgcc.div
                0x000057a2       0x28 c:/users/james/mhv_avr/bin/../lib/gcc/avr/4.8.2/avr5\libgcc.a(_divmodhi4.o)
                0x000057a2                _div
                0x000057a2                __divmodhi4
 .text.libgcc   0x000057ca        0xc c:/users/james/mhv_avr/bin/../lib/gcc/avr/4.8.2/avr5\libgcc.a(_tablejump.o)
                0x000057ca                __tablejump2__
                0x000057ce                __tablejump__
 .text.libgcc.div
                0x000057d6       0x28 c:/users/james/mhv_avr/bin/../lib/gcc/avr/4.8.2/avr5\libgcc.a(_udivmodhi4.o)
                0x000057d6                __udivmodhi4
 .text.avr-libc
                0x000057fe       0x10 c:/users/james/mhv_avr/bin/../lib/gcc/avr/4.8.2/../../../../avr/lib/avr5\libc.a(eerd_byte_atmega32u4.o)
                0x000057fe                __eerd_byte_m32u4
 .text.avr-libc
                0x0000580e        0xc c:/users/james/mhv_avr/bin/../lib/gcc/avr/4.8.2/../../../../avr/lib/avr5\libc.a(eerd_word_atmega32u4.o)
                0x0000580e                __eerd_word_m32u4
 .text.avr-libc
                0x0000581a       0x24 c:/users/james/mhv_avr/bin/../lib/gcc/avr/4.8.2/../../../../avr/lib/avr5\libc.a(eeupd_byte_atmega32u4.o)
                0x0000581a                __eeupd_byte_m32u4
                0x0000581c                __eeupd_r18_m32u4
 .text.avr-libc
                0x0000583e        0xc c:/users/james/mhv_avr/bin/../lib/gcc/avr/4.8.2/../../../../avr/lib/avr5\libc.a(eeupd_word_atmega32u4.o)
                0x0000583e                __eeupd_word_m32u4
 .text.avr-libc
                0x0000584a       0x20 c:/users/james/mhv_avr/bin/../lib/gcc/avr/4.8.2/../../../../avr/lib/avr5\libc.a(eerd_block_atmega32u4.o)
                0x0000584a                __eerd_block_m32u4
                0x0000584e                __eerd_blraw_m32u4
                0x0000586a                . = ALIGN (0x2)
 *(.fini9)
 .fini9         0x0000586a        0x0 c:/users/james/mhv_avr/bin/../lib/gcc/avr/4.8.2/avr5\libgcc.a(_exit.o)
                0x0000586a                _exit
                0x0000586a                exit
 *(.fini9)
 *(.fini8)
 *(.fini8)
 *(.fini7)
 *(.fini7)
 *(.fini6)
 *(.fini6)
 *(.fini5)
 *(.fini5)
 *(.fini4)
 *(.fini4)
 *(.fini3)
 *(.fini3)
 *(.fini2)
 *(.fini2)
 *(.fini1)
 *(.fini1)
 *(.fini0)
 .fini0         0x0000586a        0x4 c:/users/james/mhv_avr/bin/../lib/gcc/avr/4.8.2/avr5\libgcc.a(_exit.o)
 *(.fini0)
                0x0000586e                _etext = .

.data           0x00800100       0x36 load address 0x0000586e
                0x00800100                PROVIDE (__data_start, .)
 *(.data)
 .data          0x00800100        0x0 c:/users/james/mhv_avr/bin/../lib/gcc/avr/4.8.2/../../../../avr/lib/avr5/crtm32u4.o
 .data          0x00800100        0x0 .build/obj_mathkeeb_win_nordic/keyboards/mathkeeb/mathkeeb.o
 .data          0x00800100        0x0 .build/obj_mathkeeb_win_nordic/keyboards/mathkeeb/keymaps/win_nordic/keymap.o
 .data          0x00800100        0x0 .build/obj_mathkeeb_win_nordic/quantum/quantum.o
 .data          0x00800100        0x0 .build/obj_mathkeeb_win_nordic/quantum/keymap_common.o
 .data          0x00800100        0x0 .build/obj_mathkeeb_win_nordic/quantum/keycode_config.o
 .data          0x00800100        0x0 .build/obj_mathkeeb_win_nordic/quantum/process_keycode/process_leader.o
 .data          0x00800100        0x0 .build/obj_mathkeeb_win_nordic/quantum/matrix.o
 .data          0x00800100        0x0 .build/obj_mathkeeb_win_nordic/quantum/process_keycode/process_unicode.o
 .data          0x00800100        0x0 .build/obj_mathkeeb_win_nordic/common/host.o
 .data          0x00800100        0x0 .build/obj_mathkeeb_win_nordic/common/keyboard.o
 .data          0x00800100        0x0 .build/obj_mathkeeb_win_nordic/common/action.o
 .data          0x00800100        0x0 .build/obj_mathkeeb_win_nordic/common/action_tapping.o
 .data          0x00800100        0x0 .build/obj_mathkeeb_win_nordic/common/action_macro.o
 .data          0x00800100        0x0 .build/obj_mathkeeb_win_nordic/common/action_layer.o
 .data          0x00800100        0x0 .build/obj_mathkeeb_win_nordic/common/action_util.o
 .data          0x00800100        0x0 .build/obj_mathkeeb_win_nordic/common/print.o
 .data          0x00800100        0x0 .build/obj_mathkeeb_win_nordic/common/debug.o
 .data          0x00800100        0x0 .build/obj_mathkeeb_win_nordic/common/util.o
 .data          0x00800100        0x0 .build/obj_mathkeeb_win_nordic/common/eeconfig.o
 .data          0x00800100        0x0 .build/obj_mathkeeb_win_nordic/common/avr/suspend.o
 .data          0x00800100        0x0 .build/obj_mathkeeb_win_nordic/common/avr/timer.o
 .data          0x00800100        0x0 .build/obj_mathkeeb_win_nordic/common/avr/bootloader.o
 .data          0x00800100        0x0 .build/obj_mathkeeb_win_nordic/common/avr/xprintf.o
 .data          0x00800100        0x0 .build/obj_mathkeeb_win_nordic/common/bootmagic.o
 .data          0x00800100        0x0 .build/obj_mathkeeb_win_nordic/common/mousekey.o
 .data          0x00800100        0x0 .build/obj_mathkeeb_win_nordic/lufa.o
 .data          0x00800100        0x0 .build/obj_mathkeeb_win_nordic/descriptor.o
 .data          0x00800100        0x0 .build/obj_mathkeeb_win_nordic/protocol/lufa/LUFA-git/LUFA/Drivers/USB/Class/Common/HIDParser.o
 .data          0x00800100        0x0 .build/obj_mathkeeb_win_nordic/protocol/lufa/LUFA-git/LUFA/Drivers/USB/Core/AVR8/Device_AVR8.o
 .data          0x00800100        0x0 .build/obj_mathkeeb_win_nordic/protocol/lufa/LUFA-git/LUFA/Drivers/USB/Core/AVR8/EndpointStream_AVR8.o
 .data          0x00800100        0x0 .build/obj_mathkeeb_win_nordic/protocol/lufa/LUFA-git/LUFA/Drivers/USB/Core/AVR8/Endpoint_AVR8.o
 .data          0x00800100        0x0 .build/obj_mathkeeb_win_nordic/protocol/lufa/LUFA-git/LUFA/Drivers/USB/Core/AVR8/Host_AVR8.o
 .data          0x00800100        0x0 .build/obj_mathkeeb_win_nordic/protocol/lufa/LUFA-git/LUFA/Drivers/USB/Core/AVR8/PipeStream_AVR8.o
 .data          0x00800100        0x0 .build/obj_mathkeeb_win_nordic/protocol/lufa/LUFA-git/LUFA/Drivers/USB/Core/AVR8/Pipe_AVR8.o
 .data          0x00800100        0x0 .build/obj_mathkeeb_win_nordic/protocol/lufa/LUFA-git/LUFA/Drivers/USB/Core/AVR8/USBController_AVR8.o
 .data          0x00800100        0x0 .build/obj_mathkeeb_win_nordic/protocol/lufa/LUFA-git/LUFA/Drivers/USB/Core/AVR8/USBInterrupt_AVR8.o
 .data          0x00800100        0x0 .build/obj_mathkeeb_win_nordic/protocol/lufa/LUFA-git/LUFA/Drivers/USB/Core/ConfigDescriptors.o
 .data          0x00800100        0x0 .build/obj_mathkeeb_win_nordic/protocol/lufa/LUFA-git/LUFA/Drivers/USB/Core/DeviceStandardReq.o
 .data          0x00800100        0x0 .build/obj_mathkeeb_win_nordic/protocol/lufa/LUFA-git/LUFA/Drivers/USB/Core/Events.o
 .data          0x00800100        0x0 .build/obj_mathkeeb_win_nordic/protocol/lufa/LUFA-git/LUFA/Drivers/USB/Core/HostStandardReq.o
 .data          0x00800100        0x0 .build/obj_mathkeeb_win_nordic/protocol/lufa/LUFA-git/LUFA/Drivers/USB/Core/USBTask.o
 .data          0x00800100        0x0 c:/users/james/mhv_avr/bin/../lib/gcc/avr/4.8.2/../../../../avr/lib/avr5\libm.a(fixsfsi.o)
 .data          0x00800100        0x0 c:/users/james/mhv_avr/bin/../lib/gcc/avr/4.8.2/../../../../avr/lib/avr5\libm.a(fixunssfsi.o)
 .data          0x00800100        0x0 c:/users/james/mhv_avr/bin/../lib/gcc/avr/4.8.2/../../../../avr/lib/avr5\libm.a(floatsisf.o)
 .data          0x00800100        0x0 c:/users/james/mhv_avr/bin/../lib/gcc/avr/4.8.2/../../../../avr/lib/avr5\libm.a(fp_split3.o)
 .data          0x00800100        0x0 c:/users/james/mhv_avr/bin/../lib/gcc/avr/4.8.2/../../../../avr/lib/avr5\libm.a(fp_zero.o)
 .data          0x00800100        0x0 c:/users/james/mhv_avr/bin/../lib/gcc/avr/4.8.2/../../../../avr/lib/avr5\libm.a(mulsf3.o)
 .data          0x00800100        0x0 c:/users/james/mhv_avr/bin/../lib/gcc/avr/4.8.2/../../../../avr/lib/avr5\libm.a(mulsf3x.o)
 .data          0x00800100        0x0 c:/users/james/mhv_avr/bin/../lib/gcc/avr/4.8.2/../../../../avr/lib/avr5\libm.a(fp_inf.o)
 .data          0x00800100        0x0 c:/users/james/mhv_avr/bin/../lib/gcc/avr/4.8.2/../../../../avr/lib/avr5\libm.a(fp_nan.o)
 .data          0x00800100        0x0 c:/users/james/mhv_avr/bin/../lib/gcc/avr/4.8.2/../../../../avr/lib/avr5\libm.a(fp_pscA.o)
 .data          0x00800100        0x0 c:/users/james/mhv_avr/bin/../lib/gcc/avr/4.8.2/../../../../avr/lib/avr5\libm.a(fp_pscB.o)
 .data          0x00800100        0x0 c:/users/james/mhv_avr/bin/../lib/gcc/avr/4.8.2/../../../../avr/lib/avr5\libm.a(fp_round.o)
 .data          0x00800100        0x0 c:/users/james/mhv_avr/bin/../lib/gcc/avr/4.8.2/avr5\libgcc.a(_divmodhi4.o)
 .data          0x00800100        0x0 c:/users/james/mhv_avr/bin/../lib/gcc/avr/4.8.2/avr5\libgcc.a(_exit.o)
 .data          0x00800100        0x0 c:/users/james/mhv_avr/bin/../lib/gcc/avr/4.8.2/avr5\libgcc.a(_tablejump.o)
 .data          0x00800100        0x0 c:/users/james/mhv_avr/bin/../lib/gcc/avr/4.8.2/avr5\libgcc.a(_copy_data.o)
 .data          0x00800100        0x0 c:/users/james/mhv_avr/bin/../lib/gcc/avr/4.8.2/avr5\libgcc.a(_clear_bss.o)
 .data          0x00800100        0x0 c:/users/james/mhv_avr/bin/../lib/gcc/avr/4.8.2/avr5\libgcc.a(_udivmodhi4.o)
 .data          0x00800100        0x0 c:/users/james/mhv_avr/bin/../lib/gcc/avr/4.8.2/../../../../avr/lib/avr5\libc.a(eerd_byte_atmega32u4.o)
 .data          0x00800100        0x0 c:/users/james/mhv_avr/bin/../lib/gcc/avr/4.8.2/../../../../avr/lib/avr5\libc.a(eerd_word_atmega32u4.o)
 .data          0x00800100        0x0 c:/users/james/mhv_avr/bin/../lib/gcc/avr/4.8.2/../../../../avr/lib/avr5\libc.a(eeupd_byte_atmega32u4.o)
 .data          0x00800100        0x0 c:/users/james/mhv_avr/bin/../lib/gcc/avr/4.8.2/../../../../avr/lib/avr5\libc.a(eeupd_word_atmega32u4.o)
 .data          0x00800100        0x0 c:/users/james/mhv_avr/bin/../lib/gcc/avr/4.8.2/../../../../avr/lib/avr5\libc.a(eerd_block_atmega32u4.o)
 *(.data*)
 .data.keyboard_report
                0x00800100        0x2 .build/obj_mathkeeb_win_nordic/common/action_util.o
                0x00800100                keyboard_report
 .data.mk_wheel_time_to_max
                0x00800102        0x1 .build/obj_mathkeeb_win_nordic/common/mousekey.o
                0x00800102                mk_wheel_time_to_max
 .data.mk_wheel_max_speed
                0x00800103        0x1 .build/obj_mathkeeb_win_nordic/common/mousekey.o
                0x00800103                mk_wheel_max_speed
 .data.mk_time_to_max
                0x00800104        0x1 .build/obj_mathkeeb_win_nordic/common/mousekey.o
                0x00800104                mk_time_to_max
 .data.mk_max_speed
                0x00800105        0x1 .build/obj_mathkeeb_win_nordic/common/mousekey.o
                0x00800105                mk_max_speed
 .data.mk_interval
                0x00800106        0x1 .build/obj_mathkeeb_win_nordic/common/mousekey.o
                0x00800106                mk_interval
 .data.mk_delay
                0x00800107        0x1 .build/obj_mathkeeb_win_nordic/common/mousekey.o
                0x00800107                mk_delay
 .data.lufa_driver
                0x00800108        0xa .build/obj_mathkeeb_win_nordic/lufa.o
                0x00800108                lufa_driver
 .data.keyboard_protocol
                0x00800112        0x1 .build/obj_mathkeeb_win_nordic/lufa.o
                0x00800112                keyboard_protocol
 *(.rodata)
 *(.rodata*)
 .rodata.col_pins
                0x00800113        0x8 .build/obj_mathkeeb_win_nordic/quantum/matrix.o
 .rodata.row_pins
                0x0080011b        0x7 .build/obj_mathkeeb_win_nordic/quantum/matrix.o
 .rodata.CSWTCH.3
                0x00800122        0x4 .build/obj_mathkeeb_win_nordic/descriptor.o
 .rodata.CSWTCH.2
                0x00800126        0x8 .build/obj_mathkeeb_win_nordic/descriptor.o
 .rodata.CSWTCH.1
                0x0080012e        0x8 .build/obj_mathkeeb_win_nordic/descriptor.o
 *(.gnu.linkonce.d*)
                0x00800136                . = ALIGN (0x2)
                0x00800136                _edata = .
                0x00800136                PROVIDE (__data_end, .)

.bss            0x00800136      0x103
                0x00800136                PROVIDE (__bss_start, .)
 *(.bss)
 *(.bss*)
 .bss.scs_timer
                0x00800136        0x2 .build/obj_mathkeeb_win_nordic/quantum/quantum.o
 .bss.shift_interrupted
                0x00800138        0x2 .build/obj_mathkeeb_win_nordic/quantum/quantum.o
 .bss.leader_sequence_size
                0x0080013a        0x1 .build/obj_mathkeeb_win_nordic/quantum/process_keycode/process_leader.o
                0x0080013a                leader_sequence_size
 .bss.leader_sequence
                0x0080013b        0xa .build/obj_mathkeeb_win_nordic/quantum/process_keycode/process_leader.o
                0x0080013b                leader_sequence
 .bss.leader_time
                0x00800145        0x2 .build/obj_mathkeeb_win_nordic/quantum/process_keycode/process_leader.o
                0x00800145                leader_time
 .bss.leading   0x00800147        0x1 .build/obj_mathkeeb_win_nordic/quantum/process_keycode/process_leader.o
                0x00800147                leading
 .bss.matrix_debouncing
                0x00800148        0x7 .build/obj_mathkeeb_win_nordic/quantum/matrix.o
 .bss.matrix_raw
                0x0080014f        0x7 .build/obj_mathkeeb_win_nordic/quantum/matrix.o
 .bss.matrix    0x00800156        0x7 .build/obj_mathkeeb_win_nordic/quantum/matrix.o
 .bss.debouncing
                0x0080015d        0x1 .build/obj_mathkeeb_win_nordic/quantum/matrix.o
 .bss.debouncing_time
                0x0080015e        0x2 .build/obj_mathkeeb_win_nordic/quantum/matrix.o
 .bss.input_mode
                0x00800160        0x1 .build/obj_mathkeeb_win_nordic/quantum/process_keycode/process_unicode.o
 .bss.last_consumer_report
                0x00800161        0x2 .build/obj_mathkeeb_win_nordic/common/host.o
 .bss.last_system_report
                0x00800163        0x2 .build/obj_mathkeeb_win_nordic/common/host.o
 .bss.driver    0x00800165        0x2 .build/obj_mathkeeb_win_nordic/common/host.o
 .bss.led_status.4867
                0x00800167        0x1 .build/obj_mathkeeb_win_nordic/common/keyboard.o
 .bss.matrix_prev.4866
                0x00800168        0x7 .build/obj_mathkeeb_win_nordic/common/keyboard.o
 .bss.disable_action_cache
                0x0080016f        0x1 .build/obj_mathkeeb_win_nordic/common/action.o
                0x0080016f                disable_action_cache
 .bss.waiting_buffer_tail
                0x00800170        0x1 .build/obj_mathkeeb_win_nordic/common/action_tapping.o
 .bss.waiting_buffer_head
                0x00800171        0x1 .build/obj_mathkeeb_win_nordic/common/action_tapping.o
 .bss.waiting_buffer
                0x00800172       0x30 .build/obj_mathkeeb_win_nordic/common/action_tapping.o
 .bss.tapping_key
                0x008001a2        0x6 .build/obj_mathkeeb_win_nordic/common/action_tapping.o
 .bss.source_layers_cache
                0x008001a8       0x23 .build/obj_mathkeeb_win_nordic/common/action_layer.o
                0x008001a8                source_layers_cache
 .bss.layer_state
                0x008001cb        0x4 .build/obj_mathkeeb_win_nordic/common/action_layer.o
                0x008001cb                layer_state
 .bss.default_layer_state
                0x008001cf        0x4 .build/obj_mathkeeb_win_nordic/common/action_layer.o
                0x008001cf                default_layer_state
 .bss.oneshot_layer_data
                0x008001d3        0x1 .build/obj_mathkeeb_win_nordic/common/action_util.o
 .bss.oneshot_mods
                0x008001d4        0x1 .build/obj_mathkeeb_win_nordic/common/action_util.o
 .bss.__compound_literal.0
                0x008001d5       0x20 .build/obj_mathkeeb_win_nordic/common/action_util.o
 .bss.macro_mods
                0x008001f5        0x1 .build/obj_mathkeeb_win_nordic/common/action_util.o
 .bss.weak_mods
                0x008001f6        0x1 .build/obj_mathkeeb_win_nordic/common/action_util.o
 .bss.real_mods
                0x008001f7        0x1 .build/obj_mathkeeb_win_nordic/common/action_util.o
 .bss.debug_config
                0x008001f8        0x1 .build/obj_mathkeeb_win_nordic/common/debug.o
                0x008001f8                debug_config
 .bss.wdt_timeout
                0x008001f9        0x1 .build/obj_mathkeeb_win_nordic/common/avr/suspend.o
 .bss.last_timer
                0x008001fa        0x2 .build/obj_mathkeeb_win_nordic/common/mousekey.o
 .bss.mousekey_accel
                0x008001fc        0x1 .build/obj_mathkeeb_win_nordic/common/mousekey.o
 .bss.mousekey_repeat
                0x008001fd        0x1 .build/obj_mathkeeb_win_nordic/common/mousekey.o
 .bss.mouse_report
                0x008001fe        0x5 .build/obj_mathkeeb_win_nordic/common/mousekey.o
 .bss.keyboard_report_sent
                0x00800203       0x20 .build/obj_mathkeeb_win_nordic/lufa.o
 .bss.keyboard_led_stats
                0x00800223        0x1 .build/obj_mathkeeb_win_nordic/lufa.o
 .bss.keyboard_idle
                0x00800224        0x1 .build/obj_mathkeeb_win_nordic/lufa.o
                0x00800224                keyboard_idle
 *(COMMON)
 COMMON         0x00800225        0x1 .build/obj_mathkeeb_win_nordic/quantum/process_keycode/process_unicode.o
                0x00800225                mods
 COMMON         0x00800226        0x4 .build/obj_mathkeeb_win_nordic/common/avr/timer.o
                0x00800226                timer_count
 COMMON         0x0080022a        0x2 .build/obj_mathkeeb_win_nordic/common/bootmagic.o
                0x0080022a                keymap_config
 COMMON         0x0080022c        0x3 .build/obj_mathkeeb_win_nordic/protocol/lufa/LUFA-git/LUFA/Drivers/USB/Core/DeviceStandardReq.o
                0x0080022c                USB_Device_ConfigurationNumber
                0x0080022d                USB_Device_CurrentlySelfPowered
                0x0080022e                USB_Device_RemoteWakeupEnabled
 COMMON         0x0080022f        0xa .build/obj_mathkeeb_win_nordic/protocol/lufa/LUFA-git/LUFA/Drivers/USB/Core/USBTask.o
                0x0080022f                USB_IsInitialized
                0x00800230                USB_DeviceState
                0x00800231                USB_ControlRequest
                0x00800239                PROVIDE (__bss_end, .)
                0x0000586e                __data_load_start = LOADADDR (.data)
                0x000058a4                __data_load_end = (__data_load_start + SIZEOF (.data))

.noinit         0x00800239        0x4
                0x00800239                PROVIDE (__noinit_start, .)
 *(.noinit*)
 .noinit        0x00800239        0x4 .build/obj_mathkeeb_win_nordic/common/avr/bootloader.o
                0x00800239                reset_key
                0x0080023d                PROVIDE (__noinit_end, .)
                0x0080023d                _end = .
                0x0080023d                PROVIDE (__heap_start, .)

.eeprom         0x00810000        0x0
 *(.eeprom*)
                0x00810000                __eeprom_end = .

.fuse
 *(.fuse)
 *(.lfuse)
 *(.hfuse)
 *(.efuse)

.lock
 *(.lock*)

.signature
 *(.signature*)

.stab           0x00000000       0x24
 *(.stab)
 .stab          0x00000000       0x24 .build/obj_mathkeeb_win_nordic/common/avr/xprintf.o
                                0x8b8 (size before relaxing)

.stabstr        0x00000000       0x8c
 *(.stabstr)
 .stabstr       0x00000000       0x8c .build/obj_mathkeeb_win_nordic/common/avr/xprintf.o

.stab.excl
 *(.stab.excl)

.stab.exclstr
 *(.stab.exclstr)

.stab.index
 *(.stab.index)

.stab.indexstr
 *(.stab.indexstr)

.comment        0x00000000       0x27
 *(.comment)
 .comment       0x00000000       0x27 .build/obj_mathkeeb_win_nordic/keyboards/mathkeeb/mathkeeb.o
                                 0x28 (size before relaxing)
 .comment       0x00000000       0x28 .build/obj_mathkeeb_win_nordic/keyboards/mathkeeb/keymaps/win_nordic/keymap.o
 .comment       0x00000000       0x28 .build/obj_mathkeeb_win_nordic/quantum/quantum.o
 .comment       0x00000000       0x28 .build/obj_mathkeeb_win_nordic/quantum/keymap_common.o
 .comment       0x00000000       0x28 .build/obj_mathkeeb_win_nordic/quantum/keycode_config.o
 .comment       0x00000000       0x28 .build/obj_mathkeeb_win_nordic/quantum/process_keycode/process_leader.o
 .comment       0x00000000       0x28 .build/obj_mathkeeb_win_nordic/quantum/matrix.o
 .comment       0x00000000       0x28 .build/obj_mathkeeb_win_nordic/quantum/process_keycode/process_unicode.o
 .comment       0x00000000       0x28 .build/obj_mathkeeb_win_nordic/common/host.o
 .comment       0x00000000       0x28 .build/obj_mathkeeb_win_nordic/common/keyboard.o
 .comment       0x00000000       0x28 .build/obj_mathkeeb_win_nordic/common/action.o
 .comment       0x00000000       0x28 .build/obj_mathkeeb_win_nordic/common/action_tapping.o
 .comment       0x00000000       0x28 .build/obj_mathkeeb_win_nordic/common/action_macro.o
 .comment       0x00000000       0x28 .build/obj_mathkeeb_win_nordic/common/action_layer.o
 .comment       0x00000000       0x28 .build/obj_mathkeeb_win_nordic/common/action_util.o
 .comment       0x00000000       0x28 .build/obj_mathkeeb_win_nordic/common/print.o
 .comment       0x00000000       0x28 .build/obj_mathkeeb_win_nordic/common/debug.o
 .comment       0x00000000       0x28 .build/obj_mathkeeb_win_nordic/common/util.o
 .comment       0x00000000       0x28 .build/obj_mathkeeb_win_nordic/common/eeconfig.o
 .comment       0x00000000       0x28 .build/obj_mathkeeb_win_nordic/common/avr/suspend.o
 .comment       0x00000000       0x28 .build/obj_mathkeeb_win_nordic/common/avr/timer.o
 .comment       0x00000000       0x28 .build/obj_mathkeeb_win_nordic/common/avr/bootloader.o
 .comment       0x00000000       0x28 .build/obj_mathkeeb_win_nordic/common/bootmagic.o
 .comment       0x00000000       0x28 .build/obj_mathkeeb_win_nordic/common/mousekey.o
 .comment       0x00000000       0x28 .build/obj_mathkeeb_win_nordic/lufa.o
 .comment       0x00000000       0x28 .build/obj_mathkeeb_win_nordic/descriptor.o
 .comment       0x00000000       0x28 .build/obj_mathkeeb_win_nordic/protocol/lufa/LUFA-git/LUFA/Drivers/USB/Class/Common/HIDParser.o
 .comment       0x00000000       0x28 .build/obj_mathkeeb_win_nordic/protocol/lufa/LUFA-git/LUFA/Drivers/USB/Core/AVR8/Device_AVR8.o
 .comment       0x00000000       0x28 .build/obj_mathkeeb_win_nordic/protocol/lufa/LUFA-git/LUFA/Drivers/USB/Core/AVR8/EndpointStream_AVR8.o
 .comment       0x00000000       0x28 .build/obj_mathkeeb_win_nordic/protocol/lufa/LUFA-git/LUFA/Drivers/USB/Core/AVR8/Endpoint_AVR8.o
 .comment       0x00000000       0x28 .build/obj_mathkeeb_win_nordic/protocol/lufa/LUFA-git/LUFA/Drivers/USB/Core/AVR8/Host_AVR8.o
 .comment       0x00000000       0x28 .build/obj_mathkeeb_win_nordic/protocol/lufa/LUFA-git/LUFA/Drivers/USB/Core/AVR8/PipeStream_AVR8.o
 .comment       0x00000000       0x28 .build/obj_mathkeeb_win_nordic/protocol/lufa/LUFA-git/LUFA/Drivers/USB/Core/AVR8/Pipe_AVR8.o
 .comment       0x00000000       0x28 .build/obj_mathkeeb_win_nordic/protocol/lufa/LUFA-git/LUFA/Drivers/USB/Core/AVR8/USBController_AVR8.o
 .comment       0x00000000       0x28 .build/obj_mathkeeb_win_nordic/protocol/lufa/LUFA-git/LUFA/Drivers/USB/Core/AVR8/USBInterrupt_AVR8.o
 .comment       0x00000000       0x28 .build/obj_mathkeeb_win_nordic/protocol/lufa/LUFA-git/LUFA/Drivers/USB/Core/ConfigDescriptors.o
 .comment       0x00000000       0x28 .build/obj_mathkeeb_win_nordic/protocol/lufa/LUFA-git/LUFA/Drivers/USB/Core/DeviceStandardReq.o
 .comment       0x00000000       0x28 .build/obj_mathkeeb_win_nordic/protocol/lufa/LUFA-git/LUFA/Drivers/USB/Core/Events.o
 .comment       0x00000000       0x28 .build/obj_mathkeeb_win_nordic/protocol/lufa/LUFA-git/LUFA/Drivers/USB/Core/HostStandardReq.o
 .comment       0x00000000       0x28 .build/obj_mathkeeb_win_nordic/protocol/lufa/LUFA-git/LUFA/Drivers/USB/Core/USBTask.o

.note.gnu.build-id
 *(.note.gnu.build-id)

.debug
 *(.debug)

.line
 *(.line)

.debug_srcinfo
 *(.debug_srcinfo)

.debug_sfnames
 *(.debug_sfnames)

.debug_aranges  0x00000000      0xc88
 *(.debug_aranges)
 .debug_aranges
                0x00000000       0x18 .build/obj_mathkeeb_win_nordic/keyboards/mathkeeb/mathkeeb.o
 .debug_aranges
                0x00000018       0x40 .build/obj_mathkeeb_win_nordic/keyboards/mathkeeb/keymaps/win_nordic/keymap.o
 .debug_aranges
                0x00000058       0xe8 .build/obj_mathkeeb_win_nordic/quantum/quantum.o
 .debug_aranges
                0x00000140       0x40 .build/obj_mathkeeb_win_nordic/quantum/keymap_common.o
 .debug_aranges
                0x00000180       0x20 .build/obj_mathkeeb_win_nordic/quantum/keycode_config.o
 .debug_aranges
                0x000001a0       0x30 .build/obj_mathkeeb_win_nordic/quantum/process_keycode/process_leader.o
 .debug_aranges
                0x000001d0       0x90 .build/obj_mathkeeb_win_nordic/quantum/matrix.o
 .debug_aranges
                0x00000260       0x50 .build/obj_mathkeeb_win_nordic/quantum/process_keycode/process_unicode.o
 .debug_aranges
                0x000002b0       0x60 .build/obj_mathkeeb_win_nordic/common/host.o
 .debug_aranges
                0x00000310       0x40 .build/obj_mathkeeb_win_nordic/common/keyboard.o
 .debug_aranges
                0x00000350       0x90 .build/obj_mathkeeb_win_nordic/common/action.o
 .debug_aranges
                0x000003e0       0x40 .build/obj_mathkeeb_win_nordic/common/action_tapping.o
 .debug_aranges
                0x00000420       0x20 .build/obj_mathkeeb_win_nordic/common/action_macro.o
 .debug_aranges
                0x00000440       0xb0 .build/obj_mathkeeb_win_nordic/common/action_layer.o
 .debug_aranges
                0x000004f0      0x128 .build/obj_mathkeeb_win_nordic/common/action_util.o
 .debug_aranges
                0x00000618       0x18 .build/obj_mathkeeb_win_nordic/common/print.o
 .debug_aranges
                0x00000630       0x18 .build/obj_mathkeeb_win_nordic/common/debug.o
 .debug_aranges
                0x00000648       0x60 .build/obj_mathkeeb_win_nordic/common/util.o
 .debug_aranges
                0x000006a8       0x68 .build/obj_mathkeeb_win_nordic/common/eeconfig.o
 .debug_aranges
                0x00000710       0x50 .build/obj_mathkeeb_win_nordic/common/avr/suspend.o
 .debug_aranges
                0x00000760       0x50 .build/obj_mathkeeb_win_nordic/common/avr/timer.o
 .debug_aranges
                0x000007b0       0x28 .build/obj_mathkeeb_win_nordic/common/avr/bootloader.o
 .debug_aranges
                0x000007d8       0x30 .build/obj_mathkeeb_win_nordic/common/bootmagic.o
 .debug_aranges
                0x00000808       0x50 .build/obj_mathkeeb_win_nordic/common/mousekey.o
 .debug_aranges
                0x00000858       0x88 .build/obj_mathkeeb_win_nordic/lufa.o
 .debug_aranges
                0x000008e0       0x20 .build/obj_mathkeeb_win_nordic/descriptor.o
 .debug_aranges
                0x00000900       0x38 .build/obj_mathkeeb_win_nordic/protocol/lufa/LUFA-git/LUFA/Drivers/USB/Class/Common/HIDParser.o
 .debug_aranges
                0x00000938       0x20 .build/obj_mathkeeb_win_nordic/protocol/lufa/LUFA-git/LUFA/Drivers/USB/Core/AVR8/Device_AVR8.o
 .debug_aranges
                0x00000958       0xc8 .build/obj_mathkeeb_win_nordic/protocol/lufa/LUFA-git/LUFA/Drivers/USB/Core/AVR8/EndpointStream_AVR8.o
 .debug_aranges
                0x00000a20       0x40 .build/obj_mathkeeb_win_nordic/protocol/lufa/LUFA-git/LUFA/Drivers/USB/Core/AVR8/Endpoint_AVR8.o
 .debug_aranges
                0x00000a60       0x18 .build/obj_mathkeeb_win_nordic/protocol/lufa/LUFA-git/LUFA/Drivers/USB/Core/AVR8/Host_AVR8.o
 .debug_aranges
                0x00000a78       0x18 .build/obj_mathkeeb_win_nordic/protocol/lufa/LUFA-git/LUFA/Drivers/USB/Core/AVR8/PipeStream_AVR8.o
 .debug_aranges
                0x00000a90       0x18 .build/obj_mathkeeb_win_nordic/protocol/lufa/LUFA-git/LUFA/Drivers/USB/Core/AVR8/Pipe_AVR8.o
 .debug_aranges
                0x00000aa8       0x30 .build/obj_mathkeeb_win_nordic/protocol/lufa/LUFA-git/LUFA/Drivers/USB/Core/AVR8/USBController_AVR8.o
 .debug_aranges
                0x00000ad8       0x38 .build/obj_mathkeeb_win_nordic/protocol/lufa/LUFA-git/LUFA/Drivers/USB/Core/AVR8/USBInterrupt_AVR8.o
 .debug_aranges
                0x00000b10       0x40 .build/obj_mathkeeb_win_nordic/protocol/lufa/LUFA-git/LUFA/Drivers/USB/Core/ConfigDescriptors.o
 .debug_aranges
                0x00000b50       0x20 .build/obj_mathkeeb_win_nordic/protocol/lufa/LUFA-git/LUFA/Drivers/USB/Core/DeviceStandardReq.o
 .debug_aranges
                0x00000b70       0x20 .build/obj_mathkeeb_win_nordic/protocol/lufa/LUFA-git/LUFA/Drivers/USB/Core/Events.o
 .debug_aranges
                0x00000b90       0x18 .build/obj_mathkeeb_win_nordic/protocol/lufa/LUFA-git/LUFA/Drivers/USB/Core/HostStandardReq.o
 .debug_aranges
                0x00000ba8       0x20 .build/obj_mathkeeb_win_nordic/protocol/lufa/LUFA-git/LUFA/Drivers/USB/Core/USBTask.o
 .debug_aranges
                0x00000bc8       0x20 c:/users/james/mhv_avr/bin/../lib/gcc/avr/4.8.2/avr5\libgcc.a(_divmodhi4.o)
 .debug_aranges
                0x00000be8       0x20 c:/users/james/mhv_avr/bin/../lib/gcc/avr/4.8.2/avr5\libgcc.a(_exit.o)
 .debug_aranges
                0x00000c08       0x20 c:/users/james/mhv_avr/bin/../lib/gcc/avr/4.8.2/avr5\libgcc.a(_tablejump.o)
 .debug_aranges
                0x00000c28       0x20 c:/users/james/mhv_avr/bin/../lib/gcc/avr/4.8.2/avr5\libgcc.a(_copy_data.o)
 .debug_aranges
                0x00000c48       0x20 c:/users/james/mhv_avr/bin/../lib/gcc/avr/4.8.2/avr5\libgcc.a(_clear_bss.o)
 .debug_aranges
                0x00000c68       0x20 c:/users/james/mhv_avr/bin/../lib/gcc/avr/4.8.2/avr5\libgcc.a(_udivmodhi4.o)

.debug_pubnames
 *(.debug_pubnames)

.debug_info     0x00000000    0x12fa8
 *(.debug_info .gnu.linkonce.wi.*)
 .debug_info    0x00000000      0x9f4 c:/users/james/mhv_avr/bin/../lib/gcc/avr/4.8.2/../../../../avr/lib/avr5/crtm32u4.o
 .debug_info    0x000009f4       0x88 .build/obj_mathkeeb_win_nordic/keyboards/mathkeeb/mathkeeb.o
 .debug_info    0x00000a7c      0xaf7 .build/obj_mathkeeb_win_nordic/keyboards/mathkeeb/keymaps/win_nordic/keymap.o
 .debug_info    0x00001573     0x17cc .build/obj_mathkeeb_win_nordic/quantum/quantum.o
 .debug_info    0x00002d3f     0x11d8 .build/obj_mathkeeb_win_nordic/quantum/keymap_common.o
 .debug_info    0x00003f17      0x5ec .build/obj_mathkeeb_win_nordic/quantum/keycode_config.o
 .debug_info    0x00004503      0x5e9 .build/obj_mathkeeb_win_nordic/quantum/process_keycode/process_leader.o
 .debug_info    0x00004aec      0x6dc .build/obj_mathkeeb_win_nordic/quantum/matrix.o
 .debug_info    0x000051c8      0xf05 .build/obj_mathkeeb_win_nordic/quantum/process_keycode/process_unicode.o
 .debug_info    0x000060cd      0x4a9 .build/obj_mathkeeb_win_nordic/common/host.o
 .debug_info    0x00006576      0x435 .build/obj_mathkeeb_win_nordic/common/keyboard.o
 .debug_info    0x000069ab     0x18f1 .build/obj_mathkeeb_win_nordic/common/action.o
 .debug_info    0x0000829c      0xe7f .build/obj_mathkeeb_win_nordic/common/action_tapping.o
 .debug_info    0x0000911b      0x80c .build/obj_mathkeeb_win_nordic/common/action_macro.o
 .debug_info    0x00009927      0xab9 .build/obj_mathkeeb_win_nordic/common/action_layer.o
 .debug_info    0x0000a3e0      0x9a4 .build/obj_mathkeeb_win_nordic/common/action_util.o
 .debug_info    0x0000ad84       0x56 .build/obj_mathkeeb_win_nordic/common/print.o
 .debug_info    0x0000adda       0xfc .build/obj_mathkeeb_win_nordic/common/debug.o
 .debug_info    0x0000aed6      0x29b .build/obj_mathkeeb_win_nordic/common/util.o
 .debug_info    0x0000b171      0x3cf .build/obj_mathkeeb_win_nordic/common/eeconfig.o
 .debug_info    0x0000b540      0x2b8 .build/obj_mathkeeb_win_nordic/common/avr/suspend.o
 .debug_info    0x0000b7f8      0x389 .build/obj_mathkeeb_win_nordic/common/avr/timer.o
 .debug_info    0x0000bb81      0x18a .build/obj_mathkeeb_win_nordic/common/avr/bootloader.o
 .debug_info    0x0000bd0b      0xb74 .build/obj_mathkeeb_win_nordic/common/bootmagic.o
 .debug_info    0x0000c87f      0x63f .build/obj_mathkeeb_win_nordic/common/mousekey.o
 .debug_info    0x0000cebe     0x10bd .build/obj_mathkeeb_win_nordic/lufa.o
 .debug_info    0x0000df7b      0x7b9 .build/obj_mathkeeb_win_nordic/descriptor.o
 .debug_info    0x0000e734      0x73e .build/obj_mathkeeb_win_nordic/protocol/lufa/LUFA-git/LUFA/Drivers/USB/Class/Common/HIDParser.o
 .debug_info    0x0000ee72       0xd2 .build/obj_mathkeeb_win_nordic/protocol/lufa/LUFA-git/LUFA/Drivers/USB/Core/AVR8/Device_AVR8.o
 .debug_info    0x0000ef44     0x17b4 .build/obj_mathkeeb_win_nordic/protocol/lufa/LUFA-git/LUFA/Drivers/USB/Core/AVR8/EndpointStream_AVR8.o
 .debug_info    0x000106f8      0x614 .build/obj_mathkeeb_win_nordic/protocol/lufa/LUFA-git/LUFA/Drivers/USB/Core/AVR8/Endpoint_AVR8.o
 .debug_info    0x00010d0c       0x56 .build/obj_mathkeeb_win_nordic/protocol/lufa/LUFA-git/LUFA/Drivers/USB/Core/AVR8/Host_AVR8.o
 .debug_info    0x00010d62       0x56 .build/obj_mathkeeb_win_nordic/protocol/lufa/LUFA-git/LUFA/Drivers/USB/Core/AVR8/PipeStream_AVR8.o
 .debug_info    0x00010db8       0x56 .build/obj_mathkeeb_win_nordic/protocol/lufa/LUFA-git/LUFA/Drivers/USB/Core/AVR8/Pipe_AVR8.o
 .debug_info    0x00010e0e      0x4cb .build/obj_mathkeeb_win_nordic/protocol/lufa/LUFA-git/LUFA/Drivers/USB/Core/AVR8/USBController_AVR8.o
 .debug_info    0x000112d9      0x7c4 .build/obj_mathkeeb_win_nordic/protocol/lufa/LUFA-git/LUFA/Drivers/USB/Core/AVR8/USBInterrupt_AVR8.o
 .debug_info    0x00011a9d      0x3cd .build/obj_mathkeeb_win_nordic/protocol/lufa/LUFA-git/LUFA/Drivers/USB/Core/ConfigDescriptors.o
 .debug_info    0x00011e6a      0xa57 .build/obj_mathkeeb_win_nordic/protocol/lufa/LUFA-git/LUFA/Drivers/USB/Core/DeviceStandardReq.o
 .debug_info    0x000128c1       0x78 .build/obj_mathkeeb_win_nordic/protocol/lufa/LUFA-git/LUFA/Drivers/USB/Core/Events.o
 .debug_info    0x00012939       0x56 .build/obj_mathkeeb_win_nordic/protocol/lufa/LUFA-git/LUFA/Drivers/USB/Core/HostStandardReq.o
 .debug_info    0x0001298f      0x26b .build/obj_mathkeeb_win_nordic/protocol/lufa/LUFA-git/LUFA/Drivers/USB/Core/USBTask.o
 .debug_info    0x00012bfa       0x9d c:/users/james/mhv_avr/bin/../lib/gcc/avr/4.8.2/avr5\libgcc.a(_divmodhi4.o)
 .debug_info    0x00012c97       0x9d c:/users/james/mhv_avr/bin/../lib/gcc/avr/4.8.2/avr5\libgcc.a(_exit.o)
 .debug_info    0x00012d34       0x9d c:/users/james/mhv_avr/bin/../lib/gcc/avr/4.8.2/avr5\libgcc.a(_tablejump.o)
 .debug_info    0x00012dd1       0x9d c:/users/james/mhv_avr/bin/../lib/gcc/avr/4.8.2/avr5\libgcc.a(_copy_data.o)
 .debug_info    0x00012e6e       0x9d c:/users/james/mhv_avr/bin/../lib/gcc/avr/4.8.2/avr5\libgcc.a(_clear_bss.o)
 .debug_info    0x00012f0b       0x9d c:/users/james/mhv_avr/bin/../lib/gcc/avr/4.8.2/avr5\libgcc.a(_udivmodhi4.o)

.debug_abbrev   0x00000000     0x4c6b
 *(.debug_abbrev)
 .debug_abbrev  0x00000000      0x96a c:/users/james/mhv_avr/bin/../lib/gcc/avr/4.8.2/../../../../avr/lib/avr5/crtm32u4.o
 .debug_abbrev  0x0000096a       0x4b .build/obj_mathkeeb_win_nordic/keyboards/mathkeeb/mathkeeb.o
 .debug_abbrev  0x000009b5      0x1a7 .build/obj_mathkeeb_win_nordic/keyboards/mathkeeb/keymaps/win_nordic/keymap.o
 .debug_abbrev  0x00000b5c      0x3c2 .build/obj_mathkeeb_win_nordic/quantum/quantum.o
 .debug_abbrev  0x00000f1e      0x228 .build/obj_mathkeeb_win_nordic/quantum/keymap_common.o
 .debug_abbrev  0x00001146       0xd0 .build/obj_mathkeeb_win_nordic/quantum/keycode_config.o
 .debug_abbrev  0x00001216      0x150 .build/obj_mathkeeb_win_nordic/quantum/process_keycode/process_leader.o
 .debug_abbrev  0x00001366      0x31d .build/obj_mathkeeb_win_nordic/quantum/matrix.o
 .debug_abbrev  0x00001683      0x2b1 .build/obj_mathkeeb_win_nordic/quantum/process_keycode/process_unicode.o
 .debug_abbrev  0x00001934      0x183 .build/obj_mathkeeb_win_nordic/common/host.o
 .debug_abbrev  0x00001ab7      0x23d .build/obj_mathkeeb_win_nordic/common/keyboard.o
 .debug_abbrev  0x00001cf4      0x342 .build/obj_mathkeeb_win_nordic/common/action.o
 .debug_abbrev  0x00002036      0x2ef .build/obj_mathkeeb_win_nordic/common/action_tapping.o
 .debug_abbrev  0x00002325      0x179 .build/obj_mathkeeb_win_nordic/common/action_macro.o
 .debug_abbrev  0x0000249e      0x289 .build/obj_mathkeeb_win_nordic/common/action_layer.o
 .debug_abbrev  0x00002727      0x30e .build/obj_mathkeeb_win_nordic/common/action_util.o
 .debug_abbrev  0x00002a35       0x26 .build/obj_mathkeeb_win_nordic/common/print.o
 .debug_abbrev  0x00002a5b       0x87 .build/obj_mathkeeb_win_nordic/common/debug.o
 .debug_abbrev  0x00002ae2       0xcb .build/obj_mathkeeb_win_nordic/common/util.o
 .debug_abbrev  0x00002bad       0xef .build/obj_mathkeeb_win_nordic/common/eeconfig.o
 .debug_abbrev  0x00002c9c      0x1be .build/obj_mathkeeb_win_nordic/common/avr/suspend.o
 .debug_abbrev  0x00002e5a      0x18d .build/obj_mathkeeb_win_nordic/common/avr/timer.o
 .debug_abbrev  0x00002fe7      0x115 .build/obj_mathkeeb_win_nordic/common/avr/bootloader.o
 .debug_abbrev  0x000030fc      0x269 .build/obj_mathkeeb_win_nordic/common/bootmagic.o
 .debug_abbrev  0x00003365      0x1e9 .build/obj_mathkeeb_win_nordic/common/mousekey.o
 .debug_abbrev  0x0000354e      0x3f2 .build/obj_mathkeeb_win_nordic/lufa.o
 .debug_abbrev  0x00003940      0x177 .build/obj_mathkeeb_win_nordic/descriptor.o
 .debug_abbrev  0x00003ab7      0x21e .build/obj_mathkeeb_win_nordic/protocol/lufa/LUFA-git/LUFA/Drivers/USB/Class/Common/HIDParser.o
 .debug_abbrev  0x00003cd5       0x80 .build/obj_mathkeeb_win_nordic/protocol/lufa/LUFA-git/LUFA/Drivers/USB/Core/AVR8/Device_AVR8.o
 .debug_abbrev  0x00003d55      0x213 .build/obj_mathkeeb_win_nordic/protocol/lufa/LUFA-git/LUFA/Drivers/USB/Core/AVR8/EndpointStream_AVR8.o
 .debug_abbrev  0x00003f68      0x222 .build/obj_mathkeeb_win_nordic/protocol/lufa/LUFA-git/LUFA/Drivers/USB/Core/AVR8/Endpoint_AVR8.o
 .debug_abbrev  0x0000418a       0x26 .build/obj_mathkeeb_win_nordic/protocol/lufa/LUFA-git/LUFA/Drivers/USB/Core/AVR8/Host_AVR8.o
 .debug_abbrev  0x000041b0       0x26 .build/obj_mathkeeb_win_nordic/protocol/lufa/LUFA-git/LUFA/Drivers/USB/Core/AVR8/PipeStream_AVR8.o
 .debug_abbrev  0x000041d6       0x26 .build/obj_mathkeeb_win_nordic/protocol/lufa/LUFA-git/LUFA/Drivers/USB/Core/AVR8/Pipe_AVR8.o
 .debug_abbrev  0x000041fc      0x196 .build/obj_mathkeeb_win_nordic/protocol/lufa/LUFA-git/LUFA/Drivers/USB/Core/AVR8/USBController_AVR8.o
 .debug_abbrev  0x00004392      0x234 .build/obj_mathkeeb_win_nordic/protocol/lufa/LUFA-git/LUFA/Drivers/USB/Core/AVR8/USBInterrupt_AVR8.o
 .debug_abbrev  0x000045c6      0x183 .build/obj_mathkeeb_win_nordic/protocol/lufa/LUFA-git/LUFA/Drivers/USB/Core/ConfigDescriptors.o
 .debug_abbrev  0x00004749      0x2d8 .build/obj_mathkeeb_win_nordic/protocol/lufa/LUFA-git/LUFA/Drivers/USB/Core/DeviceStandardReq.o